******************************************************************************
               TMS320C6x Linker PC v7.4.4                      
******************************************************************************
>> Linked Tue Feb 14 15:09:10 2023

OUTPUT FILE NAME:   <dspbootloader.out>
ENTRY POINT SYMBOL: "_c_int00"  address: 0c00a840


MEMORY CONFIGURATION

         name            origin    length      used     unused   attr    fill
----------------------  --------  ---------  --------  --------  ----  --------
  BOOT                  00800000   00000400  00000200  00000200  RWIX
  VECTOR                00800400   00000400  00000200  00000200  RWIX
  BOOTLOADER            0c000000   0001a800  0000fa41  0000adbf  RWIX


SECTION ALLOCATION MAP

 output                                  attributes/
section   page    origin      length       input sections
--------  ----  ----------  ----------   ----------------
.boot      0    00800000    00000200     
                  00800000    00000200     boot.obj (.boot)

.vecs      0    00800400    00000200     
                  00800400    00000200     vecs.obj (.vecs)

.text      0    0c000000    0000b0a0     
                  0c000000    00001f20     common.obj (.text)
                  0c001f20    00000960     ddr_dsp667x.obj (.text)
                  0c002880    000007a0     pll_dsp667x.obj (.text)
                  0c003020    00000780     uart_dsp6678.obj (.text)
                  0c0037a0    00000680     bootloader.obj (.text)
                  0c003e20    00000600     common.obj (.text:retain)
                  0c004420    000005c0     rts6600_coff.lib : divd.obj (.text:__divd)
                  0c0049e0    00000560                      : _printfi.obj (.text:__getarg_diouxp)
                  0c004f40    00000560     emif_dsp667x.obj (.text)
                  0c0054a0    00000440     rts6600_coff.lib : _printfi.obj (.text:__printfi)
                  0c0058e0    00000440                      : _printfi.obj (.text:__setfield)
                  0c005d20    000003a0                      : fputs.obj (.text:_fputs)
                  0c0060c0    00000320                      : _printfi.obj (.text:__pproc_fge)
                  0c0063e0    000002c0                      : _printfi.obj (.text:__pproc_fwp)
                  0c0066a0    00000280                      : _printfi.obj (.text:_ecvt)
                  0c006920    00000280                      : _printfi.obj (.text:_fcvt)
                  0c006ba0    00000280                      : memory.obj (.text:_free)
                  0c006e20    00000260     psc_dsp667x.obj (.text)
                  0c007080    00000240     rts6600_coff.lib : imath64.obj (.text:__divull)
                  0c0072c0    00000240                      : _printfi.obj (.text:__pconv_e)
                  0c007500    00000240                      : _printfi.obj (.text:__pproc_diouxp)
                  0c007740    00000220     common.obj (.text:Core_MPAX)
                  0c007960    00000220     rts6600_coff.lib : _printfi.obj (.text:__pproc_str)
                  0c007b80    00000220                      : fputc.obj (.text:_fputc)
                  0c007da0    00000200                      : _printfi.obj (.text:__pconv_g)
                  0c007fa0    00000200                      : setvbuf.obj (.text:_setvbuf)
                  0c0081a0    000001c0                      : _printfi.obj (.text:__mcpy)
                  0c008360    000001a0                      : trgdrv.obj (.text:_HOSTrename)
                  0c008500    000001a0                      : imath40.obj (.text:__divul)
                  0c0086a0    00000180                      : memory.obj (.text:_malloc)
                  0c008820    00000140                      : _printfi.obj (.text:__pproc_fflags)
                  0c008960    00000140                      : lowlev.obj (.text:_getdevice)
                  0c008aa0    00000120                      : fclose.obj (.text:__closefile)
                  0c008bc0    00000120                      : _printfi.obj (.text:__ltostr)
                  0c008ce0    00000120                      : fseek.obj (.text:_fseek)
                  0c008e00    00000120     delay.obj (.text)
                  0c008f20    00000100     rts6600_coff.lib : trgdrv.obj (.text:_HOSTlseek)
                  0c009020    00000100                      : _io_perm.obj (.text:__wrt_ok)
                  0c009120    000000e0                      : trgdrv.obj (.text:_HOSTopen)
                  0c009200    000000e0                      : _printfi.obj (.text:__div)
                  0c0092e0    000000e0                      : divi.obj (.text:__divi)
                  0c0093c0    000000e0                      : atoi.obj (.text:_atoi)
                  0c0094a0    000000e0                      : lowlev.obj (.text:_close)
                  0c009580    000000e0                      : ltoa.obj (.text:_ltoa)
                  0c009660    000000e0                      : memset.obj (.text:_memset)
                  0c009740    000000e0                      : printf.obj (.text:_printf)
                  0c009820    000000c0                      : trgdrv.obj (.text:_HOSTread)
                  0c0098e0    000000c0                      : trgdrv.obj (.text:_HOSTunlink)
                  0c0099a0    000000c0                      : trgdrv.obj (.text:_HOSTwrite)
                  0c009a60    000000c0                      : autoinit.obj (.text:__auto_init)
                  0c009b20    000000c0                      : divu.obj (.text:__divu)
                  0c009be0    000000c0                      : fflush.obj (.text:__doflush)
                  0c009ca0    000000c0                      : exit.obj (.text:_exit)
                  0c009d60    000000a0                      : trgdrv.obj (.text:_HOSTclose)
                  0c009e00    000000a0                      : fopen.obj (.text:__cleanup)
                  0c009ea0    000000a0                      : imath40.obj (.text:__divli)
                  0c009f40    000000a0                      : _printfi.obj (.text:__ecpy)
                  0c009fe0    000000a0                      : _printfi.obj (.text:__fcpy)
                  0c00a080    000000a0                      : fixdli.obj (.text:__fixdli)
                  0c00a120    000000a0                      : _printfi.obj (.text:__pconv_f)
                  0c00a1c0    000000a0                      : remu.obj (.text:__remu)
                  0c00a260    000000a0                      : cpy_tbl.obj (.text:_copy_in)
                  0c00a300    000000a0                      : lowlev.obj (.text:_finddevice)
                  0c00a3a0    000000a0                      : lowlev.obj (.text:_lseek)
                  0c00a440    000000a0                      : memcpy64.obj (.text:_memcpy)
                  0c00a4e0    000000a0                      : memory.obj (.text:_minsert)
                  0c00a580    000000a0                      : memory.obj (.text:_mremove)
                  0c00a620    000000a0                      : lowlev.obj (.text:_write)
                  0c00a6c0    00000080                      : fixdu.obj (.text:__fixdu)
                  0c00a740    00000080                      : fltlid.obj (.text:__fltlid)
                  0c00a7c0    00000080                      : llshift.obj (.text:__llshl)
                  0c00a840    00000080                      : boot.obj (.text:_c_int00)
                  0c00a8c0    00000080                      : rand.obj (.text:_rand)
                  0c00a940    00000080                      : trgmsg.obj (.text:_readmsg)
                  0c00a9c0    00000080                      : lowlev.obj (.text:_unlink)
                  0c00aa40    00000060                      : cpp_init.obj (.text:___TI_cpp_init)
                  0c00aaa0    00000060                      : frcmpyd_div.obj (.text:__frcmpyd_div)
                  0c00ab00    00000060                      : llshift.obj (.text:__llshru)
                  0c00ab60    00000060                      : imath64.obj (.text:__subcull)
                  0c00abc0    00000060                      : memccpy.obj (.text:_memccpy)
                  0c00ac20    00000060                      : rand.obj (.text:_srand)
                  0c00ac80    00000060                      : vsprintf.obj (.text:_vsprintf)
                  0c00ace0    00000060                      : trgmsg.obj (.text:_writemsg)
                  0c00ad40    00000060     bootCfg_dsp667x.obj (.text)
                  0c00ada0    00000040     rts6600_coff.lib : isinf.obj (.text:___isinf)
                  0c00ade0    00000040                      : _printfi.obj (.text:___isnan)
                  0c00ae20    00000040                      : args_main.obj (.text:__args_main)
                  0c00ae60    00000040                      : vsprintf.obj (.text:__outs)
                  0c00aea0    00000040                      : imath40.obj (.text:__remli)
                  0c00aee0    00000040                      : strasg.obj (.text:__strasgi_64plus)
                  0c00af20    00000040                      : fputs.obj (.text:_puts)
                  0c00af60    00000040                      : strlen.obj (.text:_strlen)
                  0c00afa0    00000020                      : negll.obj (.text:__negll)
                  0c00afc0    00000020                      : _lock.obj (.text:__nop)
                  0c00afe0    00000020                      : printf.obj (.text:__outc)
                  0c00b000    00000020                      : vsprintf.obj (.text:__outc)
                  0c00b020    00000020                      : printf.obj (.text:__outs)
                  0c00b040    00000020                      : exit.obj (.text:_abort)
                  0c00b060    00000020                      : remove.obj (.text:_remove)
                  0c00b080    00000020     vecs.obj (.text)

.data      0    0c000000    00000000     UNINITIALIZED

.far       0    0c00b0a0    00001a50     UNINITIALIZED
                  0c00b0a0    00001010     uart_dsp6678.obj (.far)
                  0c00c0b0    00000400     irq_dsp667x.obj (.far)
                  0c00c4b0    00000324     rts6600_coff.lib : defs.obj (.far)
                  0c00c7d4    00000004                      : errno.obj (.far)
                  0c00c7d8    00000194     common.obj (.far)
                  0c00c96c    00000004     rts6600_coff.lib : fopen.obj (.far)
                  0c00c970    0000011c                      : lowlev.obj (.far)
                  0c00ca8c    00000004     --HOLE--
                  0c00ca90    00000014     bootloader.obj (.far)
                  0c00caa4    00000004     --HOLE--
                  0c00caa8    00000010     common.obj (.far:Core_MPAX)
                  0c00cab8    0000000c     rts6600_coff.lib : exit.obj (.far)
                  0c00cac4    00000004     --HOLE--
                  0c00cac8    00000008     cic_dsp667x.obj (.far)
                  0c00cad0    00000008     rts6600_coff.lib : _lock.obj (.far)
                  0c00cad8    00000008                      : memory.obj (.far)
                  0c00cae0    00000008                      : rand.obj (.far)
                  0c00cae8    00000008                      : trgdrv.obj (.far)

.const     0    0c00caf0    00000d2c     
                  0c00caf0    00000930     common.obj (.const:.string)
                  0c00d420    00000128     flashdrv.obj (.const:.string)
                  0c00d548    00000101     rts6600_coff.lib : ctype.obj (.const:.string:__ctypes_)
                  0c00d649    00000002                      : fputs.obj (.const:.string)
                  0c00d64b    00000001     --HOLE-- [fill = 0]
                  0c00d64c    000000d8     EMIF16_NormalTest.obj (.const:.string)
                  0c00d724    00000064     bootloader.obj (.const:.string)
                  0c00d788    00000058     progress_bar.obj (.const:.string)
                  0c00d7e0    00000023     rts6600_coff.lib : _printfi.obj (.const:.string)
                  0c00d803    00000001     --HOLE-- [fill = 0]
                  0c00d804    00000018     DDR_NormalTest.obj (.const:.string)

.stack     0    0c00d820    00000800     UNINITIALIZED
                  0c00d820    00000008     rts6600_coff.lib : boot.obj (.stack)
                  0c00d828    000007f8     --HOLE--

.cinit     0    0c00e020    0000061c     
                  0c00e020    00000464     common.obj (.cinit)
                  0c00e484    00000004     --HOLE-- [fill = 0]
                  0c00e488    0000005c     rts6600_coff.lib : defs.obj (.cinit)
                  0c00e4e4    00000004     --HOLE-- [fill = 0]
                  0c00e4e8    0000005c                      : lowlev.obj (.cinit)
                  0c00e544    00000004     --HOLE-- [fill = 0]
                  0c00e548    0000002c                      : exit.obj (.cinit)
                  0c00e574    00000004     --HOLE-- [fill = 0]
                  0c00e578    0000002c                      : memory.obj (.cinit)
                  0c00e5a4    00000004     --HOLE-- [fill = 0]
                  0c00e5a8    0000001c                      : _lock.obj (.cinit)
                  0c00e5c4    00000004     --HOLE-- [fill = 0]
                  0c00e5c8    00000010     irq_dsp667x.obj (.cinit)
                  0c00e5d8    00000010     rts6600_coff.lib : rand.obj (.cinit)
                  0c00e5e8    0000000c     pll_dsp667x.obj (.cinit)
                  0c00e5f4    00000004     --HOLE-- [fill = 0]
                  0c00e5f8    0000000c     rts6600_coff.lib : errno.obj (.cinit)
                  0c00e604    00000004     --HOLE-- [fill = 0]
                  0c00e608    0000000c                      : fopen.obj (.cinit)
                  0c00e614    00000004     --HOLE-- [fill = 0]
                  0c00e618    00000009     bootloader.obj (.cinit)
                  0c00e621    00000007     --HOLE-- [fill = 0]
                  0c00e628    00000009     emif_dsp667x.obj (.cinit)
                  0c00e631    00000007     --HOLE-- [fill = 0]
                  0c00e638    00000004     (.pad.cinit) [fill = 0]

.sysmem    0    0c00e640    00000200     UNINITIALIZED
                  0c00e640    00000008     rts6600_coff.lib : memory.obj (.sysmem)
                  0c00e648    000001f8     --HOLE--

.cio       0    0c00e840    00000120     UNINITIALIZED
                  0c00e840    00000120     rts6600_coff.lib : trgmsg.obj (.cio)

.bss       0    0c00e960    000000b9     UNINITIALIZED
                  0c00e960    000000b4     common.obj (.bss)
                  0c00ea14    00000004     pll_dsp667x.obj (.bss)
                  0c00ea18    00000001     emif_dsp667x.obj (.bss)

.switch    0    0c00ea1c    00000030     
                  0c00ea1c    00000018     emif_dsp667x.obj (.switch:_emifaInit)
                  0c00ea34    00000018     uart_dsp6678.obj (.switch:_uartCfg)

.UART_DATA_BUF 
*          0    0c00ea50    00001000     UNINITIALIZED
                  0c00ea50    00001000     uart_dsp6678.obj (.UART_DATA_BUF)


GLOBAL SYMBOLS: SORTED ALPHABETICALLY BY Name 

address    name
--------   ----
0c00e960   $bss
0c00e960   .bss
0c000000   .data
0c000000   .text
0c00b040   C$$EXIT
0c00ad38   C$$IO$$
0c001bd4   _Bus_error_handler
0c001ef0   _CInvalidCache
0c001e48   _CPU_interrupt_enable
0c001da0   _CPU_interrupt_init
0c001f08   _CWritebackCache
0c001d70   _EXC_NMI
0c001cb4   _EXC_internal
0c001d88   _EXC_swgen
0c003e20   _Exception_service_routine
0c008e58   _GetCurSysTime_D
0c009d60   _HOSTclose
0c008f20   _HOSTlseek
0c009120   _HOSTopen
0c009820   _HOSTread
0c008360   _HOSTrename
0c0098e0   _HOSTunlink
0c0099a0   _HOSTwrite
0c001cac   _KeyStone_CIC_EXC_handler
0c0019ec   _KeyStone_CIC_exception_events_mapping
0c0012ac   _KeyStone_CorePac_AID_map
0c001cb0   _KeyStone_EXC_external
0c0019f0   _KeyStone_Exception_cfg
0c001334   _KeyStone_SL2_EDC_enable
0c00170c   _KeyStone_SL2_EDC_handler
0c0013f0   _KeyStone_SL2_EDC_interrupt_en
0c0078d0   _KeyStone_XMC_MPAX_setup
0c001eb4   _KeyStone_common_CPU_init
0c001e88   _KeyStone_common_device_init
0c000e18   _KeyStone_disable_PSC_Power_Domain
0c000d68   _KeyStone_disable_PSC_module
0c000c28   _KeyStone_enable_PSC_module
0c000ff0   _L1D_memory_protection_cfg
0c001574   _L1P_EDC_setup
0c0015ec   _L1P_ED_handler
0c000f60   _L1P_memory_protection_cfg
0c000eb8   _L1_MPPA_setup
0c001084   _L1_cache_protection
0c00ea00   _LL2_EDC_DMA_err_str
0c00ea04   _LL2_EDC_L1D_err_str
0c00ea08   _LL2_EDC_L1P_err_str
0c0015d8   _LL2_EDC_handler
0c0014b8   _LL2_EDC_scrub
0c001444   _LL2_EDC_setup
0c00e9fc   _LL2_EDC_victim_err_str
0c001094   _LL2_MPPA_setup
0c001130   _LL2_Memory_Protection_cfg
0c0041d0   _Nested_Exception_service_routine
0c007008   _PowerUpDomains
0c000b90   _Reset_Timer
0c000be4   _Service_Watchdog
0c000a4c   _TSC_delay_ms
0c000aec   _TSC_delay_us
0c000a38   _TSC_init
0c00e840   __CIOBUF_
0c00e020   __STACK_END
00000800   __STACK_SIZE
00000200   __SYSMEM_SIZE
00000001   __TI_args_main
0c00aa40   ___TI_cpp_init
0c00cac0   ___TI_enable_exit_profile_output
ffffffff   ___TI_pprof_out_hndl
ffffffff   ___TI_prof_data_size
ffffffff   ___TI_prof_data_start
ffffffff   ___binit__
0c00e960   ___bss__
ffffffff   ___c_args__
0c00e020   ___cinit__
0c000000   ___data__
0c000000   ___edata__
0c00ea19   ___end__
0c00b0a0   ___etext__
0c00ada0   ___isinf
ffffffff   ___pinit__
0c000000   ___text__
0c00ae20   __args_main
0c009a60   __auto_init
0c0092e0   __c6xabi_divi
0c009b20   __c6xabi_divu
0c00a1c0   __c6xabi_remu
0c00aee0   __c6xabi_strasgi_64plus
0c009e00   __cleanup
0c00cab8   __cleanup_ptr
0c008aa0   __closefile
0c00d548   __ctypes_
0c004420   __divd
0c0092e0   __divi
0c009ea0   __divli
0c009b20   __divu
0c008500   __divul
0c007080   __divull
0c009be0   __doflush
0c00cabc   __dtors_ptr
0c00a080   __fixdli
0c00a6c0   __fixdu
0c00a740   __fltlid
0c00aaa0   __frcmpyd_div
0c00c7d0   __ft_end
0c00c4b0   __ftable
0c00a7c0   __llshl
0c00ab00   __llshru
0c00cad0   __lock
0c00afa0   __negll
0c00afc0   __nop
0c0054a0   __printfi
0c00aea0   __remli
0c00a1c0   __remu
0c00d820   __stack
0c00aee0   __strasgi_64plus
0c00ab60   __subcull
0c00e640   __sys_memory
0c00c690   __tmpnams
0c00cad4   __unlock
0c009020   __wrt_ok
0c00b040   _abort
0c0093c0   _atoi
00800000   _boot
0c003928   _bootCore
0c0037c4   _bootLoaderInit
0c003800   _bootLoaderJump
0c0039d4   _bootLoaderJump2
0c00c928   _boot_mode_str
0c00c8c0   _bus_err_stat_str
0c00a840   _c_int00
0c0009d4   _calc_cycle_measure_overhead
0c0094a0   _close
00800100   _copy_code
0c00a260   _copy_in
0c006f50   _corePacPowerPown
0c006f64   _corePacPowerUp
0c00e9f4   _cycle_measure_overhead
0c0025a4   _ddrInit
0c008ec4   _delay
0c008ee8   _delay_ms
0c00c908   _device_type_str
0c00ad80   _dsp667x_bootCfgLock
0c00ad88   _dsp667x_bootCfgUnLock
0c002840   _dsp667x_ddrInit
0c005348   _dsp667x_emifInit
0c002c34   _dsp667x_pllInit
0c003dc4   _dspFlashReadBoot
0c0033d0   _dspUartClose
0c0035a0   _dspUartIsr
0c003264   _dspUartOpen
0c003334   _dspUartRece
0c00328c   _dspUartSend
0c004f40   _emifInit
0c004f44   _emifaInit
0c00c920   _endian_str
0c00c7d4   _errno
0c00c834   _exception_record
0c009ca0   _exit
0c003234   _fifoCheck
0c003020   _fifoOpen
0c003150   _fifoRead
0c003070   _fifoWrite
0c007b80   _fputc
0c005d20   _fputs
0c006ba0   _free
0c008ce0   _fseek
0c00c8a0   _gCIC_EXC_EN_MASK
0c00ea10   _gCIC_EXC_out_num
0c00ea14   _gDSP_Core_Speed_Hz
0c00cac8   _g_cicIsrTable
0c00c0b0   _g_eventIsrTableC
0c002c48   _getcore_clk
0c00e968   _gpBootCfgRegs
0c00e964   _gpCGEM_regs
0c00e97c   _gpCIC0_regs
0c00e980   _gpCIC1_regs
0c00e984   _gpCIC_regs
0c00e9f0   _gpDDR_regs
0c00e988   _gpEDMA_CC0_regs
0c00e98c   _gpEDMA_CC1_regs
0c00e990   _gpEDMA_CC2_regs
0c00c7d8   _gpEDMA_CC_regs
0c00e994   _gpEDMA_TC_0_0_regs
0c00e998   _gpEDMA_TC_0_1_regs
0c00e99c   _gpEDMA_TC_1_0_regs
0c00e9a0   _gpEDMA_TC_1_1_regs
0c00e9a4   _gpEDMA_TC_1_2_regs
0c00e9a8   _gpEDMA_TC_1_3_regs
0c00e9ac   _gpEDMA_TC_2_0_regs
0c00e9b0   _gpEDMA_TC_2_1_regs
0c00e9b4   _gpEDMA_TC_2_2_regs
0c00e9b8   _gpEDMA_TC_2_3_regs
0c00c7e8   _gpEDMA_TC_regs
0c00e978   _gpGPIO_regs
0c00e9e0   _gpMPU0_regs
0c00e9e4   _gpMPU1_regs
0c00e9e8   _gpMPU2_regs
0c00e9ec   _gpMPU3_regs
0c00e974   _gpMSMC_regs
0c00e96c   _gpPLLC_regs
0c00e970   _gpPSC_regs
0c00e9bc   _gpTimer0Regs
0c00e9c0   _gpTimer1Regs
0c00e9c4   _gpTimer2Regs
0c00e9c8   _gpTimer3Regs
0c00e9cc   _gpTimer4Regs
0c00e9d0   _gpTimer5Regs
0c00e9d4   _gpTimer6Regs
0c00e9d8   _gpTimer7Regs
0c00e9dc   _gpTimer8Regs
0c00c810   _gpTimerRegs
0c00e960   _gpXMC_regs
0c00ea0c   _guwIntcCICExcEvtIdx
0c00c948   _input_clk_str
0c00c8e0   _internal_exception_str
0c007740   _lock_mem_prot_regs
0c00a3a0   _lseek
0c009580   _ltoa
0c003ca4   _main
0c0086a0   _malloc
0c00caa8   _mem_prot_key
0c00abc0   _memccpy
0c00a440   _memcpy
0c009660   _memset
0c00ca90   _pbuf
0c0024ec   _platform_delaycycles
0c009740   _printf
0c006fb8   _pscClockDomainUp
0c007004   _pscLocalReset
0c006f74   _pscPowerDomainUp
0c007b80   _putc
0c00af20   _puts
0c00a8c0   _rand
0c00a940   _readmsg
0c00b060   _remove
0c00c0a0   _s_fifo8
0c007fa0   _setvbuf
0c0038e8   _short2word
0c00ac20   _srand
0c00af60   _strlen
0c003b8c   _test_ddr
0c00366c   _uartRead
0c003640   _uartWrite
0c003708   _uartprintf
0c00e9f8   _uiLL2_scrub_addr
0c00a9c0   _unlink
0c007808   _unlock_mem_prot_regs
00800420   _vector1
00800540   _vector10
00800560   _vector11
00800580   _vector12
008005a0   _vector13
008005c0   _vector14
008005e0   _vector15
00800440   _vector2
00800460   _vector3
00800480   _vector4
008004a0   _vector5
008004c0   _vector6
008004e0   _vector7
00800500   _vector8
00800520   _vector9
00800400   _vectors
0c00ac80   _vsprintf
0c00a620   _write
0c00ace0   _writemsg
ffffffff   binit
0c00e020   cinit
0c000000   edata
0c00ea19   end
0c00b0a0   etext
ffffffff   pinit


GLOBAL SYMBOLS: SORTED BY Symbol Address 

address    name
--------   ----
00000001   __TI_args_main
00000200   __SYSMEM_SIZE
00000800   __STACK_SIZE
00800000   _boot
00800100   _copy_code
00800400   _vectors
00800420   _vector1
00800440   _vector2
00800460   _vector3
00800480   _vector4
008004a0   _vector5
008004c0   _vector6
008004e0   _vector7
00800500   _vector8
00800520   _vector9
00800540   _vector10
00800560   _vector11
00800580   _vector12
008005a0   _vector13
008005c0   _vector14
008005e0   _vector15
0c000000   .data
0c000000   .text
0c000000   ___data__
0c000000   ___edata__
0c000000   ___text__
0c000000   edata
0c0009d4   _calc_cycle_measure_overhead
0c000a38   _TSC_init
0c000a4c   _TSC_delay_ms
0c000aec   _TSC_delay_us
0c000b90   _Reset_Timer
0c000be4   _Service_Watchdog
0c000c28   _KeyStone_enable_PSC_module
0c000d68   _KeyStone_disable_PSC_module
0c000e18   _KeyStone_disable_PSC_Power_Domain
0c000eb8   _L1_MPPA_setup
0c000f60   _L1P_memory_protection_cfg
0c000ff0   _L1D_memory_protection_cfg
0c001084   _L1_cache_protection
0c001094   _LL2_MPPA_setup
0c001130   _LL2_Memory_Protection_cfg
0c0012ac   _KeyStone_CorePac_AID_map
0c001334   _KeyStone_SL2_EDC_enable
0c0013f0   _KeyStone_SL2_EDC_interrupt_en
0c001444   _LL2_EDC_setup
0c0014b8   _LL2_EDC_scrub
0c001574   _L1P_EDC_setup
0c0015d8   _LL2_EDC_handler
0c0015ec   _L1P_ED_handler
0c00170c   _KeyStone_SL2_EDC_handler
0c0019ec   _KeyStone_CIC_exception_events_mapping
0c0019f0   _KeyStone_Exception_cfg
0c001bd4   _Bus_error_handler
0c001cac   _KeyStone_CIC_EXC_handler
0c001cb0   _KeyStone_EXC_external
0c001cb4   _EXC_internal
0c001d70   _EXC_NMI
0c001d88   _EXC_swgen
0c001da0   _CPU_interrupt_init
0c001e48   _CPU_interrupt_enable
0c001e88   _KeyStone_common_device_init
0c001eb4   _KeyStone_common_CPU_init
0c001ef0   _CInvalidCache
0c001f08   _CWritebackCache
0c0024ec   _platform_delaycycles
0c0025a4   _ddrInit
0c002840   _dsp667x_ddrInit
0c002c34   _dsp667x_pllInit
0c002c48   _getcore_clk
0c003020   _fifoOpen
0c003070   _fifoWrite
0c003150   _fifoRead
0c003234   _fifoCheck
0c003264   _dspUartOpen
0c00328c   _dspUartSend
0c003334   _dspUartRece
0c0033d0   _dspUartClose
0c0035a0   _dspUartIsr
0c003640   _uartWrite
0c00366c   _uartRead
0c003708   _uartprintf
0c0037c4   _bootLoaderInit
0c003800   _bootLoaderJump
0c0038e8   _short2word
0c003928   _bootCore
0c0039d4   _bootLoaderJump2
0c003b8c   _test_ddr
0c003ca4   _main
0c003dc4   _dspFlashReadBoot
0c003e20   _Exception_service_routine
0c0041d0   _Nested_Exception_service_routine
0c004420   __divd
0c004f40   _emifInit
0c004f44   _emifaInit
0c005348   _dsp667x_emifInit
0c0054a0   __printfi
0c005d20   _fputs
0c006ba0   _free
0c006f50   _corePacPowerPown
0c006f64   _corePacPowerUp
0c006f74   _pscPowerDomainUp
0c006fb8   _pscClockDomainUp
0c007004   _pscLocalReset
0c007008   _PowerUpDomains
0c007080   __divull
0c007740   _lock_mem_prot_regs
0c007808   _unlock_mem_prot_regs
0c0078d0   _KeyStone_XMC_MPAX_setup
0c007b80   _fputc
0c007b80   _putc
0c007fa0   _setvbuf
0c008360   _HOSTrename
0c008500   __divul
0c0086a0   _malloc
0c008aa0   __closefile
0c008ce0   _fseek
0c008e58   _GetCurSysTime_D
0c008ec4   _delay
0c008ee8   _delay_ms
0c008f20   _HOSTlseek
0c009020   __wrt_ok
0c009120   _HOSTopen
0c0092e0   __c6xabi_divi
0c0092e0   __divi
0c0093c0   _atoi
0c0094a0   _close
0c009580   _ltoa
0c009660   _memset
0c009740   _printf
0c009820   _HOSTread
0c0098e0   _HOSTunlink
0c0099a0   _HOSTwrite
0c009a60   __auto_init
0c009b20   __c6xabi_divu
0c009b20   __divu
0c009be0   __doflush
0c009ca0   _exit
0c009d60   _HOSTclose
0c009e00   __cleanup
0c009ea0   __divli
0c00a080   __fixdli
0c00a1c0   __c6xabi_remu
0c00a1c0   __remu
0c00a260   _copy_in
0c00a3a0   _lseek
0c00a440   _memcpy
0c00a620   _write
0c00a6c0   __fixdu
0c00a740   __fltlid
0c00a7c0   __llshl
0c00a840   _c_int00
0c00a8c0   _rand
0c00a940   _readmsg
0c00a9c0   _unlink
0c00aa40   ___TI_cpp_init
0c00aaa0   __frcmpyd_div
0c00ab00   __llshru
0c00ab60   __subcull
0c00abc0   _memccpy
0c00ac20   _srand
0c00ac80   _vsprintf
0c00ace0   _writemsg
0c00ad38   C$$IO$$
0c00ad80   _dsp667x_bootCfgLock
0c00ad88   _dsp667x_bootCfgUnLock
0c00ada0   ___isinf
0c00ae20   __args_main
0c00aea0   __remli
0c00aee0   __c6xabi_strasgi_64plus
0c00aee0   __strasgi_64plus
0c00af20   _puts
0c00af60   _strlen
0c00afa0   __negll
0c00afc0   __nop
0c00b040   C$$EXIT
0c00b040   _abort
0c00b060   _remove
0c00b0a0   ___etext__
0c00b0a0   etext
0c00c0a0   _s_fifo8
0c00c0b0   _g_eventIsrTableC
0c00c4b0   __ftable
0c00c690   __tmpnams
0c00c7d0   __ft_end
0c00c7d4   _errno
0c00c7d8   _gpEDMA_CC_regs
0c00c7e8   _gpEDMA_TC_regs
0c00c810   _gpTimerRegs
0c00c834   _exception_record
0c00c8a0   _gCIC_EXC_EN_MASK
0c00c8c0   _bus_err_stat_str
0c00c8e0   _internal_exception_str
0c00c908   _device_type_str
0c00c920   _endian_str
0c00c928   _boot_mode_str
0c00c948   _input_clk_str
0c00ca90   _pbuf
0c00caa8   _mem_prot_key
0c00cab8   __cleanup_ptr
0c00cabc   __dtors_ptr
0c00cac0   ___TI_enable_exit_profile_output
0c00cac8   _g_cicIsrTable
0c00cad0   __lock
0c00cad4   __unlock
0c00d548   __ctypes_
0c00d820   __stack
0c00e020   __STACK_END
0c00e020   ___cinit__
0c00e020   cinit
0c00e640   __sys_memory
0c00e840   __CIOBUF_
0c00e960   $bss
0c00e960   .bss
0c00e960   ___bss__
0c00e960   _gpXMC_regs
0c00e964   _gpCGEM_regs
0c00e968   _gpBootCfgRegs
0c00e96c   _gpPLLC_regs
0c00e970   _gpPSC_regs
0c00e974   _gpMSMC_regs
0c00e978   _gpGPIO_regs
0c00e97c   _gpCIC0_regs
0c00e980   _gpCIC1_regs
0c00e984   _gpCIC_regs
0c00e988   _gpEDMA_CC0_regs
0c00e98c   _gpEDMA_CC1_regs
0c00e990   _gpEDMA_CC2_regs
0c00e994   _gpEDMA_TC_0_0_regs
0c00e998   _gpEDMA_TC_0_1_regs
0c00e99c   _gpEDMA_TC_1_0_regs
0c00e9a0   _gpEDMA_TC_1_1_regs
0c00e9a4   _gpEDMA_TC_1_2_regs
0c00e9a8   _gpEDMA_TC_1_3_regs
0c00e9ac   _gpEDMA_TC_2_0_regs
0c00e9b0   _gpEDMA_TC_2_1_regs
0c00e9b4   _gpEDMA_TC_2_2_regs
0c00e9b8   _gpEDMA_TC_2_3_regs
0c00e9bc   _gpTimer0Regs
0c00e9c0   _gpTimer1Regs
0c00e9c4   _gpTimer2Regs
0c00e9c8   _gpTimer3Regs
0c00e9cc   _gpTimer4Regs
0c00e9d0   _gpTimer5Regs
0c00e9d4   _gpTimer6Regs
0c00e9d8   _gpTimer7Regs
0c00e9dc   _gpTimer8Regs
0c00e9e0   _gpMPU0_regs
0c00e9e4   _gpMPU1_regs
0c00e9e8   _gpMPU2_regs
0c00e9ec   _gpMPU3_regs
0c00e9f0   _gpDDR_regs
0c00e9f4   _cycle_measure_overhead
0c00e9f8   _uiLL2_scrub_addr
0c00e9fc   _LL2_EDC_victim_err_str
0c00ea00   _LL2_EDC_DMA_err_str
0c00ea04   _LL2_EDC_L1D_err_str
0c00ea08   _LL2_EDC_L1P_err_str
0c00ea0c   _guwIntcCICExcEvtIdx
0c00ea10   _gCIC_EXC_out_num
0c00ea14   _gDSP_Core_Speed_Hz
0c00ea19   ___end__
0c00ea19   end
ffffffff   ___TI_pprof_out_hndl
ffffffff   ___TI_prof_data_size
ffffffff   ___TI_prof_data_start
ffffffff   ___binit__
ffffffff   ___c_args__
ffffffff   ___pinit__
ffffffff   binit
ffffffff   pinit

[271 symbols]
