<?xml version="1.0"?>
<link_info>
   <banner>TMS320C6x Linker PC v7.4.4</banner>
   <copyright>Copyright (c) 1996-2013 Texas Instruments Incorporated</copyright>
   <link_time>0x63da0a74</link_time>
   <output_file>BurnCoreToFlash.out</output_file>
   <entry_point>
      <name>_c_int00</name>
      <address>0x8525c0</address>
   </entry_point>
   <input_file_list>
      <input_file id="fl-2">
         <path>.\</path>
         <kind>object</kind>
         <file>progress_bar.obj</file>
         <name>progress_bar.obj</name>
      </input_file>
      <input_file id="fl-3">
         <path>.\</path>
         <kind>object</kind>
         <file>main.obj</file>
         <name>main.obj</name>
      </input_file>
      <input_file id="fl-4">
         <path>.\</path>
         <kind>object</kind>
         <file>flash.obj</file>
         <name>flash.obj</name>
      </input_file>
      <input_file id="fl-5">
         <path>.\</path>
         <kind>object</kind>
         <file>emif.obj</file>
         <name>emif.obj</name>
      </input_file>
      <input_file id="fl-6">
         <path>.\</path>
         <kind>object</kind>
         <file>csl_pllcGetBaseAddress.obj</file>
         <name>csl_pllcGetBaseAddress.obj</name>
      </input_file>
      <input_file id="fl-7">
         <path>.\</path>
         <kind>object</kind>
         <file>PLL.obj</file>
         <name>PLL.obj</name>
      </input_file>
      <input_file id="fl-82">
         <path>C:\ti\ccsv5\tools\compiler\c6000_7.4.4\lib\</path>
         <kind>archive</kind>
         <file>rts6600_elf.lib</file>
         <name>boot.obj</name>
      </input_file>
      <input_file id="fl-83">
         <path>C:\ti\ccsv5\tools\compiler\c6000_7.4.4\lib\</path>
         <kind>archive</kind>
         <file>rts6600_elf.lib</file>
         <name>copy_decompress_none.obj</name>
      </input_file>
      <input_file id="fl-84">
         <path>C:\ti\ccsv5\tools\compiler\c6000_7.4.4\lib\</path>
         <kind>archive</kind>
         <file>rts6600_elf.lib</file>
         <name>copy_decompress_rle.obj</name>
      </input_file>
      <input_file id="fl-85">
         <path>C:\ti\ccsv5\tools\compiler\c6000_7.4.4\lib\</path>
         <kind>archive</kind>
         <file>rts6600_elf.lib</file>
         <name>copy_zero_init.obj</name>
      </input_file>
      <input_file id="fl-86">
         <path>C:\ti\ccsv5\tools\compiler\c6000_7.4.4\lib\</path>
         <kind>archive</kind>
         <file>rts6600_elf.lib</file>
         <name>defs.obj</name>
      </input_file>
      <input_file id="fl-87">
         <path>C:\ti\ccsv5\tools\compiler\c6000_7.4.4\lib\</path>
         <kind>archive</kind>
         <file>rts6600_elf.lib</file>
         <name>divi.obj</name>
      </input_file>
      <input_file id="fl-88">
         <path>C:\ti\ccsv5\tools\compiler\c6000_7.4.4\lib\</path>
         <kind>archive</kind>
         <file>rts6600_elf.lib</file>
         <name>divu.obj</name>
      </input_file>
      <input_file id="fl-89">
         <path>C:\ti\ccsv5\tools\compiler\c6000_7.4.4\lib\</path>
         <kind>archive</kind>
         <file>rts6600_elf.lib</file>
         <name>exit.obj</name>
      </input_file>
      <input_file id="fl-8a">
         <path>C:\ti\ccsv5\tools\compiler\c6000_7.4.4\lib\</path>
         <kind>archive</kind>
         <file>rts6600_elf.lib</file>
         <name>fclose.obj</name>
      </input_file>
      <input_file id="fl-8b">
         <path>C:\ti\ccsv5\tools\compiler\c6000_7.4.4\lib\</path>
         <kind>archive</kind>
         <file>rts6600_elf.lib</file>
         <name>fflush.obj</name>
      </input_file>
      <input_file id="fl-8c">
         <path>C:\ti\ccsv5\tools\compiler\c6000_7.4.4\lib\</path>
         <kind>archive</kind>
         <file>rts6600_elf.lib</file>
         <name>fopen.obj</name>
      </input_file>
      <input_file id="fl-8d">
         <path>C:\ti\ccsv5\tools\compiler\c6000_7.4.4\lib\</path>
         <kind>archive</kind>
         <file>rts6600_elf.lib</file>
         <name>fread.obj</name>
      </input_file>
      <input_file id="fl-8e">
         <path>C:\ti\ccsv5\tools\compiler\c6000_7.4.4\lib\</path>
         <kind>archive</kind>
         <file>rts6600_elf.lib</file>
         <name>fseek.obj</name>
      </input_file>
      <input_file id="fl-8f">
         <path>C:\ti\ccsv5\tools\compiler\c6000_7.4.4\lib\</path>
         <kind>archive</kind>
         <file>rts6600_elf.lib</file>
         <name>ftell.obj</name>
      </input_file>
      <input_file id="fl-90">
         <path>C:\ti\ccsv5\tools\compiler\c6000_7.4.4\lib\</path>
         <kind>archive</kind>
         <file>rts6600_elf.lib</file>
         <name>lowlev.obj</name>
      </input_file>
      <input_file id="fl-91">
         <path>C:\ti\ccsv5\tools\compiler\c6000_7.4.4\lib\</path>
         <kind>archive</kind>
         <file>rts6600_elf.lib</file>
         <name>memcpy64.obj</name>
      </input_file>
      <input_file id="fl-92">
         <path>C:\ti\ccsv5\tools\compiler\c6000_7.4.4\lib\</path>
         <kind>archive</kind>
         <file>rts6600_elf.lib</file>
         <name>memory.obj</name>
      </input_file>
      <input_file id="fl-93">
         <path>C:\ti\ccsv5\tools\compiler\c6000_7.4.4\lib\</path>
         <kind>archive</kind>
         <file>rts6600_elf.lib</file>
         <name>memset.obj</name>
      </input_file>
      <input_file id="fl-94">
         <path>C:\ti\ccsv5\tools\compiler\c6000_7.4.4\lib\</path>
         <kind>archive</kind>
         <file>rts6600_elf.lib</file>
         <name>printf.obj</name>
      </input_file>
      <input_file id="fl-95">
         <path>C:\ti\ccsv5\tools\compiler\c6000_7.4.4\lib\</path>
         <kind>archive</kind>
         <file>rts6600_elf.lib</file>
         <name>remove.obj</name>
      </input_file>
      <input_file id="fl-96">
         <path>C:\ti\ccsv5\tools\compiler\c6000_7.4.4\lib\</path>
         <kind>archive</kind>
         <file>rts6600_elf.lib</file>
         <name>trgdrv.obj</name>
      </input_file>
      <input_file id="fl-97">
         <path>C:\ti\ccsv5\tools\compiler\c6000_7.4.4\lib\</path>
         <kind>archive</kind>
         <file>rts6600_elf.lib</file>
         <name>trgmsg.obj</name>
      </input_file>
      <input_file id="fl-98">
         <path>C:\ti\ccsv5\tools\compiler\c6000_7.4.4\lib\</path>
         <kind>archive</kind>
         <file>rts6600_elf.lib</file>
         <name>_bufread.obj</name>
      </input_file>
      <input_file id="fl-99">
         <path>C:\ti\ccsv5\tools\compiler\c6000_7.4.4\lib\</path>
         <kind>archive</kind>
         <file>rts6600_elf.lib</file>
         <name>_io_perm.obj</name>
      </input_file>
      <input_file id="fl-9a">
         <path>C:\ti\ccsv5\tools\compiler\c6000_7.4.4\lib\</path>
         <kind>archive</kind>
         <file>rts6600_elf.lib</file>
         <name>_lock.obj</name>
      </input_file>
      <input_file id="fl-9b">
         <path>C:\ti\ccsv5\tools\compiler\c6000_7.4.4\lib\</path>
         <kind>archive</kind>
         <file>rts6600_elf.lib</file>
         <name>_printfi.obj</name>
      </input_file>
      <input_file id="fl-9c">
         <path>C:\ti\ccsv5\tools\compiler\c6000_7.4.4\lib\</path>
         <kind>archive</kind>
         <file>rts6600_elf.lib</file>
         <name>args_main.obj</name>
      </input_file>
      <input_file id="fl-9d">
         <path>C:\ti\ccsv5\tools\compiler\c6000_7.4.4\lib\</path>
         <kind>archive</kind>
         <file>rts6600_elf.lib</file>
         <name>atoi.obj</name>
      </input_file>
      <input_file id="fl-9e">
         <path>C:\ti\ccsv5\tools\compiler\c6000_7.4.4\lib\</path>
         <kind>archive</kind>
         <file>rts6600_elf.lib</file>
         <name>autoinit.obj</name>
      </input_file>
      <input_file id="fl-9f">
         <path>C:\ti\ccsv5\tools\compiler\c6000_7.4.4\lib\</path>
         <kind>archive</kind>
         <file>rts6600_elf.lib</file>
         <name>cpp_init.obj</name>
      </input_file>
      <input_file id="fl-a0">
         <path>C:\ti\ccsv5\tools\compiler\c6000_7.4.4\lib\</path>
         <kind>archive</kind>
         <file>rts6600_elf.lib</file>
         <name>cpy_tbl.obj</name>
      </input_file>
      <input_file id="fl-a1">
         <path>C:\ti\ccsv5\tools\compiler\c6000_7.4.4\lib\</path>
         <kind>archive</kind>
         <file>rts6600_elf.lib</file>
         <name>ctype.obj</name>
      </input_file>
      <input_file id="fl-a2">
         <path>C:\ti\ccsv5\tools\compiler\c6000_7.4.4\lib\</path>
         <kind>archive</kind>
         <file>rts6600_elf.lib</file>
         <name>divd.obj</name>
      </input_file>
      <input_file id="fl-a3">
         <path>C:\ti\ccsv5\tools\compiler\c6000_7.4.4\lib\</path>
         <kind>archive</kind>
         <file>rts6600_elf.lib</file>
         <name>errno.obj</name>
      </input_file>
      <input_file id="fl-a4">
         <path>C:\ti\ccsv5\tools\compiler\c6000_7.4.4\lib\</path>
         <kind>archive</kind>
         <file>rts6600_elf.lib</file>
         <name>fputc.obj</name>
      </input_file>
      <input_file id="fl-a5">
         <path>C:\ti\ccsv5\tools\compiler\c6000_7.4.4\lib\</path>
         <kind>archive</kind>
         <file>rts6600_elf.lib</file>
         <name>fputs.obj</name>
      </input_file>
      <input_file id="fl-a6">
         <path>C:\ti\ccsv5\tools\compiler\c6000_7.4.4\lib\</path>
         <kind>archive</kind>
         <file>rts6600_elf.lib</file>
         <name>frcmpyd_div.obj</name>
      </input_file>
      <input_file id="fl-a7">
         <path>C:\ti\ccsv5\tools\compiler\c6000_7.4.4\lib\</path>
         <kind>archive</kind>
         <file>rts6600_elf.lib</file>
         <name>imath40.obj</name>
      </input_file>
      <input_file id="fl-a8">
         <path>C:\ti\ccsv5\tools\compiler\c6000_7.4.4\lib\</path>
         <kind>archive</kind>
         <file>rts6600_elf.lib</file>
         <name>imath64.obj</name>
      </input_file>
      <input_file id="fl-a9">
         <path>C:\ti\ccsv5\tools\compiler\c6000_7.4.4\lib\</path>
         <kind>archive</kind>
         <file>rts6600_elf.lib</file>
         <name>isinf.obj</name>
      </input_file>
      <input_file id="fl-aa">
         <path>C:\ti\ccsv5\tools\compiler\c6000_7.4.4\lib\</path>
         <kind>archive</kind>
         <file>rts6600_elf.lib</file>
         <name>llshift.obj</name>
      </input_file>
      <input_file id="fl-ab">
         <path>C:\ti\ccsv5\tools\compiler\c6000_7.4.4\lib\</path>
         <kind>archive</kind>
         <file>rts6600_elf.lib</file>
         <name>ltoa.obj</name>
      </input_file>
      <input_file id="fl-ac">
         <path>C:\ti\ccsv5\tools\compiler\c6000_7.4.4\lib\</path>
         <kind>archive</kind>
         <file>rts6600_elf.lib</file>
         <name>memccpy.obj</name>
      </input_file>
      <input_file id="fl-ad">
         <path>C:\ti\ccsv5\tools\compiler\c6000_7.4.4\lib\</path>
         <kind>archive</kind>
         <file>rts6600_elf.lib</file>
         <name>negll.obj</name>
      </input_file>
      <input_file id="fl-ae">
         <path>C:\ti\ccsv5\tools\compiler\c6000_7.4.4\lib\</path>
         <kind>archive</kind>
         <file>rts6600_elf.lib</file>
         <name>setvbuf.obj</name>
      </input_file>
      <input_file id="fl-af">
         <path>C:\ti\ccsv5\tools\compiler\c6000_7.4.4\lib\</path>
         <kind>archive</kind>
         <file>rts6600_elf.lib</file>
         <name>tls.obj</name>
      </input_file>
      <input_file id="fl-b0">
         <path>C:\ti\ccsv5\tools\compiler\c6000_7.4.4\lib\</path>
         <kind>archive</kind>
         <file>rts6600_elf.lib</file>
         <name>tls_get_tp.obj</name>
      </input_file>
      <input_file id="fl-b1">
         <path>C:\ti\ccsv5\tools\compiler\c6000_7.4.4\lib\</path>
         <kind>archive</kind>
         <file>rts6600_elf.lib</file>
         <name>abs.obj</name>
      </input_file>
   </input_file_list>
   <object_component_list>
      <object_component id="oc-b5">
         <name>.text</name>
         <load_address>0x84b000</load_address>
         <run_address>0x84b000</run_address>
         <size>0x5e0</size>
         <input_file_ref idref="fl-4"/>
      </object_component>
      <object_component id="oc-2b9">
         <name>.text:__c6xabi_divd</name>
         <load_address>0x84b5e0</load_address>
         <run_address>0x84b5e0</run_address>
         <size>0x5c0</size>
         <input_file_ref idref="fl-a2"/>
      </object_component>
      <object_component id="oc-25f">
         <name>.text:_getarg_diouxp</name>
         <load_address>0x84bba0</load_address>
         <run_address>0x84bba0</run_address>
         <size>0x5c0</size>
         <input_file_ref idref="fl-9b"/>
      </object_component>
      <object_component id="oc-f8">
         <name>.text:_printfi</name>
         <load_address>0x84c160</load_address>
         <run_address>0x84c160</run_address>
         <size>0x460</size>
         <input_file_ref idref="fl-9b"/>
      </object_component>
      <object_component id="oc-14e">
         <name>.text:_setfield</name>
         <load_address>0x84c5c0</load_address>
         <run_address>0x84c5c0</run_address>
         <size>0x460</size>
         <input_file_ref idref="fl-9b"/>
      </object_component>
      <object_component id="oc-a7">
         <name>.text</name>
         <load_address>0x84ca20</load_address>
         <run_address>0x84ca20</run_address>
         <size>0x440</size>
         <input_file_ref idref="fl-7"/>
      </object_component>
      <object_component id="oc-13c">
         <name>.text:fputs</name>
         <load_address>0x84ce60</load_address>
         <run_address>0x84ce60</run_address>
         <size>0x3a0</size>
         <input_file_ref idref="fl-a5"/>
      </object_component>
      <object_component id="oc-1d6">
         <name>.text:_pproc_fge</name>
         <load_address>0x84d200</load_address>
         <run_address>0x84d200</run_address>
         <size>0x320</size>
         <input_file_ref idref="fl-9b"/>
      </object_component>
      <object_component id="oc-14a">
         <name>.text:_pproc_fwp</name>
         <load_address>0x84d520</load_address>
         <run_address>0x84d520</run_address>
         <size>0x2e0</size>
         <input_file_ref idref="fl-9b"/>
      </object_component>
      <object_component id="oc-11b">
         <name>.text:fread</name>
         <load_address>0x84d800</load_address>
         <run_address>0x84d800</run_address>
         <size>0x2c0</size>
         <input_file_ref idref="fl-8d"/>
      </object_component>
      <object_component id="oc-2b0">
         <name>.text:fcvt</name>
         <load_address>0x84dac0</load_address>
         <run_address>0x84dac0</run_address>
         <size>0x2a0</size>
         <input_file_ref idref="fl-9b"/>
      </object_component>
      <object_component id="oc-2a3">
         <name>.text:ecvt</name>
         <load_address>0x84dd60</load_address>
         <run_address>0x84dd60</run_address>
         <size>0x280</size>
         <input_file_ref idref="fl-9b"/>
      </object_component>
      <object_component id="oc-186">
         <name>.text:free</name>
         <load_address>0x84dfe0</load_address>
         <run_address>0x84dfe0</run_address>
         <size>0x280</size>
         <input_file_ref idref="fl-92"/>
      </object_component>
      <object_component id="oc-b0">
         <name>.text</name>
         <load_address>0x84e260</load_address>
         <run_address>0x84e260</run_address>
         <size>0x260</size>
         <input_file_ref idref="fl-5"/>
      </object_component>
      <object_component id="oc-310">
         <name>.text:__c6xabi_divull</name>
         <load_address>0x84e4c0</load_address>
         <run_address>0x84e4c0</run_address>
         <size>0x240</size>
         <input_file_ref idref="fl-a8"/>
      </object_component>
      <object_component id="oc-25a">
         <name>.text:_pconv_e</name>
         <load_address>0x84e700</load_address>
         <run_address>0x84e700</run_address>
         <size>0x240</size>
         <input_file_ref idref="fl-9b"/>
      </object_component>
      <object_component id="oc-1da">
         <name>.text:_pproc_diouxp</name>
         <load_address>0x84e940</load_address>
         <run_address>0x84e940</run_address>
         <size>0x240</size>
         <input_file_ref idref="fl-9b"/>
      </object_component>
      <object_component id="oc-152">
         <name>.text:_pproc_str</name>
         <load_address>0x84eb80</load_address>
         <run_address>0x84eb80</run_address>
         <size>0x220</size>
         <input_file_ref idref="fl-9b"/>
      </object_component>
      <object_component id="oc-141">
         <name>.text:fputc</name>
         <load_address>0x84eda0</load_address>
         <run_address>0x84eda0</run_address>
         <size>0x220</size>
         <input_file_ref idref="fl-a4"/>
      </object_component>
      <object_component id="oc-252">
         <name>.text:_pconv_g</name>
         <load_address>0x84efc0</load_address>
         <run_address>0x84efc0</run_address>
         <size>0x200</size>
         <input_file_ref idref="fl-9b"/>
      </object_component>
      <object_component id="oc-225">
         <name>.text:setvbuf</name>
         <load_address>0x84f1c0</load_address>
         <run_address>0x84f1c0</run_address>
         <size>0x200</size>
         <input_file_ref idref="fl-ae"/>
      </object_component>
      <object_component id="oc-2ab">
         <name>.text:_mcpy</name>
         <load_address>0x84f3c0</load_address>
         <run_address>0x84f3c0</run_address>
         <size>0x1c0</size>
         <input_file_ref idref="fl-9b"/>
      </object_component>
      <object_component id="oc-168">
         <name>.text:_openfile</name>
         <load_address>0x84f580</load_address>
         <run_address>0x84f580</run_address>
         <size>0x1c0</size>
         <input_file_ref idref="fl-8c"/>
      </object_component>
      <object_component id="oc-2f0">
         <name>.text:HOSTrename</name>
         <load_address>0x84f740</load_address>
         <run_address>0x84f740</run_address>
         <size>0x1a0</size>
         <input_file_ref idref="fl-96"/>
      </object_component>
      <object_component id="oc-30c">
         <name>.text:__c6xabi_divul</name>
         <load_address>0x84f8e0</load_address>
         <run_address>0x84f8e0</run_address>
         <size>0x1a0</size>
         <input_file_ref idref="fl-a7"/>
      </object_component>
      <object_component id="oc-45">
         <name>.text:__TI_decompress_rle_core</name>
         <load_address>0x84fa80</load_address>
         <run_address>0x84fa80</run_address>
         <size>0x180</size>
         <input_file_ref idref="fl-84"/>
      </object_component>
      <object_component id="oc-17e">
         <name>.text:malloc</name>
         <load_address>0x84fc00</load_address>
         <run_address>0x84fc00</run_address>
         <size>0x180</size>
         <input_file_ref idref="fl-92"/>
      </object_component>
      <object_component id="oc-1f4">
         <name>.text:open</name>
         <load_address>0x84fd80</load_address>
         <run_address>0x84fd80</run_address>
         <size>0x180</size>
         <input_file_ref idref="fl-90"/>
      </object_component>
      <object_component id="oc-116">
         <name>.text</name>
         <load_address>0x84ff00</load_address>
         <run_address>0x84ff00</run_address>
         <size>0x160</size>
         <input_file_ref idref="fl-2"/>
      </object_component>
      <object_component id="oc-146">
         <name>.text:_pproc_fflags</name>
         <load_address>0x850060</load_address>
         <run_address>0x850060</run_address>
         <size>0x140</size>
         <input_file_ref idref="fl-9b"/>
      </object_component>
      <object_component id="oc-275">
         <name>.text:getdevice</name>
         <load_address>0x8501a0</load_address>
         <run_address>0x8501a0</run_address>
         <size>0x140</size>
         <input_file_ref idref="fl-90"/>
      </object_component>
      <object_component id="oc-191">
         <name>.text:_buff_read</name>
         <load_address>0x8502e0</load_address>
         <run_address>0x8502e0</run_address>
         <size>0x120</size>
         <input_file_ref idref="fl-98"/>
      </object_component>
      <object_component id="oc-19b">
         <name>.text:_closefile</name>
         <load_address>0x850400</load_address>
         <run_address>0x850400</run_address>
         <size>0x120</size>
         <input_file_ref idref="fl-8a"/>
      </object_component>
      <object_component id="oc-267">
         <name>.text:_ltostr</name>
         <load_address>0x850520</load_address>
         <run_address>0x850520</run_address>
         <size>0x120</size>
         <input_file_ref idref="fl-9b"/>
      </object_component>
      <object_component id="oc-164">
         <name>.text:_search_fp</name>
         <load_address>0x850640</load_address>
         <run_address>0x850640</run_address>
         <size>0x120</size>
         <input_file_ref idref="fl-8c"/>
      </object_component>
      <object_component id="oc-10e">
         <name>.text:fseek</name>
         <load_address>0x850760</load_address>
         <run_address>0x850760</run_address>
         <size>0x120</size>
         <input_file_ref idref="fl-8e"/>
      </object_component>
      <object_component id="oc-112">
         <name>.text:ftell</name>
         <load_address>0x850880</load_address>
         <run_address>0x850880</run_address>
         <size>0x120</size>
         <input_file_ref idref="fl-8f"/>
      </object_component>
      <object_component id="oc-2e8">
         <name>.text:HOSTlseek</name>
         <load_address>0x8509a0</load_address>
         <run_address>0x8509a0</run_address>
         <size>0x100</size>
         <input_file_ref idref="fl-96"/>
      </object_component>
      <object_component id="oc-28">
         <name>.text:_auto_init_elf</name>
         <load_address>0x850aa0</load_address>
         <run_address>0x850aa0</run_address>
         <size>0x100</size>
         <input_file_ref idref="fl-9e"/>
      </object_component>
      <object_component id="oc-1c0">
         <name>.text:_wrt_ok</name>
         <load_address>0x850ba0</load_address>
         <run_address>0x850ba0</run_address>
         <size>0x100</size>
         <input_file_ref idref="fl-99"/>
      </object_component>
      <object_component id="oc-56">
         <name>.text:copy_in</name>
         <load_address>0x850ca0</load_address>
         <run_address>0x850ca0</run_address>
         <size>0x100</size>
         <input_file_ref idref="fl-a0"/>
      </object_component>
      <object_component id="oc-2d8">
         <name>.text:HOSTopen</name>
         <load_address>0x850da0</load_address>
         <run_address>0x850da0</run_address>
         <size>0xe0</size>
         <input_file_ref idref="fl-96"/>
      </object_component>
      <object_component id="oc-e2">
         <name>.text:__divi</name>
         <load_address>0x850e80</load_address>
         <run_address>0x850e80</run_address>
         <size>0xe0</size>
         <input_file_ref idref="fl-87"/>
      </object_component>
      <object_component id="oc-2ca">
         <name>.text:_div</name>
         <load_address>0x850f60</load_address>
         <run_address>0x850f60</run_address>
         <size>0xe0</size>
         <input_file_ref idref="fl-9b"/>
      </object_component>
      <object_component id="oc-1d1">
         <name>.text:atoi</name>
         <load_address>0x851040</load_address>
         <run_address>0x851040</run_address>
         <size>0xe0</size>
         <input_file_ref idref="fl-9d"/>
      </object_component>
      <object_component id="oc-231">
         <name>.text:close</name>
         <load_address>0x851120</load_address>
         <run_address>0x851120</run_address>
         <size>0xe0</size>
         <input_file_ref idref="fl-90"/>
      </object_component>
      <object_component id="oc-1c">
         <name>.text:decompress:ZI:__TI_zero_init</name>
         <load_address>0x851200</load_address>
         <run_address>0x851200</run_address>
         <size>0xe0</size>
         <input_file_ref idref="fl-85"/>
      </object_component>
      <object_component id="oc-182">
         <name>.text:fflush</name>
         <load_address>0x8512e0</load_address>
         <run_address>0x8512e0</run_address>
         <size>0xe0</size>
         <input_file_ref idref="fl-8b"/>
      </object_component>
      <object_component id="oc-2fa">
         <name>.text:ltoa</name>
         <load_address>0x8513c0</load_address>
         <run_address>0x8513c0</run_address>
         <size>0xe0</size>
         <input_file_ref idref="fl-ab"/>
      </object_component>
      <object_component id="oc-1cd">
         <name>.text:memset</name>
         <load_address>0x8514a0</load_address>
         <run_address>0x8514a0</run_address>
         <size>0xe0</size>
         <input_file_ref idref="fl-93"/>
      </object_component>
      <object_component id="oc-ac">
         <name>.text:printf</name>
         <load_address>0x851580</load_address>
         <run_address>0x851580</run_address>
         <size>0xe0</size>
         <input_file_ref idref="fl-94"/>
      </object_component>
      <object_component id="oc-2e0">
         <name>.text:HOSTread</name>
         <load_address>0x851660</load_address>
         <run_address>0x851660</run_address>
         <size>0xc0</size>
         <input_file_ref idref="fl-96"/>
      </object_component>
      <object_component id="oc-2ec">
         <name>.text:HOSTunlink</name>
         <load_address>0x851720</load_address>
         <run_address>0x851720</run_address>
         <size>0xc0</size>
         <input_file_ref idref="fl-96"/>
      </object_component>
      <object_component id="oc-2e4">
         <name>.text:HOSTwrite</name>
         <load_address>0x8517e0</load_address>
         <run_address>0x8517e0</run_address>
         <size>0xc0</size>
         <input_file_ref idref="fl-96"/>
      </object_component>
      <object_component id="oc-e6">
         <name>.text:__divu</name>
         <load_address>0x8518a0</load_address>
         <run_address>0x8518a0</run_address>
         <size>0xc0</size>
         <input_file_ref idref="fl-88"/>
      </object_component>
      <object_component id="oc-16e">
         <name>.text:_doflush</name>
         <load_address>0x851960</load_address>
         <run_address>0x851960</run_address>
         <size>0xc0</size>
         <input_file_ref idref="fl-8b"/>
      </object_component>
      <object_component id="oc-18d">
         <name>.text:_rd_ok</name>
         <load_address>0x851a20</load_address>
         <run_address>0x851a20</run_address>
         <size>0xc0</size>
         <input_file_ref idref="fl-99"/>
      </object_component>
      <object_component id="oc-30">
         <name>.text:exit</name>
         <load_address>0x851ae0</load_address>
         <run_address>0x851ae0</run_address>
         <size>0xc0</size>
         <input_file_ref idref="fl-89"/>
      </object_component>
      <object_component id="oc-63">
         <name>.text</name>
         <load_address>0x851ba0</load_address>
         <run_address>0x851ba0</run_address>
         <size>0xc0</size>
         <input_file_ref idref="fl-3"/>
      </object_component>
      <object_component id="oc-5a">
         <name>.text:tls:init:__TI_tls_init</name>
         <load_address>0x851c60</load_address>
         <run_address>0x851c60</run_address>
         <size>0xc0</size>
         <input_file_ref idref="fl-af"/>
      </object_component>
      <object_component id="oc-2dc">
         <name>.text:HOSTclose</name>
         <load_address>0x851d20</load_address>
         <run_address>0x851d20</run_address>
         <size>0xa0</size>
         <input_file_ref idref="fl-96"/>
      </object_component>
      <object_component id="oc-1f0">
         <name>.text:_cleanup</name>
         <load_address>0x851dc0</load_address>
         <run_address>0x851dc0</run_address>
         <size>0xa0</size>
         <input_file_ref idref="fl-8c"/>
      </object_component>
      <object_component id="oc-2a7">
         <name>.text:_ecpy</name>
         <load_address>0x851e60</load_address>
         <run_address>0x851e60</run_address>
         <size>0xa0</size>
         <input_file_ref idref="fl-9b"/>
      </object_component>
      <object_component id="oc-2b4">
         <name>.text:_fcpy</name>
         <load_address>0x851f00</load_address>
         <run_address>0x851f00</run_address>
         <size>0xa0</size>
         <input_file_ref idref="fl-9b"/>
      </object_component>
      <object_component id="oc-214">
         <name>.text:_minit</name>
         <load_address>0x851fa0</load_address>
         <run_address>0x851fa0</run_address>
         <size>0xa0</size>
         <input_file_ref idref="fl-92"/>
      </object_component>
      <object_component id="oc-256">
         <name>.text:_pconv_f</name>
         <load_address>0x852040</load_address>
         <run_address>0x852040</run_address>
         <size>0xa0</size>
         <input_file_ref idref="fl-9b"/>
      </object_component>
      <object_component id="oc-2d3">
         <name>.text:finddevice</name>
         <load_address>0x8520e0</load_address>
         <run_address>0x8520e0</run_address>
         <size>0xa0</size>
         <input_file_ref idref="fl-90"/>
      </object_component>
      <object_component id="oc-172">
         <name>.text:lseek</name>
         <load_address>0x852180</load_address>
         <run_address>0x852180</run_address>
         <size>0xa0</size>
         <input_file_ref idref="fl-90"/>
      </object_component>
      <object_component id="oc-35">
         <name>.text:memcpy</name>
         <load_address>0x852220</load_address>
         <run_address>0x852220</run_address>
         <size>0xa0</size>
         <input_file_ref idref="fl-91"/>
      </object_component>
      <object_component id="oc-21c">
         <name>.text:minsert</name>
         <load_address>0x8522c0</load_address>
         <run_address>0x8522c0</run_address>
         <size>0xa0</size>
         <input_file_ref idref="fl-92"/>
      </object_component>
      <object_component id="oc-218">
         <name>.text:mremove</name>
         <load_address>0x852360</load_address>
         <run_address>0x852360</run_address>
         <size>0xa0</size>
         <input_file_ref idref="fl-92"/>
      </object_component>
      <object_component id="oc-195">
         <name>.text:read</name>
         <load_address>0x852400</load_address>
         <run_address>0x852400</run_address>
         <size>0xa0</size>
         <input_file_ref idref="fl-90"/>
      </object_component>
      <object_component id="oc-1c4">
         <name>.text:write</name>
         <load_address>0x8524a0</load_address>
         <run_address>0x8524a0</run_address>
         <size>0xa0</size>
         <input_file_ref idref="fl-90"/>
      </object_component>
      <object_component id="oc-337">
         <name>.text:__c6xabi_llshl</name>
         <load_address>0x852540</load_address>
         <run_address>0x852540</run_address>
         <size>0x80</size>
         <input_file_ref idref="fl-aa"/>
      </object_component>
      <object_component id="oc-14">
         <name>.text:_c_int00</name>
         <load_address>0x8525c0</load_address>
         <run_address>0x8525c0</run_address>
         <size>0x80</size>
         <input_file_ref idref="fl-82"/>
      </object_component>
      <object_component id="oc-31c">
         <name>.text:readmsg</name>
         <load_address>0x852640</load_address>
         <run_address>0x852640</run_address>
         <size>0x80</size>
         <input_file_ref idref="fl-97"/>
      </object_component>
      <object_component id="oc-235">
         <name>.text:unlink</name>
         <load_address>0x8526c0</load_address>
         <run_address>0x8526c0</run_address>
         <size>0x80</size>
         <input_file_ref idref="fl-90"/>
      </object_component>
      <object_component id="oc-5e">
         <name>.text:__TI_cpp_init</name>
         <load_address>0x852740</load_address>
         <run_address>0x852740</run_address>
         <size>0x60</size>
         <input_file_ref idref="fl-9f"/>
      </object_component>
      <object_component id="oc-307">
         <name>.text:__c6xabi_frcmpyd_div</name>
         <load_address>0x8527a0</load_address>
         <run_address>0x8527a0</run_address>
         <size>0x60</size>
         <input_file_ref idref="fl-a6"/>
      </object_component>
      <object_component id="oc-303">
         <name>.text:__c6xabi_llshru</name>
         <load_address>0x852800</load_address>
         <run_address>0x852800</run_address>
         <size>0x60</size>
         <input_file_ref idref="fl-aa"/>
      </object_component>
      <object_component id="oc-33b">
         <name>.text:_subcull</name>
         <load_address>0x852860</load_address>
         <run_address>0x852860</run_address>
         <size>0x60</size>
         <input_file_ref idref="fl-a8"/>
      </object_component>
      <object_component id="oc-11f">
         <name>.text:fclose</name>
         <load_address>0x8528c0</load_address>
         <run_address>0x8528c0</run_address>
         <size>0x60</size>
         <input_file_ref idref="fl-8a"/>
      </object_component>
      <object_component id="oc-10a">
         <name>.text:fopen</name>
         <load_address>0x852920</load_address>
         <run_address>0x852920</run_address>
         <size>0x60</size>
         <input_file_ref idref="fl-8c"/>
      </object_component>
      <object_component id="oc-1de">
         <name>.text:memccpy</name>
         <load_address>0x852980</load_address>
         <run_address>0x852980</run_address>
         <size>0x60</size>
         <input_file_ref idref="fl-ac"/>
      </object_component>
      <object_component id="oc-271">
         <name>.text:tabinit</name>
         <load_address>0x8529e0</load_address>
         <run_address>0x8529e0</run_address>
         <size>0x60</size>
         <input_file_ref idref="fl-90"/>
      </object_component>
      <object_component id="oc-318">
         <name>.text:writemsg</name>
         <load_address>0x852a40</load_address>
         <run_address>0x852a40</run_address>
         <size>0x60</size>
         <input_file_ref idref="fl-97"/>
      </object_component>
      <object_component id="oc-24e">
         <name>.text:__c6xabi_isinf</name>
         <load_address>0x852aa0</load_address>
         <run_address>0x852aa0</run_address>
         <size>0x40</size>
         <input_file_ref idref="fl-a9"/>
      </object_component>
      <object_component id="oc-24a">
         <name>.text:__c6xabi_isnan</name>
         <load_address>0x852ae0</load_address>
         <run_address>0x852ae0</run_address>
         <size>0x40</size>
         <input_file_ref idref="fl-9b"/>
      </object_component>
      <object_component id="oc-2c">
         <name>.text:_args_main</name>
         <load_address>0x852b20</load_address>
         <run_address>0x852b20</run_address>
         <size>0x40</size>
         <input_file_ref idref="fl-9c"/>
      </object_component>
      <object_component id="oc-a2">
         <name>.text</name>
         <load_address>0x852b60</load_address>
         <run_address>0x852b60</run_address>
         <size>0x40</size>
         <input_file_ref idref="fl-6"/>
      </object_component>
      <object_component id="oc-178">
         <name>.text:__c6xabi_errno_addr</name>
         <load_address>0x852ba0</load_address>
         <run_address>0x852ba0</run_address>
         <size>0x20</size>
         <input_file_ref idref="fl-a3"/>
      </object_component>
      <object_component id="oc-263">
         <name>.text:__c6xabi_negll</name>
         <load_address>0x852bc0</load_address>
         <run_address>0x852bc0</run_address>
         <size>0x20</size>
         <input_file_ref idref="fl-ad"/>
      </object_component>
      <object_component id="oc-132">
         <name>.text:_nop</name>
         <load_address>0x852be0</load_address>
         <run_address>0x852be0</run_address>
         <size>0x20</size>
         <input_file_ref idref="fl-9a"/>
      </object_component>
      <object_component id="oc-f4">
         <name>.text:_outc</name>
         <load_address>0x852c00</load_address>
         <run_address>0x852c00</run_address>
         <size>0x20</size>
         <input_file_ref idref="fl-94"/>
      </object_component>
      <object_component id="oc-f0">
         <name>.text:_outs</name>
         <load_address>0x852c20</load_address>
         <run_address>0x852c20</run_address>
         <size>0x20</size>
         <input_file_ref idref="fl-94"/>
      </object_component>
      <object_component id="oc-70">
         <name>.text:abort</name>
         <load_address>0x852c40</load_address>
         <run_address>0x852c40</run_address>
         <size>0x20</size>
         <input_file_ref idref="fl-89"/>
      </object_component>
      <object_component id="oc-18">
         <name>.text:decompress:none:__TI_decompress_none</name>
         <load_address>0x852c60</load_address>
         <run_address>0x852c60</run_address>
         <size>0x20</size>
         <input_file_ref idref="fl-83"/>
      </object_component>
      <object_component id="oc-20">
         <name>.text:decompress:rle24:__TI_decompress_rle24</name>
         <load_address>0x852c80</load_address>
         <run_address>0x852c80</run_address>
         <size>0x20</size>
         <input_file_ref idref="fl-84"/>
      </object_component>
      <object_component id="oc-24">
         <name>.stack</name>
         <uninitialized>true</uninitialized>
         <run_address>0x841000</run_address>
         <size>0x8</size>
         <input_file_ref idref="fl-82"/>
      </object_component>
      <object_component id="oc-378">
         <name>.stack</name>
         <uninitialized>true</uninitialized>
         <run_address>0x841000</run_address>
         <size>0x0</size>
      </object_component>
      <object_component id="oc-377">
         <name>.cinit..fardata.load</name>
         <load_address>0x853560</load_address>
         <run_address>0x853560</run_address>
         <size>0x6e</size>
      </object_component>
      <object_component id="oc-374">
         <name>__TI_handler_table</name>
         <load_address>0x8535d0</load_address>
         <run_address>0x8535d0</run_address>
         <size>0xc</size>
      </object_component>
      <object_component id="oc-376">
         <name>.cinit..far.load</name>
         <load_address>0x8535dc</load_address>
         <run_address>0x8535dc</run_address>
         <size>0x8</size>
      </object_component>
      <object_component id="oc-375">
         <name>__TI_cinit_table</name>
         <load_address>0x8535e4</load_address>
         <run_address>0x8535e4</run_address>
         <size>0x10</size>
      </object_component>
      <object_component id="oc-342">
         <name>.cio</name>
         <uninitialized>true</uninitialized>
         <run_address>0x853440</run_address>
         <size>0x120</size>
         <input_file_ref idref="fl-97"/>
      </object_component>
      <object_component id="oc-109">
         <name>.const:.string</name>
         <load_address>0x852fc8</load_address>
         <run_address>0x852fc8</run_address>
         <size>0x144</size>
         <input_file_ref idref="fl-4"/>
      </object_component>
      <object_component id="oc-246">
         <name>.const:.string:_ctypes_</name>
         <load_address>0x853110</load_address>
         <run_address>0x853110</run_address>
         <size>0x101</size>
         <input_file_ref idref="fl-a1"/>
      </object_component>
      <object_component id="oc-ba">
         <name>.const:.string</name>
         <load_address>0x853214</load_address>
         <run_address>0x853214</run_address>
         <size>0x64</size>
         <input_file_ref idref="fl-3"/>
      </object_component>
      <object_component id="oc-18a">
         <name>.const:.string</name>
         <load_address>0x853278</load_address>
         <run_address>0x853278</run_address>
         <size>0x58</size>
         <input_file_ref idref="fl-2"/>
      </object_component>
      <object_component id="oc-1e2">
         <name>.const:.string</name>
         <load_address>0x8532d0</load_address>
         <run_address>0x8532d0</run_address>
         <size>0x23</size>
         <input_file_ref idref="fl-9b"/>
      </object_component>
      <object_component id="oc-26">
         <name>.sysmem</name>
         <uninitialized>true</uninitialized>
         <run_address>0x800000</run_address>
         <size>0x8</size>
         <input_file_ref idref="fl-92"/>
      </object_component>
      <object_component id="oc-379">
         <name>.sysmem</name>
         <uninitialized>true</uninitialized>
         <run_address>0x800000</run_address>
         <size>0x0</size>
      </object_component>
      <object_component id="oc-239">
         <name>.far</name>
         <uninitialized>true</uninitialized>
         <run_address>0x8532f8</run_address>
         <size>0x140</size>
         <input_file_ref idref="fl-86"/>
      </object_component>
      <object_component id="oc-316">
         <name>.far</name>
         <uninitialized>true</uninitialized>
         <run_address>0x853438</run_address>
         <size>0x8</size>
         <input_file_ref idref="fl-96"/>
      </object_component>
      <object_component id="oc-6e">
         <name>.fardata</name>
         <load_address>0x852f98</load_address>
         <run_address>0x852f98</run_address>
         <size>0xc</size>
         <input_file_ref idref="fl-89"/>
      </object_component>
      <object_component id="oc-ec">
         <name>.fardata</name>
         <load_address>0x852fb0</load_address>
         <run_address>0x852fb0</run_address>
         <size>0x8</size>
         <input_file_ref idref="fl-9a"/>
      </object_component>
      <object_component id="oc-ee">
         <name>.fardata:_ftable</name>
         <load_address>0x852ca0</load_address>
         <run_address>0x852ca0</run_address>
         <size>0x1e0</size>
         <input_file_ref idref="fl-86"/>
      </object_component>
      <object_component id="oc-1ec">
         <name>.fardata</name>
         <load_address>0x852fc0</load_address>
         <run_address>0x852fc0</run_address>
         <size>0x4</size>
         <input_file_ref idref="fl-8c"/>
      </object_component>
      <object_component id="oc-1ed">
         <name>.fardata</name>
         <load_address>0x852fb8</load_address>
         <run_address>0x852fb8</run_address>
         <size>0x4</size>
         <input_file_ref idref="fl-86"/>
      </object_component>
      <object_component id="oc-202">
         <name>.fardata:_stream</name>
         <load_address>0x852e80</load_address>
         <run_address>0x852e80</run_address>
         <size>0xa0</size>
         <input_file_ref idref="fl-90"/>
      </object_component>
      <object_component id="oc-20c">
         <name>.fardata</name>
         <load_address>0x852fbc</load_address>
         <run_address>0x852fbc</run_address>
         <size>0x4</size>
         <input_file_ref idref="fl-a3"/>
      </object_component>
      <object_component id="oc-212">
         <name>.fardata</name>
         <load_address>0x852fa4</load_address>
         <run_address>0x852fa4</run_address>
         <size>0xc</size>
         <input_file_ref idref="fl-92"/>
      </object_component>
      <object_component id="oc-27c">
         <name>.fardata:_device</name>
         <load_address>0x852f20</load_address>
         <run_address>0x852f20</run_address>
         <size>0x78</size>
         <input_file_ref idref="fl-90"/>
      </object_component>
      <object_component id="oc-2d1">
         <name>.fardata</name>
         <load_address>0x852fc4</load_address>
         <run_address>0x852fc4</run_address>
         <size>0x4</size>
         <input_file_ref idref="fl-90"/>
      </object_component>
      <object_component id="oc-15">
         <name>.debug_info</name>
         <load_address>0x0</load_address>
         <run_address>0x0</run_address>
         <size>0x110</size>
         <input_file_ref idref="fl-82"/>
      </object_component>
      <object_component id="oc-19">
         <name>.debug_info</name>
         <load_address>0x110</load_address>
         <run_address>0x110</run_address>
         <size>0x14f</size>
         <input_file_ref idref="fl-83"/>
      </object_component>
      <object_component id="oc-1d">
         <name>.debug_info</name>
         <load_address>0x25f</load_address>
         <run_address>0x25f</run_address>
         <size>0x190</size>
         <input_file_ref idref="fl-85"/>
      </object_component>
      <object_component id="oc-21">
         <name>.debug_info</name>
         <load_address>0x3ef</load_address>
         <run_address>0x3ef</run_address>
         <size>0x16c</size>
         <input_file_ref idref="fl-84"/>
      </object_component>
      <object_component id="oc-25">
         <name>.debug_info</name>
         <load_address>0x55b</load_address>
         <run_address>0x55b</run_address>
         <size>0xa7</size>
         <input_file_ref idref="fl-82"/>
      </object_component>
      <object_component id="oc-27">
         <name>.debug_info</name>
         <load_address>0x602</load_address>
         <run_address>0x602</run_address>
         <size>0xb3</size>
         <input_file_ref idref="fl-92"/>
      </object_component>
      <object_component id="oc-29">
         <name>.debug_info</name>
         <load_address>0x6b5</load_address>
         <run_address>0x6b5</run_address>
         <size>0x190</size>
         <input_file_ref idref="fl-9e"/>
      </object_component>
      <object_component id="oc-2d">
         <name>.debug_info</name>
         <load_address>0x845</load_address>
         <run_address>0x845</run_address>
         <size>0xf6</size>
         <input_file_ref idref="fl-9c"/>
      </object_component>
      <object_component id="oc-31">
         <name>.debug_info</name>
         <load_address>0x93b</load_address>
         <run_address>0x93b</run_address>
         <size>0x10c</size>
         <input_file_ref idref="fl-89"/>
      </object_component>
      <object_component id="oc-36">
         <name>.debug_info</name>
         <load_address>0xa47</load_address>
         <run_address>0xa47</run_address>
         <size>0xd6</size>
         <input_file_ref idref="fl-91"/>
      </object_component>
      <object_component id="oc-3a">
         <name>.debug_info</name>
         <load_address>0xb1d</load_address>
         <run_address>0xb1d</run_address>
         <size>0x53</size>
         <input_file_ref idref="fl-83"/>
      </object_component>
      <object_component id="oc-40">
         <name>.debug_info</name>
         <load_address>0xb70</load_address>
         <run_address>0xb70</run_address>
         <size>0x53</size>
         <input_file_ref idref="fl-85"/>
      </object_component>
      <object_component id="oc-46">
         <name>.debug_info</name>
         <load_address>0xbc3</load_address>
         <run_address>0xbc3</run_address>
         <size>0x2f2</size>
         <input_file_ref idref="fl-84"/>
      </object_component>
      <object_component id="oc-4a">
         <name>.debug_info</name>
         <load_address>0xeb5</load_address>
         <run_address>0xeb5</run_address>
         <size>0x1d7</size>
         <input_file_ref idref="fl-84"/>
      </object_component>
      <object_component id="oc-4b">
         <name>.debug_info</name>
         <load_address>0x108c</load_address>
         <run_address>0x108c</run_address>
         <size>0x46</size>
         <input_file_ref idref="fl-84"/>
      </object_component>
      <object_component id="oc-52">
         <name>.debug_info</name>
         <load_address>0x10d2</load_address>
         <run_address>0x10d2</run_address>
         <size>0x10a</size>
         <input_file_ref idref="fl-82"/>
      </object_component>
      <object_component id="oc-55">
         <name>.debug_info</name>
         <load_address>0x11dc</load_address>
         <run_address>0x11dc</run_address>
         <size>0x16a</size>
         <input_file_ref idref="fl-92"/>
      </object_component>
      <object_component id="oc-57">
         <name>.debug_info</name>
         <load_address>0x1346</load_address>
         <run_address>0x1346</run_address>
         <size>0x18e</size>
         <input_file_ref idref="fl-a0"/>
      </object_component>
      <object_component id="oc-5b">
         <name>.debug_info</name>
         <load_address>0x14d4</load_address>
         <run_address>0x14d4</run_address>
         <size>0x164</size>
         <input_file_ref idref="fl-af"/>
      </object_component>
      <object_component id="oc-5f">
         <name>.debug_info</name>
         <load_address>0x1638</load_address>
         <run_address>0x1638</run_address>
         <size>0x15f</size>
         <input_file_ref idref="fl-9f"/>
      </object_component>
      <object_component id="oc-64">
         <name>.debug_info</name>
         <load_address>0x1797</load_address>
         <run_address>0x1797</run_address>
         <size>0x3c5</size>
         <input_file_ref idref="fl-3"/>
      </object_component>
      <object_component id="oc-69">
         <name>.debug_info</name>
         <load_address>0x1b5c</load_address>
         <run_address>0x1b5c</run_address>
         <size>0x94</size>
         <input_file_ref idref="fl-82"/>
      </object_component>
      <object_component id="oc-6f">
         <name>.debug_info</name>
         <load_address>0x1bf0</load_address>
         <run_address>0x1bf0</run_address>
         <size>0x127</size>
         <input_file_ref idref="fl-89"/>
      </object_component>
      <object_component id="oc-71">
         <name>.debug_info</name>
         <load_address>0x1d17</load_address>
         <run_address>0x1d17</run_address>
         <size>0x11e</size>
         <input_file_ref idref="fl-89"/>
      </object_component>
      <object_component id="oc-75">
         <name>.debug_info</name>
         <load_address>0x1e35</load_address>
         <run_address>0x1e35</run_address>
         <size>0x8d</size>
         <input_file_ref idref="fl-83"/>
      </object_component>
      <object_component id="oc-7b">
         <name>.debug_info</name>
         <load_address>0x1ec2</load_address>
         <run_address>0x1ec2</run_address>
         <size>0x46</size>
         <input_file_ref idref="fl-83"/>
      </object_component>
      <object_component id="oc-80">
         <name>.debug_info</name>
         <load_address>0x1f08</load_address>
         <run_address>0x1f08</run_address>
         <size>0xe5</size>
         <input_file_ref idref="fl-83"/>
      </object_component>
      <object_component id="oc-81">
         <name>.debug_info</name>
         <load_address>0x1fed</load_address>
         <run_address>0x1fed</run_address>
         <size>0x2c</size>
         <input_file_ref idref="fl-84"/>
      </object_component>
      <object_component id="oc-86">
         <name>.debug_info</name>
         <load_address>0x2019</load_address>
         <run_address>0x2019</run_address>
         <size>0x1cd</size>
         <input_file_ref idref="fl-85"/>
      </object_component>
      <object_component id="oc-8c">
         <name>.debug_info</name>
         <load_address>0x21e6</load_address>
         <run_address>0x21e6</run_address>
         <size>0x1d9</size>
         <input_file_ref idref="fl-82"/>
      </object_component>
      <object_component id="oc-93">
         <name>.debug_info</name>
         <load_address>0x23bf</load_address>
         <run_address>0x23bf</run_address>
         <size>0x110</size>
         <input_file_ref idref="fl-89"/>
      </object_component>
      <object_component id="oc-98">
         <name>.debug_info</name>
         <load_address>0x24cf</load_address>
         <run_address>0x24cf</run_address>
         <size>0x70</size>
         <input_file_ref idref="fl-92"/>
      </object_component>
      <object_component id="oc-9e">
         <name>.debug_info</name>
         <load_address>0x253f</load_address>
         <run_address>0x253f</run_address>
         <size>0x140</size>
         <input_file_ref idref="fl-a0"/>
      </object_component>
      <object_component id="oc-a0">
         <name>.debug_info</name>
         <load_address>0x267f</load_address>
         <run_address>0x267f</run_address>
         <size>0x253</size>
         <input_file_ref idref="fl-af"/>
      </object_component>
      <object_component id="oc-a3">
         <name>.debug_info</name>
         <load_address>0x28d2</load_address>
         <run_address>0x28d2</run_address>
         <size>0x169</size>
         <input_file_ref idref="fl-6"/>
      </object_component>
      <object_component id="oc-a8">
         <name>.debug_info</name>
         <load_address>0x2a3b</load_address>
         <run_address>0x2a3b</run_address>
         <size>0x6c9</size>
         <input_file_ref idref="fl-7"/>
      </object_component>
      <object_component id="oc-ad">
         <name>.debug_info</name>
         <load_address>0x3104</load_address>
         <run_address>0x3104</run_address>
         <size>0x127</size>
         <input_file_ref idref="fl-94"/>
      </object_component>
      <object_component id="oc-b1">
         <name>.debug_info</name>
         <load_address>0x322b</load_address>
         <run_address>0x322b</run_address>
         <size>0xafa</size>
         <input_file_ref idref="fl-5"/>
      </object_component>
      <object_component id="oc-b6">
         <name>.debug_info</name>
         <load_address>0x3d25</load_address>
         <run_address>0x3d25</run_address>
         <size>0xd56</size>
         <input_file_ref idref="fl-4"/>
      </object_component>
      <object_component id="oc-bc">
         <name>.debug_info</name>
         <load_address>0x4a7b</load_address>
         <run_address>0x4a7b</run_address>
         <size>0x2c</size>
         <input_file_ref idref="fl-3"/>
      </object_component>
      <object_component id="oc-c1">
         <name>.debug_info</name>
         <load_address>0x4aa7</load_address>
         <run_address>0x4aa7</run_address>
         <size>0xbb</size>
         <input_file_ref idref="fl-3"/>
      </object_component>
      <object_component id="oc-c8">
         <name>.debug_info</name>
         <load_address>0x4b62</load_address>
         <run_address>0x4b62</run_address>
         <size>0x12b</size>
         <input_file_ref idref="fl-89"/>
      </object_component>
      <object_component id="oc-d0">
         <name>.debug_info</name>
         <load_address>0x4c8d</load_address>
         <run_address>0x4c8d</run_address>
         <size>0xcd</size>
         <input_file_ref idref="fl-a0"/>
      </object_component>
      <object_component id="oc-d8">
         <name>.debug_info</name>
         <load_address>0x4d5a</load_address>
         <run_address>0x4d5a</run_address>
         <size>0x2c</size>
         <input_file_ref idref="fl-6"/>
      </object_component>
      <object_component id="oc-dd">
         <name>.debug_info</name>
         <load_address>0x4d86</load_address>
         <run_address>0x4d86</run_address>
         <size>0x94</size>
         <input_file_ref idref="fl-2"/>
      </object_component>
      <object_component id="oc-e3">
         <name>.debug_info</name>
         <load_address>0x4e1a</load_address>
         <run_address>0x4e1a</run_address>
         <size>0xc9</size>
         <input_file_ref idref="fl-87"/>
      </object_component>
      <object_component id="oc-e7">
         <name>.debug_info</name>
         <load_address>0x4ee3</load_address>
         <run_address>0x4ee3</run_address>
         <size>0xc9</size>
         <input_file_ref idref="fl-88"/>
      </object_component>
      <object_component id="oc-eb">
         <name>.debug_info</name>
         <load_address>0x4fac</load_address>
         <run_address>0x4fac</run_address>
         <size>0x122</size>
         <input_file_ref idref="fl-7"/>
      </object_component>
      <object_component id="oc-ed">
         <name>.debug_info</name>
         <load_address>0x50ce</load_address>
         <run_address>0x50ce</run_address>
         <size>0xc5</size>
         <input_file_ref idref="fl-9a"/>
      </object_component>
      <object_component id="oc-ef">
         <name>.debug_info</name>
         <load_address>0x5193</load_address>
         <run_address>0x5193</run_address>
         <size>0xa9</size>
         <input_file_ref idref="fl-86"/>
      </object_component>
      <object_component id="oc-f1">
         <name>.debug_info</name>
         <load_address>0x523c</load_address>
         <run_address>0x523c</run_address>
         <size>0x10b</size>
         <input_file_ref idref="fl-94"/>
      </object_component>
      <object_component id="oc-f5">
         <name>.debug_info</name>
         <load_address>0x5347</load_address>
         <run_address>0x5347</run_address>
         <size>0xfc</size>
         <input_file_ref idref="fl-94"/>
      </object_component>
      <object_component id="oc-f9">
         <name>.debug_info</name>
         <load_address>0x5443</load_address>
         <run_address>0x5443</run_address>
         <size>0x418</size>
         <input_file_ref idref="fl-9b"/>
      </object_component>
      <object_component id="oc-fd">
         <name>.debug_info</name>
         <load_address>0x585b</load_address>
         <run_address>0x585b</run_address>
         <size>0x1e3</size>
         <input_file_ref idref="fl-94"/>
      </object_component>
      <object_component id="oc-ff">
         <name>.debug_info</name>
         <load_address>0x5a3e</load_address>
         <run_address>0x5a3e</run_address>
         <size>0x1d9</size>
         <input_file_ref idref="fl-3"/>
      </object_component>
      <object_component id="oc-104">
         <name>.debug_info</name>
         <load_address>0x5c17</load_address>
         <run_address>0x5c17</run_address>
         <size>0xe7</size>
         <input_file_ref idref="fl-5"/>
      </object_component>
      <object_component id="oc-10b">
         <name>.debug_info</name>
         <load_address>0x5cfe</load_address>
         <run_address>0x5cfe</run_address>
         <size>0x136</size>
         <input_file_ref idref="fl-8c"/>
      </object_component>
      <object_component id="oc-10f">
         <name>.debug_info</name>
         <load_address>0x5e34</load_address>
         <run_address>0x5e34</run_address>
         <size>0x161</size>
         <input_file_ref idref="fl-8e"/>
      </object_component>
      <object_component id="oc-113">
         <name>.debug_info</name>
         <load_address>0x5f95</load_address>
         <run_address>0x5f95</run_address>
         <size>0x156</size>
         <input_file_ref idref="fl-8f"/>
      </object_component>
      <object_component id="oc-117">
         <name>.debug_info</name>
         <load_address>0x60eb</load_address>
         <run_address>0x60eb</run_address>
         <size>0x3f0</size>
         <input_file_ref idref="fl-2"/>
      </object_component>
      <object_component id="oc-11c">
         <name>.debug_info</name>
         <load_address>0x64db</load_address>
         <run_address>0x64db</run_address>
         <size>0x2a3</size>
         <input_file_ref idref="fl-8d"/>
      </object_component>
      <object_component id="oc-120">
         <name>.debug_info</name>
         <load_address>0x677e</load_address>
         <run_address>0x677e</run_address>
         <size>0x112</size>
         <input_file_ref idref="fl-8a"/>
      </object_component>
      <object_component id="oc-124">
         <name>.debug_info</name>
         <load_address>0x6890</load_address>
         <run_address>0x6890</run_address>
         <size>0x2c0</size>
         <input_file_ref idref="fl-4"/>
      </object_component>
      <object_component id="oc-125">
         <name>.debug_info</name>
         <load_address>0x6b50</load_address>
         <run_address>0x6b50</run_address>
         <size>0x261</size>
         <input_file_ref idref="fl-3"/>
      </object_component>
      <object_component id="oc-128">
         <name>.debug_info</name>
         <load_address>0x6db1</load_address>
         <run_address>0x6db1</run_address>
         <size>0x129</size>
         <input_file_ref idref="fl-6"/>
      </object_component>
      <object_component id="oc-12d">
         <name>.debug_info</name>
         <load_address>0x6eda</load_address>
         <run_address>0x6eda</run_address>
         <size>0x250</size>
         <input_file_ref idref="fl-7"/>
      </object_component>
      <object_component id="oc-133">
         <name>.debug_info</name>
         <load_address>0x712a</load_address>
         <run_address>0x712a</run_address>
         <size>0xd9</size>
         <input_file_ref idref="fl-9a"/>
      </object_component>
      <object_component id="oc-138">
         <name>.debug_info</name>
         <load_address>0x7203</load_address>
         <run_address>0x7203</run_address>
         <size>0x99</size>
         <input_file_ref idref="fl-9a"/>
      </object_component>
      <object_component id="oc-13b">
         <name>.debug_info</name>
         <load_address>0x729c</load_address>
         <run_address>0x729c</run_address>
         <size>0xca</size>
         <input_file_ref idref="fl-86"/>
      </object_component>
      <object_component id="oc-13d">
         <name>.debug_info</name>
         <load_address>0x7366</load_address>
         <run_address>0x7366</run_address>
         <size>0x3e4</size>
         <input_file_ref idref="fl-a5"/>
      </object_component>
      <object_component id="oc-142">
         <name>.debug_info</name>
         <load_address>0x774a</load_address>
         <run_address>0x774a</run_address>
         <size>0x182</size>
         <input_file_ref idref="fl-a4"/>
      </object_component>
      <object_component id="oc-147">
         <name>.debug_info</name>
         <load_address>0x78cc</load_address>
         <run_address>0x78cc</run_address>
         <size>0x1f5</size>
         <input_file_ref idref="fl-9b"/>
      </object_component>
      <object_component id="oc-14b">
         <name>.debug_info</name>
         <load_address>0x7ac1</load_address>
         <run_address>0x7ac1</run_address>
         <size>0x20b</size>
         <input_file_ref idref="fl-9b"/>
      </object_component>
      <object_component id="oc-14f">
         <name>.debug_info</name>
         <load_address>0x7ccc</load_address>
         <run_address>0x7ccc</run_address>
         <size>0x224</size>
         <input_file_ref idref="fl-9b"/>
      </object_component>
      <object_component id="oc-153">
         <name>.debug_info</name>
         <load_address>0x7ef0</load_address>
         <run_address>0x7ef0</run_address>
         <size>0x37b</size>
         <input_file_ref idref="fl-9b"/>
      </object_component>
      <object_component id="oc-157">
         <name>.debug_info</name>
         <load_address>0x826b</load_address>
         <run_address>0x826b</run_address>
         <size>0x211</size>
         <input_file_ref idref="fl-9b"/>
      </object_component>
      <object_component id="oc-158">
         <name>.debug_info</name>
         <load_address>0x847c</load_address>
         <run_address>0x847c</run_address>
         <size>0x2c</size>
         <input_file_ref idref="fl-86"/>
      </object_component>
      <object_component id="oc-15f">
         <name>.debug_info</name>
         <load_address>0x84a8</load_address>
         <run_address>0x84a8</run_address>
         <size>0xc8</size>
         <input_file_ref idref="fl-86"/>
      </object_component>
      <object_component id="oc-165">
         <name>.debug_info</name>
         <load_address>0x8570</load_address>
         <run_address>0x8570</run_address>
         <size>0x199</size>
         <input_file_ref idref="fl-8c"/>
      </object_component>
      <object_component id="oc-169">
         <name>.debug_info</name>
         <load_address>0x8709</load_address>
         <run_address>0x8709</run_address>
         <size>0x13a</size>
         <input_file_ref idref="fl-8c"/>
      </object_component>
      <object_component id="oc-16d">
         <name>.debug_info</name>
         <load_address>0x8843</load_address>
         <run_address>0x8843</run_address>
         <size>0x1f9</size>
         <input_file_ref idref="fl-8c"/>
      </object_component>
      <object_component id="oc-16f">
         <name>.debug_info</name>
         <load_address>0x8a3c</load_address>
         <run_address>0x8a3c</run_address>
         <size>0x103</size>
         <input_file_ref idref="fl-8b"/>
      </object_component>
      <object_component id="oc-173">
         <name>.debug_info</name>
         <load_address>0x8b3f</load_address>
         <run_address>0x8b3f</run_address>
         <size>0x139</size>
         <input_file_ref idref="fl-90"/>
      </object_component>
      <object_component id="oc-177">
         <name>.debug_info</name>
         <load_address>0x8c78</load_address>
         <run_address>0x8c78</run_address>
         <size>0x12b</size>
         <input_file_ref idref="fl-8e"/>
      </object_component>
      <object_component id="oc-179">
         <name>.debug_info</name>
         <load_address>0x8da3</load_address>
         <run_address>0x8da3</run_address>
         <size>0xfb</size>
         <input_file_ref idref="fl-a3"/>
      </object_component>
      <object_component id="oc-17d">
         <name>.debug_info</name>
         <load_address>0x8e9e</load_address>
         <run_address>0x8e9e</run_address>
         <size>0x13d</size>
         <input_file_ref idref="fl-8f"/>
      </object_component>
      <object_component id="oc-17f">
         <name>.debug_info</name>
         <load_address>0x8fdb</load_address>
         <run_address>0x8fdb</run_address>
         <size>0x196</size>
         <input_file_ref idref="fl-92"/>
      </object_component>
      <object_component id="oc-183">
         <name>.debug_info</name>
         <load_address>0x9171</load_address>
         <run_address>0x9171</run_address>
         <size>0x18a</size>
         <input_file_ref idref="fl-8b"/>
      </object_component>
      <object_component id="oc-187">
         <name>.debug_info</name>
         <load_address>0x92fb</load_address>
         <run_address>0x92fb</run_address>
         <size>0x1f9</size>
         <input_file_ref idref="fl-92"/>
      </object_component>
      <object_component id="oc-18c">
         <name>.debug_info</name>
         <load_address>0x94f4</load_address>
         <run_address>0x94f4</run_address>
         <size>0x1b4</size>
         <input_file_ref idref="fl-2"/>
      </object_component>
      <object_component id="oc-18e">
         <name>.debug_info</name>
         <load_address>0x96a8</load_address>
         <run_address>0x96a8</run_address>
         <size>0x10d</size>
         <input_file_ref idref="fl-99"/>
      </object_component>
      <object_component id="oc-192">
         <name>.debug_info</name>
         <load_address>0x97b5</load_address>
         <run_address>0x97b5</run_address>
         <size>0x186</size>
         <input_file_ref idref="fl-98"/>
      </object_component>
      <object_component id="oc-196">
         <name>.debug_info</name>
         <load_address>0x993b</load_address>
         <run_address>0x993b</run_address>
         <size>0x131</size>
         <input_file_ref idref="fl-90"/>
      </object_component>
      <object_component id="oc-19a">
         <name>.debug_info</name>
         <load_address>0x9a6c</load_address>
         <run_address>0x9a6c</run_address>
         <size>0x182</size>
         <input_file_ref idref="fl-8d"/>
      </object_component>
      <object_component id="oc-19c">
         <name>.debug_info</name>
         <load_address>0x9bee</load_address>
         <run_address>0x9bee</run_address>
         <size>0x146</size>
         <input_file_ref idref="fl-8a"/>
      </object_component>
      <object_component id="oc-1a0">
         <name>.debug_info</name>
         <load_address>0x9d34</load_address>
         <run_address>0x9d34</run_address>
         <size>0x1d2</size>
         <input_file_ref idref="fl-8a"/>
      </object_component>
      <object_component id="oc-1a3">
         <name>.debug_info</name>
         <load_address>0x9f06</load_address>
         <run_address>0x9f06</run_address>
         <size>0xc8</size>
         <input_file_ref idref="fl-2"/>
      </object_component>
      <object_component id="oc-1a8">
         <name>.debug_info</name>
         <load_address>0x9fce</load_address>
         <run_address>0x9fce</run_address>
         <size>0x76</size>
         <input_file_ref idref="fl-2"/>
      </object_component>
      <object_component id="oc-1af">
         <name>.debug_info</name>
         <load_address>0xa044</load_address>
         <run_address>0xa044</run_address>
         <size>0x250</size>
         <input_file_ref idref="fl-3"/>
      </object_component>
      <object_component id="oc-1b6">
         <name>.debug_info</name>
         <load_address>0xa294</load_address>
         <run_address>0xa294</run_address>
         <size>0x250</size>
         <input_file_ref idref="fl-6"/>
      </object_component>
      <object_component id="oc-1c1">
         <name>.debug_info</name>
         <load_address>0xa4e4</load_address>
         <run_address>0xa4e4</run_address>
         <size>0x115</size>
         <input_file_ref idref="fl-99"/>
      </object_component>
      <object_component id="oc-1c5">
         <name>.debug_info</name>
         <load_address>0xa5f9</load_address>
         <run_address>0xa5f9</run_address>
         <size>0x133</size>
         <input_file_ref idref="fl-90"/>
      </object_component>
      <object_component id="oc-1c9">
         <name>.debug_info</name>
         <load_address>0xa72c</load_address>
         <run_address>0xa72c</run_address>
         <size>0x1ba</size>
         <input_file_ref idref="fl-a5"/>
      </object_component>
      <object_component id="oc-1cb">
         <name>.debug_info</name>
         <load_address>0xa8e6</load_address>
         <run_address>0xa8e6</run_address>
         <size>0x183</size>
         <input_file_ref idref="fl-a4"/>
      </object_component>
      <object_component id="oc-1ce">
         <name>.debug_info</name>
         <load_address>0xaa69</load_address>
         <run_address>0xaa69</run_address>
         <size>0x163</size>
         <input_file_ref idref="fl-93"/>
      </object_component>
      <object_component id="oc-1d2">
         <name>.debug_info</name>
         <load_address>0xabcc</load_address>
         <run_address>0xabcc</run_address>
         <size>0x17f</size>
         <input_file_ref idref="fl-9d"/>
      </object_component>
      <object_component id="oc-1d7">
         <name>.debug_info</name>
         <load_address>0xad4b</load_address>
         <run_address>0xad4b</run_address>
         <size>0x1c8</size>
         <input_file_ref idref="fl-9b"/>
      </object_component>
      <object_component id="oc-1db">
         <name>.debug_info</name>
         <load_address>0xaf13</load_address>
         <run_address>0xaf13</run_address>
         <size>0x1fe</size>
         <input_file_ref idref="fl-9b"/>
      </object_component>
      <object_component id="oc-1df">
         <name>.debug_info</name>
         <load_address>0xb111</load_address>
         <run_address>0xb111</run_address>
         <size>0x17d</size>
         <input_file_ref idref="fl-ac"/>
      </object_component>
      <object_component id="oc-1e7">
         <name>.debug_info</name>
         <load_address>0xb28e</load_address>
         <run_address>0xb28e</run_address>
         <size>0x101</size>
         <input_file_ref idref="fl-9b"/>
      </object_component>
      <object_component id="oc-1ee">
         <name>.debug_info</name>
         <load_address>0xb38f</load_address>
         <run_address>0xb38f</run_address>
         <size>0xa9</size>
         <input_file_ref idref="fl-86"/>
      </object_component>
      <object_component id="oc-1f1">
         <name>.debug_info</name>
         <load_address>0xb438</load_address>
         <run_address>0xb438</run_address>
         <size>0x171</size>
         <input_file_ref idref="fl-8c"/>
      </object_component>
      <object_component id="oc-1f5">
         <name>.debug_info</name>
         <load_address>0xb5a9</load_address>
         <run_address>0xb5a9</run_address>
         <size>0x1c1</size>
         <input_file_ref idref="fl-90"/>
      </object_component>
      <object_component id="oc-1fb">
         <name>.debug_info</name>
         <load_address>0xb76a</load_address>
         <run_address>0xb76a</run_address>
         <size>0xbb</size>
         <input_file_ref idref="fl-8c"/>
      </object_component>
      <object_component id="oc-201">
         <name>.debug_info</name>
         <load_address>0xb825</load_address>
         <run_address>0xb825</run_address>
         <size>0x154</size>
         <input_file_ref idref="fl-8b"/>
      </object_component>
      <object_component id="oc-203">
         <name>.debug_info</name>
         <load_address>0xb979</load_address>
         <run_address>0xb979</run_address>
         <size>0xaa</size>
         <input_file_ref idref="fl-90"/>
      </object_component>
      <object_component id="oc-205">
         <name>.debug_info</name>
         <load_address>0xba23</load_address>
         <run_address>0xba23</run_address>
         <size>0x2c</size>
         <input_file_ref idref="fl-8a"/>
      </object_component>
      <object_component id="oc-20d">
         <name>.debug_info</name>
         <load_address>0xba4f</load_address>
         <run_address>0xba4f</run_address>
         <size>0xaa</size>
         <input_file_ref idref="fl-a3"/>
      </object_component>
      <object_component id="oc-20f">
         <name>.debug_info</name>
         <load_address>0xbaf9</load_address>
         <run_address>0xbaf9</run_address>
         <size>0x97</size>
         <input_file_ref idref="fl-a3"/>
      </object_component>
      <object_component id="oc-213">
         <name>.debug_info</name>
         <load_address>0xbb90</load_address>
         <run_address>0xbb90</run_address>
         <size>0xfe</size>
         <input_file_ref idref="fl-92"/>
      </object_component>
      <object_component id="oc-215">
         <name>.debug_info</name>
         <load_address>0xbc8e</load_address>
         <run_address>0xbc8e</run_address>
         <size>0xf0</size>
         <input_file_ref idref="fl-92"/>
      </object_component>
      <object_component id="oc-219">
         <name>.debug_info</name>
         <load_address>0xbd7e</load_address>
         <run_address>0xbd7e</run_address>
         <size>0x140</size>
         <input_file_ref idref="fl-92"/>
      </object_component>
      <object_component id="oc-21d">
         <name>.debug_info</name>
         <load_address>0xbebe</load_address>
         <run_address>0xbebe</run_address>
         <size>0x140</size>
         <input_file_ref idref="fl-92"/>
      </object_component>
      <object_component id="oc-226">
         <name>.debug_info</name>
         <load_address>0xbffe</load_address>
         <run_address>0xbffe</run_address>
         <size>0x16f</size>
         <input_file_ref idref="fl-ae"/>
      </object_component>
      <object_component id="oc-22a">
         <name>.debug_info</name>
         <load_address>0xc16d</load_address>
         <run_address>0xc16d</run_address>
         <size>0x103</size>
         <input_file_ref idref="fl-99"/>
      </object_component>
      <object_component id="oc-22c">
         <name>.debug_info</name>
         <load_address>0xc270</load_address>
         <run_address>0xc270</run_address>
         <size>0x137</size>
         <input_file_ref idref="fl-98"/>
      </object_component>
      <object_component id="oc-22e">
         <name>.debug_info</name>
         <load_address>0xc3a7</load_address>
         <run_address>0xc3a7</run_address>
         <size>0x323</size>
         <input_file_ref idref="fl-90"/>
      </object_component>
      <object_component id="oc-232">
         <name>.debug_info</name>
         <load_address>0xc6ca</load_address>
         <run_address>0xc6ca</run_address>
         <size>0x11c</size>
         <input_file_ref idref="fl-90"/>
      </object_component>
      <object_component id="oc-236">
         <name>.debug_info</name>
         <load_address>0xc7e6</load_address>
         <run_address>0xc7e6</run_address>
         <size>0x11d</size>
         <input_file_ref idref="fl-90"/>
      </object_component>
      <object_component id="oc-23a">
         <name>.debug_info</name>
         <load_address>0xc903</load_address>
         <run_address>0xc903</run_address>
         <size>0xab</size>
         <input_file_ref idref="fl-86"/>
      </object_component>
      <object_component id="oc-245">
         <name>.debug_info</name>
         <load_address>0xc9ae</load_address>
         <run_address>0xc9ae</run_address>
         <size>0x1ab</size>
         <input_file_ref idref="fl-93"/>
      </object_component>
      <object_component id="oc-247">
         <name>.debug_info</name>
         <load_address>0xcb59</load_address>
         <run_address>0xcb59</run_address>
         <size>0xac</size>
         <input_file_ref idref="fl-a1"/>
      </object_component>
      <object_component id="oc-249">
         <name>.debug_info</name>
         <load_address>0xcc05</load_address>
         <run_address>0xcc05</run_address>
         <size>0xf6</size>
         <input_file_ref idref="fl-9d"/>
      </object_component>
      <object_component id="oc-24b">
         <name>.debug_info</name>
         <load_address>0xccfb</load_address>
         <run_address>0xccfb</run_address>
         <size>0x12f</size>
         <input_file_ref idref="fl-9b"/>
      </object_component>
      <object_component id="oc-24f">
         <name>.debug_info</name>
         <load_address>0xce2a</load_address>
         <run_address>0xce2a</run_address>
         <size>0xfc</size>
         <input_file_ref idref="fl-a9"/>
      </object_component>
      <object_component id="oc-253">
         <name>.debug_info</name>
         <load_address>0xcf26</load_address>
         <run_address>0xcf26</run_address>
         <size>0x209</size>
         <input_file_ref idref="fl-9b"/>
      </object_component>
      <object_component id="oc-257">
         <name>.debug_info</name>
         <load_address>0xd12f</load_address>
         <run_address>0xd12f</run_address>
         <size>0x146</size>
         <input_file_ref idref="fl-9b"/>
      </object_component>
      <object_component id="oc-25b">
         <name>.debug_info</name>
         <load_address>0xd275</load_address>
         <run_address>0xd275</run_address>
         <size>0x321</size>
         <input_file_ref idref="fl-9b"/>
      </object_component>
      <object_component id="oc-260">
         <name>.debug_info</name>
         <load_address>0xd596</load_address>
         <run_address>0xd596</run_address>
         <size>0x16e</size>
         <input_file_ref idref="fl-9b"/>
      </object_component>
      <object_component id="oc-264">
         <name>.debug_info</name>
         <load_address>0xd704</load_address>
         <run_address>0xd704</run_address>
         <size>0xf3</size>
         <input_file_ref idref="fl-ad"/>
      </object_component>
      <object_component id="oc-268">
         <name>.debug_info</name>
         <load_address>0xd7f7</load_address>
         <run_address>0xd7f7</run_address>
         <size>0x211</size>
         <input_file_ref idref="fl-9b"/>
      </object_component>
      <object_component id="oc-26d">
         <name>.debug_info</name>
         <load_address>0xda08</load_address>
         <run_address>0xda08</run_address>
         <size>0xd2</size>
         <input_file_ref idref="fl-ac"/>
      </object_component>
      <object_component id="oc-272">
         <name>.debug_info</name>
         <load_address>0xdada</load_address>
         <run_address>0xdada</run_address>
         <size>0x132</size>
[...]
         <usage_details>
         </usage_details>
      </memory_area>
      <memory_area>
         <name>MSMCSRAM</name>
         <page_id>0x0</page_id>
         <origin>0xc000000</origin>
         <length>0x200000</length>
         <used_space>0x0</used_space>
         <unused_space>0x200000</unused_space>
         <attributes>RWX</attributes>
         <usage_details>
         </usage_details>
      </memory_area>
      <memory_area>
         <name>DDR3</name>
         <page_id>0x0</page_id>
         <origin>0x80000000</origin>
         <length>0x10000000</length>
         <used_space>0x0</used_space>
         <unused_space>0x10000000</unused_space>
         <attributes>RWX</attributes>
         <usage_details>
         </usage_details>
      </memory_area>
   </placement_map>
   <cptbl_list>
      <cptbl>
         <name>__TI_cinit_table</name>
         <cprec>
            <name>.fardata</name>
            <load_address>0x853560</load_address>
            <load_size>0x6e</load_size>
            <run_address>0x852ca0</run_address>
            <run_size>0x328</run_size>
            <compression>rle</compression>
         </cprec>
         <cprec>
            <name>.far</name>
            <load_address>0x8535dc</load_address>
            <load_size>0x8</load_size>
            <run_address>0x8532f8</run_address>
            <run_size>0x148</run_size>
            <compression>zero_init</compression>
         </cprec>
      </cptbl>
   </cptbl_list>
   <handler_table>
      <handler_table_name>__TI_handler_table</handler_table_name>
      <handler>
         <index>0x0</index>
         <name>__TI_zero_init</name>
      </handler>
      <handler>
         <index>0x1</index>
         <name>__TI_decompress_rle24</name>
      </handler>
      <handler>
         <index>0x2</index>
         <name>__TI_decompress_none</name>
      </handler>
   </handler_table>
   <symbol_table>
      <symbol id="sm-1">
         <name>__TI_CINIT_Base</name>
         <value>0x8535e4</value>
      </symbol>
      <symbol id="sm-2">
         <name>__TI_CINIT_Limit</name>
         <value>0x8535f4</value>
      </symbol>
      <symbol id="sm-3">
         <name>__TI_Handler_Table_Base</name>
         <value>0x8535d0</value>
      </symbol>
      <symbol id="sm-4">
         <name>__TI_Handler_Table_Limit</name>
         <value>0x8535dc</value>
      </symbol>
      <symbol id="sm-5">
         <name>binit</name>
         <value>0xffffffff</value>
      </symbol>
      <symbol id="sm-6">
         <name>__binit__</name>
         <value>0xffffffff</value>
      </symbol>
      <symbol id="sm-7">
         <name>__TI_STACK_SIZE</name>
         <value>0xa000</value>
      </symbol>
      <symbol id="sm-8">
         <name>__TI_STACK_END</name>
         <value>0x84b000</value>
      </symbol>
      <symbol id="sm-9">
         <name>__TI_SYSMEM_SIZE</name>
         <value>0x41000</value>
      </symbol>
      <symbol id="sm-a">
         <name>__c_args__</name>
         <value>0xffffffff</value>
      </symbol>
      <symbol id="sm-b">
         <name>__TI_pprof_out_hndl</name>
         <value>0xffffffff</value>
      </symbol>
      <symbol id="sm-c">
         <name>__TI_prof_data_start</name>
         <value>0xffffffff</value>
      </symbol>
      <symbol id="sm-d">
         <name>__TI_prof_data_size</name>
         <value>0xffffffff</value>
      </symbol>
      <symbol id="sm-50">
         <name>creat_progress_bar</name>
         <value>0x84ff00</value>
         <object_component_ref idref="oc-116"/>
      </symbol>
      <symbol id="sm-51">
         <name>destory_progress_bar</name>
         <value>0x850034</value>
         <object_component_ref idref="oc-116"/>
      </symbol>
      <symbol id="sm-52">
         <name>progress_bar</name>
         <value>0x84ff48</value>
         <object_component_ref idref="oc-116"/>
      </symbol>
      <symbol id="sm-53">
         <name>stop_progress_bar</name>
         <value>0x84fff4</value>
         <object_component_ref idref="oc-116"/>
      </symbol>
      <symbol id="sm-89">
         <name>main</name>
         <value>0x851be0</value>
         <object_component_ref idref="oc-63"/>
      </symbol>
      <symbol id="sm-10a">
         <name>s29glWrite16bit</name>
         <value>0x84b000</value>
         <object_component_ref idref="oc-b5"/>
      </symbol>
      <symbol id="sm-10b">
         <name>OpenFastMode</name>
         <value>0x84b2ac</value>
         <object_component_ref idref="oc-b5"/>
      </symbol>
      <symbol id="sm-10c">
         <name>program_code_to_flash</name>
         <value>0x84b30c</value>
         <object_component_ref idref="oc-b5"/>
      </symbol>
      <symbol id="sm-10d">
         <name>sm29glRead16bit</name>
         <value>0x84b02c</value>
         <object_component_ref idref="oc-b5"/>
      </symbol>
      <symbol id="sm-10e">
         <name>SectorErase</name>
         <value>0x84b054</value>
         <object_component_ref idref="oc-b5"/>
      </symbol>
      <symbol id="sm-10f">
         <name>CloseFastMode</name>
         <value>0x84b2f8</value>
         <object_component_ref idref="oc-b5"/>
      </symbol>
      <symbol id="sm-110">
         <name>ProgramFastMode</name>
         <value>0x84b2d0</value>
         <object_component_ref idref="oc-b5"/>
      </symbol>
      <symbol id="sm-111">
         <name>Program16Data</name>
         <value>0x84b26c</value>
         <object_component_ref idref="oc-b5"/>
      </symbol>
      <symbol id="sm-143">
         <name>platform_delaycycles</name>
         <value>0x84e378</value>
         <object_component_ref idref="oc-b0"/>
      </symbol>
      <symbol id="sm-144">
         <name>emif16_init</name>
         <value>0x84e3b0</value>
         <object_component_ref idref="oc-b0"/>
      </symbol>
      <symbol id="sm-15b">
         <name>CSL_PLLC_open</name>
         <value>0x852b60</value>
         <object_component_ref idref="oc-a2"/>
      </symbol>
      <symbol id="sm-189">
         <name>Wait_Soft</name>
         <value>0x84ca20</value>
         <object_component_ref idref="oc-a7"/>
      </symbol>
      <symbol id="sm-18a">
         <name>getcore_clk</name>
         <value>0x84cda4</value>
         <object_component_ref idref="oc-a7"/>
      </symbol>
      <symbol id="sm-18b">
         <name>Set_Pll1</name>
         <value>0x84ca4c</value>
         <object_component_ref idref="oc-a7"/>
      </symbol>
      <symbol id="sm-1a6">
         <name>_c_int00</name>
         <value>0x8525c0</value>
         <object_component_ref idref="oc-14"/>
      </symbol>
      <symbol id="sm-1a7">
         <name>_stack</name>
         <value>0x841000</value>
         <object_component_ref idref="oc-24"/>
      </symbol>
      <symbol id="sm-1c0">
         <name>__TI_decompress_none</name>
         <value>0x852c60</value>
         <object_component_ref idref="oc-18"/>
      </symbol>
      <symbol id="sm-1e1">
         <name>__TI_decompress_rle24</name>
         <value>0x852c80</value>
         <object_component_ref idref="oc-20"/>
      </symbol>
      <symbol id="sm-1f1">
         <name>__TI_zero_init</name>
         <value>0x851200</value>
         <object_component_ref idref="oc-1c"/>
      </symbol>
      <symbol id="sm-20c">
         <name>_tmpnams</name>
         <value>0x8532f8</value>
         <object_component_ref idref="oc-239"/>
      </symbol>
      <symbol id="sm-20d">
         <name>_ftable</name>
         <value>0x852ca0</value>
         <object_component_ref idref="oc-ee"/>
      </symbol>
      <symbol id="sm-20e">
         <name>_ft_end</name>
         <value>0x852fb8</value>
         <object_component_ref idref="oc-1ed"/>
      </symbol>
      <symbol id="sm-216">
         <name>__c6xabi_divi</name>
         <value>0x850e80</value>
         <object_component_ref idref="oc-e2"/>
      </symbol>
      <symbol id="sm-217">
         <name>__divi</name>
         <value>0x850e80</value>
         <object_component_ref idref="oc-e2"/>
      </symbol>
      <symbol id="sm-21f">
         <name>__c6xabi_divu</name>
         <value>0x8518a0</value>
         <object_component_ref idref="oc-e6"/>
      </symbol>
      <symbol id="sm-220">
         <name>__divu</name>
         <value>0x8518a0</value>
         <object_component_ref idref="oc-e6"/>
      </symbol>
      <symbol id="sm-23f">
         <name>C$$EXIT</name>
         <value>0x852c40</value>
         <object_component_ref idref="oc-70"/>
      </symbol>
      <symbol id="sm-240">
         <name>_dtors_ptr</name>
         <value>0x852f9c</value>
         <object_component_ref idref="oc-6e"/>
      </symbol>
      <symbol id="sm-241">
         <name>abort</name>
         <value>0x852c40</value>
         <object_component_ref idref="oc-70"/>
      </symbol>
      <symbol id="sm-242">
         <name>_cleanup_ptr</name>
         <value>0x852f98</value>
         <object_component_ref idref="oc-6e"/>
      </symbol>
      <symbol id="sm-243">
         <name>exit</name>
         <value>0x851ae0</value>
         <object_component_ref idref="oc-30"/>
      </symbol>
      <symbol id="sm-244">
         <name>__TI_enable_exit_profile_output</name>
         <value>0x852fa0</value>
         <object_component_ref idref="oc-6e"/>
      </symbol>
      <symbol id="sm-262">
         <name>_closefile</name>
         <value>0x850400</value>
         <object_component_ref idref="oc-19b"/>
      </symbol>
      <symbol id="sm-263">
         <name>fclose</name>
         <value>0x8528c0</value>
         <object_component_ref idref="oc-11f"/>
      </symbol>
      <symbol id="sm-27e">
         <name>fflush</name>
         <value>0x8512e0</value>
         <object_component_ref idref="oc-182"/>
      </symbol>
      <symbol id="sm-27f">
         <name>_doflush</name>
         <value>0x851960</value>
         <object_component_ref idref="oc-16e"/>
      </symbol>
      <symbol id="sm-2b3">
         <name>fopen</name>
         <value>0x852920</value>
         <object_component_ref idref="oc-10a"/>
      </symbol>
      <symbol id="sm-2b4">
         <name>_cleanup</name>
         <value>0x851dc0</value>
         <object_component_ref idref="oc-1f0"/>
      </symbol>
      <symbol id="sm-2d2">
         <name>fread</name>
         <value>0x84d800</value>
         <object_component_ref idref="oc-11b"/>
      </symbol>
      <symbol id="sm-2e3">
         <name>fseek</name>
         <value>0x850760</value>
         <object_component_ref idref="oc-10e"/>
      </symbol>
      <symbol id="sm-2f4">
         <name>ftell</name>
         <value>0x850880</value>
         <object_component_ref idref="oc-112"/>
      </symbol>
      <symbol id="sm-36b">
         <name>open</name>
         <value>0x84fd80</value>
         <object_component_ref idref="oc-1f4"/>
      </symbol>
      <symbol id="sm-36c">
         <name>lseek</name>
         <value>0x852180</value>
         <object_component_ref idref="oc-172"/>
      </symbol>
      <symbol id="sm-36d">
         <name>read</name>
         <value>0x852400</value>
         <object_component_ref idref="oc-195"/>
      </symbol>
      <symbol id="sm-36e">
         <name>write</name>
         <value>0x8524a0</value>
         <object_component_ref idref="oc-1c4"/>
      </symbol>
      <symbol id="sm-36f">
         <name>close</name>
         <value>0x851120</value>
         <object_component_ref idref="oc-231"/>
      </symbol>
      <symbol id="sm-370">
         <name>unlink</name>
         <value>0x8526c0</value>
         <object_component_ref idref="oc-235"/>
      </symbol>
      <symbol id="sm-377">
         <name>memcpy</name>
         <value>0x852220</value>
         <object_component_ref idref="oc-35"/>
      </symbol>
      <symbol id="sm-3c8">
         <name>_sys_memory</name>
         <value>0x800000</value>
         <object_component_ref idref="oc-26"/>
      </symbol>
      <symbol id="sm-3c9">
         <name>free</name>
         <value>0x84dfe0</value>
         <object_component_ref idref="oc-186"/>
      </symbol>
      <symbol id="sm-3ca">
         <name>malloc</name>
         <value>0x84fc00</value>
         <object_component_ref idref="oc-17e"/>
      </symbol>
      <symbol id="sm-3cb">
         <name>_minit</name>
         <value>0x851fa0</value>
         <object_component_ref idref="oc-214"/>
      </symbol>
      <symbol id="sm-3d6">
         <name>memset</name>
         <value>0x8514a0</value>
         <object_component_ref idref="oc-1cd"/>
      </symbol>
      <symbol id="sm-3f1">
         <name>printf</name>
         <value>0x851580</value>
         <object_component_ref idref="oc-ac"/>
      </symbol>
      <symbol id="sm-42f">
         <name>HOSTrename</name>
         <value>0x84f740</value>
         <object_component_ref idref="oc-2f0"/>
      </symbol>
      <symbol id="sm-430">
         <name>HOSTclose</name>
         <value>0x851d20</value>
         <object_component_ref idref="oc-2dc"/>
      </symbol>
      <symbol id="sm-431">
         <name>HOSTunlink</name>
         <value>0x851720</value>
         <object_component_ref idref="oc-2ec"/>
      </symbol>
      <symbol id="sm-432">
         <name>HOSTlseek</name>
         <value>0x8509a0</value>
         <object_component_ref idref="oc-2e8"/>
      </symbol>
      <symbol id="sm-433">
         <name>HOSTopen</name>
         <value>0x850da0</value>
         <object_component_ref idref="oc-2d8"/>
      </symbol>
      <symbol id="sm-434">
         <name>HOSTwrite</name>
         <value>0x8517e0</value>
         <object_component_ref idref="oc-2e4"/>
      </symbol>
      <symbol id="sm-435">
         <name>HOSTread</name>
         <value>0x851660</value>
         <object_component_ref idref="oc-2e0"/>
      </symbol>
      <symbol id="sm-44a">
         <name>writemsg</name>
         <value>0x852a40</value>
         <object_component_ref idref="oc-318"/>
      </symbol>
      <symbol id="sm-44b">
         <name>C$$IO$$</name>
         <value>0x852a98</value>
         <object_component_ref idref="oc-318"/>
      </symbol>
      <symbol id="sm-44c">
         <name>__CIOBUF_</name>
         <value>0x853440</value>
         <object_component_ref idref="oc-342"/>
      </symbol>
      <symbol id="sm-44d">
         <name>readmsg</name>
         <value>0x852640</value>
         <object_component_ref idref="oc-31c"/>
      </symbol>
      <symbol id="sm-45b">
         <name>_buff_read</name>
         <value>0x8502e0</value>
         <object_component_ref idref="oc-191"/>
      </symbol>
      <symbol id="sm-472">
         <name>_wrt_ok</name>
         <value>0x850ba0</value>
         <object_component_ref idref="oc-1c0"/>
      </symbol>
      <symbol id="sm-473">
         <name>_rd_ok</name>
         <value>0x851a20</value>
         <object_component_ref idref="oc-18d"/>
      </symbol>
      <symbol id="sm-481">
         <name>_nop</name>
         <value>0x852be0</value>
         <object_component_ref idref="oc-132"/>
      </symbol>
      <symbol id="sm-482">
         <name>_lock</name>
         <value>0x852fb0</value>
         <object_component_ref idref="oc-ec"/>
      </symbol>
      <symbol id="sm-483">
         <name>_unlock</name>
         <value>0x852fb4</value>
         <object_component_ref idref="oc-ec"/>
      </symbol>
      <symbol id="sm-5c9">
         <name>_printfi</name>
         <value>0x84c160</value>
         <object_component_ref idref="oc-f8"/>
      </symbol>
      <symbol id="sm-5d0">
         <name>_args_main</name>
         <value>0x852b20</value>
         <object_component_ref idref="oc-2c"/>
      </symbol>
      <symbol id="sm-5de">
         <name>atoi</name>
         <value>0x851040</value>
         <object_component_ref idref="oc-1d1"/>
      </symbol>
      <symbol id="sm-5ea">
         <name>_auto_init_elf</name>
         <value>0x850aa0</value>
         <object_component_ref idref="oc-28"/>
      </symbol>
      <symbol id="sm-5f4">
         <name>__TI_cpp_init</name>
         <value>0x852740</value>
         <object_component_ref idref="oc-5e"/>
      </symbol>
      <symbol id="sm-609">
         <name>copy_in</name>
         <value>0x850ca0</value>
         <object_component_ref idref="oc-56"/>
      </symbol>
      <symbol id="sm-612">
         <name>_ctypes_</name>
         <value>0x853110</value>
         <object_component_ref idref="oc-246"/>
      </symbol>
      <symbol id="sm-625">
         <name>__c6xabi_divd</name>
         <value>0x84b5e0</value>
         <object_component_ref idref="oc-2b9"/>
      </symbol>
      <symbol id="sm-633">
         <name>__errno</name>
         <value>0x852fbc</value>
         <object_component_ref idref="oc-20c"/>
      </symbol>
      <symbol id="sm-634">
         <name>errno</name>
         <value>0x852fbc</value>
         <object_component_ref idref="oc-20c"/>
      </symbol>
      <symbol id="sm-635">
         <name>__c6xabi_errno_addr</name>
         <value>0x852ba0</value>
         <object_component_ref idref="oc-178"/>
      </symbol>
      <symbol id="sm-650">
         <name>fputc</name>
         <value>0x84eda0</value>
         <object_component_ref idref="oc-141"/>
      </symbol>
      <symbol id="sm-66f">
         <name>fputs</name>
         <value>0x84ce60</value>
         <object_component_ref idref="oc-13c"/>
      </symbol>
      <symbol id="sm-676">
         <name>__c6xabi_frcmpyd_div</name>
         <value>0x8527a0</value>
         <object_component_ref idref="oc-307"/>
      </symbol>
      <symbol id="sm-67f">
         <name>__c6xabi_divul</name>
         <value>0x84f8e0</value>
         <object_component_ref idref="oc-30c"/>
      </symbol>
      <symbol id="sm-692">
         <name>_subcull</name>
         <value>0x852860</value>
         <object_component_ref idref="oc-33b"/>
      </symbol>
      <symbol id="sm-693">
         <name>__c6xabi_divull</name>
         <value>0x84e4c0</value>
         <object_component_ref idref="oc-310"/>
      </symbol>
      <symbol id="sm-69a">
         <name>__c6xabi_isinf</name>
         <value>0x852aa0</value>
         <object_component_ref idref="oc-24e"/>
      </symbol>
      <symbol id="sm-6b0">
         <name>__c6xabi_llshru</name>
         <value>0x852800</value>
         <object_component_ref idref="oc-303"/>
      </symbol>
      <symbol id="sm-6b1">
         <name>__c6xabi_llshl</name>
         <value>0x852540</value>
         <object_component_ref idref="oc-337"/>
      </symbol>
      <symbol id="sm-6bb">
         <name>ltoa</name>
         <value>0x8513c0</value>
         <object_component_ref idref="oc-2fa"/>
      </symbol>
      <symbol id="sm-6c8">
         <name>memccpy</name>
         <value>0x852980</value>
         <object_component_ref idref="oc-1de"/>
      </symbol>
      <symbol id="sm-6d4">
         <name>__c6xabi_negll</name>
         <value>0x852bc0</value>
         <object_component_ref idref="oc-263"/>
      </symbol>
      <symbol id="sm-6ea">
         <name>setvbuf</name>
         <value>0x84f1c0</value>
         <object_component_ref idref="oc-225"/>
      </symbol>
      <symbol id="sm-6f7">
         <name>__TI_tls_init</name>
         <value>0x851c60</value>
         <object_component_ref idref="oc-5a"/>
      </symbol>
      <symbol id="sm-6fa">
         <name>__TI_STATIC_BASE</name>
         <value>0x0</value>
      </symbol>
      <symbol id="sm-6fb">
         <name>__TI_args_main</name>
         <value>0x1</value>
      </symbol>
      <symbol id="sm-6fc">
         <name>__TI_INITARRAY_Base</name>
         <value>0x0</value>
      </symbol>
      <symbol id="sm-6fd">
         <name>__TI_INITARRAY_Limit</name>
         <value>0x0</value>
      </symbol>
      <symbol id="sm-6fe">
         <name>__TI_TLS_INIT_Base</name>
         <value>0x0</value>
      </symbol>
      <symbol id="sm-6ff">
         <name>__TI_TLS_INIT_Limit</name>
         <value>0x0</value>
      </symbol>
      <symbol id="sm-702">
         <name>remove</name>
         <value>0x8526c0</value>
      </symbol>
   </symbol_table>
</link_info>
