<?xml version="1.0"?>
<link_info>
   <banner>TMS320C6x Linker PC v7.4.4</banner>
   <copyright>Copyright (c) 1996-2013 Texas Instruments Incorporated</copyright>
   <link_time>0x63e5b3ae</link_time>
   <output_file>BurnBootToFlash.out</output_file>
   <entry_point>
      <name>_c_int00</name>
      <address>0x853d80</address>
   </entry_point>
   <input_file_list>
      <input_file id="fl-2">
         <path>.\</path>
         <kind>object</kind>
         <file>progress_bar.obj</file>
         <name>progress_bar.obj</name>
      </input_file>
      <input_file id="fl-3">
         <path>.\</path>
         <kind>object</kind>
         <file>main.obj</file>
         <name>main.obj</name>
      </input_file>
      <input_file id="fl-4">
         <path>.\</path>
         <kind>object</kind>
         <file>flash.obj</file>
         <name>flash.obj</name>
      </input_file>
      <input_file id="fl-5">
         <path>.\</path>
         <kind>object</kind>
         <file>evmc6678.obj</file>
         <name>evmc6678.obj</name>
      </input_file>
      <input_file id="fl-6">
         <path>.\</path>
         <kind>object</kind>
         <file>emif.obj</file>
         <name>emif.obj</name>
      </input_file>
      <input_file id="fl-7">
         <path>.\</path>
         <kind>object</kind>
         <file>csl_pllcGetBaseAddress.obj</file>
         <name>csl_pllcGetBaseAddress.obj</name>
      </input_file>
      <input_file id="fl-8">
         <path>.\</path>
         <kind>object</kind>
         <file>PLL2.obj</file>
         <name>PLL2.obj</name>
      </input_file>
      <input_file id="fl-9">
         <path>.\</path>
         <kind>object</kind>
         <file>PLL.obj</file>
         <name>PLL.obj</name>
      </input_file>
      <input_file id="fl-a">
         <path>.\</path>
         <kind>object</kind>
         <file>DDR3_800M.obj</file>
         <name>DDR3_800M.obj</name>
      </input_file>
      <input_file id="fl-85">
         <path>C:\ti\ccsv5\tools\compiler\c6000_7.4.4\lib\</path>
         <kind>archive</kind>
         <file>rts6600_elf.lib</file>
         <name>boot.obj</name>
      </input_file>
      <input_file id="fl-86">
         <path>C:\ti\ccsv5\tools\compiler\c6000_7.4.4\lib\</path>
         <kind>archive</kind>
         <file>rts6600_elf.lib</file>
         <name>copy_decompress_none.obj</name>
      </input_file>
      <input_file id="fl-87">
         <path>C:\ti\ccsv5\tools\compiler\c6000_7.4.4\lib\</path>
         <kind>archive</kind>
         <file>rts6600_elf.lib</file>
         <name>copy_decompress_rle.obj</name>
      </input_file>
      <input_file id="fl-88">
         <path>C:\ti\ccsv5\tools\compiler\c6000_7.4.4\lib\</path>
         <kind>archive</kind>
         <file>rts6600_elf.lib</file>
         <name>copy_zero_init.obj</name>
      </input_file>
      <input_file id="fl-89">
         <path>C:\ti\ccsv5\tools\compiler\c6000_7.4.4\lib\</path>
         <kind>archive</kind>
         <file>rts6600_elf.lib</file>
         <name>defs.obj</name>
      </input_file>
      <input_file id="fl-8a">
         <path>C:\ti\ccsv5\tools\compiler\c6000_7.4.4\lib\</path>
         <kind>archive</kind>
         <file>rts6600_elf.lib</file>
         <name>divi.obj</name>
      </input_file>
      <input_file id="fl-8b">
         <path>C:\ti\ccsv5\tools\compiler\c6000_7.4.4\lib\</path>
         <kind>archive</kind>
         <file>rts6600_elf.lib</file>
         <name>divu.obj</name>
      </input_file>
      <input_file id="fl-8c">
         <path>C:\ti\ccsv5\tools\compiler\c6000_7.4.4\lib\</path>
         <kind>archive</kind>
         <file>rts6600_elf.lib</file>
         <name>exit.obj</name>
      </input_file>
      <input_file id="fl-8d">
         <path>C:\ti\ccsv5\tools\compiler\c6000_7.4.4\lib\</path>
         <kind>archive</kind>
         <file>rts6600_elf.lib</file>
         <name>fclose.obj</name>
      </input_file>
      <input_file id="fl-8e">
         <path>C:\ti\ccsv5\tools\compiler\c6000_7.4.4\lib\</path>
         <kind>archive</kind>
         <file>rts6600_elf.lib</file>
         <name>fflush.obj</name>
      </input_file>
      <input_file id="fl-8f">
         <path>C:\ti\ccsv5\tools\compiler\c6000_7.4.4\lib\</path>
         <kind>archive</kind>
         <file>rts6600_elf.lib</file>
         <name>fopen.obj</name>
      </input_file>
      <input_file id="fl-90">
         <path>C:\ti\ccsv5\tools\compiler\c6000_7.4.4\lib\</path>
         <kind>archive</kind>
         <file>rts6600_elf.lib</file>
         <name>fread.obj</name>
      </input_file>
      <input_file id="fl-91">
         <path>C:\ti\ccsv5\tools\compiler\c6000_7.4.4\lib\</path>
         <kind>archive</kind>
         <file>rts6600_elf.lib</file>
         <name>fseek.obj</name>
      </input_file>
      <input_file id="fl-92">
         <path>C:\ti\ccsv5\tools\compiler\c6000_7.4.4\lib\</path>
         <kind>archive</kind>
         <file>rts6600_elf.lib</file>
         <name>ftell.obj</name>
      </input_file>
      <input_file id="fl-93">
         <path>C:\ti\ccsv5\tools\compiler\c6000_7.4.4\lib\</path>
         <kind>archive</kind>
         <file>rts6600_elf.lib</file>
         <name>lowlev.obj</name>
      </input_file>
      <input_file id="fl-94">
         <path>C:\ti\ccsv5\tools\compiler\c6000_7.4.4\lib\</path>
         <kind>archive</kind>
         <file>rts6600_elf.lib</file>
         <name>memcpy64.obj</name>
      </input_file>
      <input_file id="fl-95">
         <path>C:\ti\ccsv5\tools\compiler\c6000_7.4.4\lib\</path>
         <kind>archive</kind>
         <file>rts6600_elf.lib</file>
         <name>memory.obj</name>
      </input_file>
      <input_file id="fl-96">
         <path>C:\ti\ccsv5\tools\compiler\c6000_7.4.4\lib\</path>
         <kind>archive</kind>
         <file>rts6600_elf.lib</file>
         <name>memset.obj</name>
      </input_file>
      <input_file id="fl-97">
         <path>C:\ti\ccsv5\tools\compiler\c6000_7.4.4\lib\</path>
         <kind>archive</kind>
         <file>rts6600_elf.lib</file>
         <name>printf.obj</name>
      </input_file>
      <input_file id="fl-98">
         <path>C:\ti\ccsv5\tools\compiler\c6000_7.4.4\lib\</path>
         <kind>archive</kind>
         <file>rts6600_elf.lib</file>
         <name>remove.obj</name>
      </input_file>
      <input_file id="fl-99">
         <path>C:\ti\ccsv5\tools\compiler\c6000_7.4.4\lib\</path>
         <kind>archive</kind>
         <file>rts6600_elf.lib</file>
         <name>trgdrv.obj</name>
      </input_file>
      <input_file id="fl-9a">
         <path>C:\ti\ccsv5\tools\compiler\c6000_7.4.4\lib\</path>
         <kind>archive</kind>
         <file>rts6600_elf.lib</file>
         <name>trgmsg.obj</name>
      </input_file>
      <input_file id="fl-9b">
         <path>C:\ti\ccsv5\tools\compiler\c6000_7.4.4\lib\</path>
         <kind>archive</kind>
         <file>rts6600_elf.lib</file>
         <name>_bufread.obj</name>
      </input_file>
      <input_file id="fl-9c">
         <path>C:\ti\ccsv5\tools\compiler\c6000_7.4.4\lib\</path>
         <kind>archive</kind>
         <file>rts6600_elf.lib</file>
         <name>_io_perm.obj</name>
      </input_file>
      <input_file id="fl-9d">
         <path>C:\ti\ccsv5\tools\compiler\c6000_7.4.4\lib\</path>
         <kind>archive</kind>
         <file>rts6600_elf.lib</file>
         <name>_lock.obj</name>
      </input_file>
      <input_file id="fl-9e">
         <path>C:\ti\ccsv5\tools\compiler\c6000_7.4.4\lib\</path>
         <kind>archive</kind>
         <file>rts6600_elf.lib</file>
         <name>_printfi.obj</name>
      </input_file>
      <input_file id="fl-9f">
         <path>C:\ti\ccsv5\tools\compiler\c6000_7.4.4\lib\</path>
         <kind>archive</kind>
         <file>rts6600_elf.lib</file>
         <name>args_main.obj</name>
      </input_file>
      <input_file id="fl-a0">
         <path>C:\ti\ccsv5\tools\compiler\c6000_7.4.4\lib\</path>
         <kind>archive</kind>
         <file>rts6600_elf.lib</file>
         <name>atoi.obj</name>
      </input_file>
      <input_file id="fl-a1">
         <path>C:\ti\ccsv5\tools\compiler\c6000_7.4.4\lib\</path>
         <kind>archive</kind>
         <file>rts6600_elf.lib</file>
         <name>autoinit.obj</name>
      </input_file>
      <input_file id="fl-a2">
         <path>C:\ti\ccsv5\tools\compiler\c6000_7.4.4\lib\</path>
         <kind>archive</kind>
         <file>rts6600_elf.lib</file>
         <name>cpp_init.obj</name>
      </input_file>
      <input_file id="fl-a3">
         <path>C:\ti\ccsv5\tools\compiler\c6000_7.4.4\lib\</path>
         <kind>archive</kind>
         <file>rts6600_elf.lib</file>
         <name>cpy_tbl.obj</name>
      </input_file>
      <input_file id="fl-a4">
         <path>C:\ti\ccsv5\tools\compiler\c6000_7.4.4\lib\</path>
         <kind>archive</kind>
         <file>rts6600_elf.lib</file>
         <name>ctype.obj</name>
      </input_file>
      <input_file id="fl-a5">
         <path>C:\ti\ccsv5\tools\compiler\c6000_7.4.4\lib\</path>
         <kind>archive</kind>
         <file>rts6600_elf.lib</file>
         <name>divd.obj</name>
      </input_file>
      <input_file id="fl-a6">
         <path>C:\ti\ccsv5\tools\compiler\c6000_7.4.4\lib\</path>
         <kind>archive</kind>
         <file>rts6600_elf.lib</file>
         <name>errno.obj</name>
      </input_file>
      <input_file id="fl-a7">
         <path>C:\ti\ccsv5\tools\compiler\c6000_7.4.4\lib\</path>
         <kind>archive</kind>
         <file>rts6600_elf.lib</file>
         <name>fputc.obj</name>
      </input_file>
      <input_file id="fl-a8">
         <path>C:\ti\ccsv5\tools\compiler\c6000_7.4.4\lib\</path>
         <kind>archive</kind>
         <file>rts6600_elf.lib</file>
         <name>fputs.obj</name>
      </input_file>
      <input_file id="fl-a9">
         <path>C:\ti\ccsv5\tools\compiler\c6000_7.4.4\lib\</path>
         <kind>archive</kind>
         <file>rts6600_elf.lib</file>
         <name>frcmpyd_div.obj</name>
      </input_file>
      <input_file id="fl-aa">
         <path>C:\ti\ccsv5\tools\compiler\c6000_7.4.4\lib\</path>
         <kind>archive</kind>
         <file>rts6600_elf.lib</file>
         <name>imath40.obj</name>
      </input_file>
      <input_file id="fl-ab">
         <path>C:\ti\ccsv5\tools\compiler\c6000_7.4.4\lib\</path>
         <kind>archive</kind>
         <file>rts6600_elf.lib</file>
         <name>imath64.obj</name>
      </input_file>
      <input_file id="fl-ac">
         <path>C:\ti\ccsv5\tools\compiler\c6000_7.4.4\lib\</path>
         <kind>archive</kind>
         <file>rts6600_elf.lib</file>
         <name>isinf.obj</name>
      </input_file>
      <input_file id="fl-ad">
         <path>C:\ti\ccsv5\tools\compiler\c6000_7.4.4\lib\</path>
         <kind>archive</kind>
         <file>rts6600_elf.lib</file>
         <name>llshift.obj</name>
      </input_file>
      <input_file id="fl-ae">
         <path>C:\ti\ccsv5\tools\compiler\c6000_7.4.4\lib\</path>
         <kind>archive</kind>
         <file>rts6600_elf.lib</file>
         <name>ltoa.obj</name>
      </input_file>
      <input_file id="fl-af">
         <path>C:\ti\ccsv5\tools\compiler\c6000_7.4.4\lib\</path>
         <kind>archive</kind>
         <file>rts6600_elf.lib</file>
         <name>memccpy.obj</name>
      </input_file>
      <input_file id="fl-b0">
         <path>C:\ti\ccsv5\tools\compiler\c6000_7.4.4\lib\</path>
         <kind>archive</kind>
         <file>rts6600_elf.lib</file>
         <name>negll.obj</name>
      </input_file>
      <input_file id="fl-b1">
         <path>C:\ti\ccsv5\tools\compiler\c6000_7.4.4\lib\</path>
         <kind>archive</kind>
         <file>rts6600_elf.lib</file>
         <name>setvbuf.obj</name>
      </input_file>
      <input_file id="fl-b2">
         <path>C:\ti\ccsv5\tools\compiler\c6000_7.4.4\lib\</path>
         <kind>archive</kind>
         <file>rts6600_elf.lib</file>
         <name>tls.obj</name>
      </input_file>
      <input_file id="fl-b3">
         <path>C:\ti\ccsv5\tools\compiler\c6000_7.4.4\lib\</path>
         <kind>archive</kind>
         <file>rts6600_elf.lib</file>
         <name>tls_get_tp.obj</name>
      </input_file>
      <input_file id="fl-b4">
         <path>C:\ti\ccsv5\tools\compiler\c6000_7.4.4\lib\</path>
         <kind>archive</kind>
         <file>rts6600_elf.lib</file>
         <name>abs.obj</name>
      </input_file>
   </input_file_list>
   <object_component_list>
      <object_component id="oc-b5">
         <name>.text</name>
         <load_address>0x84b000</load_address>
         <run_address>0x84b000</run_address>
         <size>0x1340</size>
         <input_file_ref idref="fl-a"/>
      </object_component>
      <object_component id="oc-bf">
         <name>.text</name>
         <load_address>0x84c340</load_address>
         <run_address>0x84c340</run_address>
         <size>0x660</size>
         <input_file_ref idref="fl-4"/>
      </object_component>
      <object_component id="oc-316">
         <name>.text:__c6xabi_divd</name>
         <load_address>0x84c9a0</load_address>
         <run_address>0x84c9a0</run_address>
         <size>0x5c0</size>
         <input_file_ref idref="fl-a5"/>
      </object_component>
      <object_component id="oc-2be">
         <name>.text:_getarg_diouxp</name>
         <load_address>0x84cf60</load_address>
         <run_address>0x84cf60</run_address>
         <size>0x5c0</size>
         <input_file_ref idref="fl-9e"/>
      </object_component>
      <object_component id="oc-112">
         <name>.text:_printfi</name>
         <load_address>0x84d520</load_address>
         <run_address>0x84d520</run_address>
         <size>0x460</size>
         <input_file_ref idref="fl-9e"/>
      </object_component>
      <object_component id="oc-194">
         <name>.text:_setfield</name>
         <load_address>0x84d980</load_address>
         <run_address>0x84d980</run_address>
         <size>0x460</size>
         <input_file_ref idref="fl-9e"/>
      </object_component>
      <object_component id="oc-a7">
         <name>.text</name>
         <load_address>0x84dde0</load_address>
         <run_address>0x84dde0</run_address>
         <size>0x3e0</size>
         <input_file_ref idref="fl-8"/>
      </object_component>
      <object_component id="oc-182">
         <name>.text:fputs</name>
         <load_address>0x84e1c0</load_address>
         <run_address>0x84e1c0</run_address>
         <size>0x3a0</size>
         <input_file_ref idref="fl-a8"/>
      </object_component>
      <object_component id="oc-f4">
         <name>.text</name>
         <load_address>0x84e560</load_address>
         <run_address>0x84e560</run_address>
         <size>0x380</size>
         <input_file_ref idref="fl-5"/>
      </object_component>
      <object_component id="oc-237">
         <name>.text:_pproc_fge</name>
         <load_address>0x84e8e0</load_address>
         <run_address>0x84e8e0</run_address>
         <size>0x320</size>
         <input_file_ref idref="fl-9e"/>
      </object_component>
      <object_component id="oc-190">
         <name>.text:_pproc_fwp</name>
         <load_address>0x84ec00</load_address>
         <run_address>0x84ec00</run_address>
         <size>0x2e0</size>
         <input_file_ref idref="fl-9e"/>
      </object_component>
      <object_component id="oc-147">
         <name>.text:fread</name>
         <load_address>0x84eee0</load_address>
         <run_address>0x84eee0</run_address>
         <size>0x2c0</size>
         <input_file_ref idref="fl-90"/>
      </object_component>
      <object_component id="oc-30d">
         <name>.text:fcvt</name>
         <load_address>0x84f1a0</load_address>
         <run_address>0x84f1a0</run_address>
         <size>0x2a0</size>
         <input_file_ref idref="fl-9e"/>
      </object_component>
      <object_component id="oc-300">
         <name>.text:ecvt</name>
         <load_address>0x84f440</load_address>
         <run_address>0x84f440</run_address>
         <size>0x280</size>
         <input_file_ref idref="fl-9e"/>
      </object_component>
      <object_component id="oc-1dd">
         <name>.text:free</name>
         <load_address>0x84f6c0</load_address>
         <run_address>0x84f6c0</run_address>
         <size>0x280</size>
         <input_file_ref idref="fl-95"/>
      </object_component>
      <object_component id="oc-ba">
         <name>.text</name>
         <load_address>0x84f940</load_address>
         <run_address>0x84f940</run_address>
         <size>0x260</size>
         <input_file_ref idref="fl-6"/>
      </object_component>
      <object_component id="oc-36d">
         <name>.text:__c6xabi_divull</name>
         <load_address>0x84fba0</load_address>
         <run_address>0x84fba0</run_address>
         <size>0x240</size>
         <input_file_ref idref="fl-ab"/>
      </object_component>
      <object_component id="oc-2b9">
         <name>.text:_pconv_e</name>
         <load_address>0x84fde0</load_address>
         <run_address>0x84fde0</run_address>
         <size>0x240</size>
         <input_file_ref idref="fl-9e"/>
      </object_component>
      <object_component id="oc-23b">
         <name>.text:_pproc_diouxp</name>
         <load_address>0x850020</load_address>
         <run_address>0x850020</run_address>
         <size>0x240</size>
         <input_file_ref idref="fl-9e"/>
      </object_component>
      <object_component id="oc-198">
         <name>.text:_pproc_str</name>
         <load_address>0x850260</load_address>
         <run_address>0x850260</run_address>
         <size>0x220</size>
         <input_file_ref idref="fl-9e"/>
      </object_component>
      <object_component id="oc-187">
         <name>.text:fputc</name>
         <load_address>0x850480</load_address>
         <run_address>0x850480</run_address>
         <size>0x220</size>
         <input_file_ref idref="fl-a7"/>
      </object_component>
      <object_component id="oc-2b1">
         <name>.text:_pconv_g</name>
         <load_address>0x8506a0</load_address>
         <run_address>0x8506a0</run_address>
         <size>0x200</size>
         <input_file_ref idref="fl-9e"/>
      </object_component>
      <object_component id="oc-286">
         <name>.text:setvbuf</name>
         <load_address>0x8508a0</load_address>
         <run_address>0x8508a0</run_address>
         <size>0x200</size>
         <input_file_ref idref="fl-b1"/>
      </object_component>
      <object_component id="oc-308">
         <name>.text:_mcpy</name>
         <load_address>0x850aa0</load_address>
         <run_address>0x850aa0</run_address>
         <size>0x1c0</size>
         <input_file_ref idref="fl-9e"/>
      </object_component>
      <object_component id="oc-1bf">
         <name>.text:_openfile</name>
         <load_address>0x850c60</load_address>
         <run_address>0x850c60</run_address>
         <size>0x1c0</size>
         <input_file_ref idref="fl-8f"/>
      </object_component>
      <object_component id="oc-34d">
         <name>.text:HOSTrename</name>
         <load_address>0x850e20</load_address>
         <run_address>0x850e20</run_address>
         <size>0x1a0</size>
         <input_file_ref idref="fl-99"/>
      </object_component>
      <object_component id="oc-369">
         <name>.text:__c6xabi_divul</name>
         <load_address>0x850fc0</load_address>
         <run_address>0x850fc0</run_address>
         <size>0x1a0</size>
         <input_file_ref idref="fl-aa"/>
      </object_component>
      <object_component id="oc-45">
         <name>.text:__TI_decompress_rle_core</name>
         <load_address>0x851160</load_address>
         <run_address>0x851160</run_address>
         <size>0x180</size>
         <input_file_ref idref="fl-87"/>
      </object_component>
      <object_component id="oc-1d5">
         <name>.text:malloc</name>
         <load_address>0x8512e0</load_address>
         <run_address>0x8512e0</run_address>
         <size>0x180</size>
         <input_file_ref idref="fl-95"/>
      </object_component>
      <object_component id="oc-255">
         <name>.text:open</name>
         <load_address>0x851460</load_address>
         <run_address>0x851460</run_address>
         <size>0x180</size>
         <input_file_ref idref="fl-93"/>
      </object_component>
      <object_component id="oc-142">
         <name>.text</name>
         <load_address>0x8515e0</load_address>
         <run_address>0x8515e0</run_address>
         <size>0x160</size>
         <input_file_ref idref="fl-2"/>
      </object_component>
      <object_component id="oc-18c">
         <name>.text:_pproc_fflags</name>
         <load_address>0x851740</load_address>
         <run_address>0x851740</run_address>
         <size>0x140</size>
         <input_file_ref idref="fl-9e"/>
      </object_component>
      <object_component id="oc-2d4">
         <name>.text:getdevice</name>
         <load_address>0x851880</load_address>
         <run_address>0x851880</run_address>
         <size>0x140</size>
         <input_file_ref idref="fl-93"/>
      </object_component>
      <object_component id="oc-1e8">
         <name>.text:_buff_read</name>
         <load_address>0x8519c0</load_address>
         <run_address>0x8519c0</run_address>
         <size>0x120</size>
         <input_file_ref idref="fl-9b"/>
      </object_component>
      <object_component id="oc-1f2">
         <name>.text:_closefile</name>
         <load_address>0x851ae0</load_address>
         <run_address>0x851ae0</run_address>
         <size>0x120</size>
         <input_file_ref idref="fl-8d"/>
      </object_component>
      <object_component id="oc-2c6">
         <name>.text:_ltostr</name>
         <load_address>0x851c00</load_address>
         <run_address>0x851c00</run_address>
         <size>0x120</size>
         <input_file_ref idref="fl-9e"/>
      </object_component>
      <object_component id="oc-1bb">
         <name>.text:_search_fp</name>
         <load_address>0x851d20</load_address>
         <run_address>0x851d20</run_address>
         <size>0x120</size>
         <input_file_ref idref="fl-8f"/>
      </object_component>
      <object_component id="oc-13a">
         <name>.text:fseek</name>
         <load_address>0x851e40</load_address>
         <run_address>0x851e40</run_address>
         <size>0x120</size>
         <input_file_ref idref="fl-91"/>
      </object_component>
      <object_component id="oc-13e">
         <name>.text:ftell</name>
         <load_address>0x851f60</load_address>
         <run_address>0x851f60</run_address>
         <size>0x120</size>
         <input_file_ref idref="fl-92"/>
      </object_component>
      <object_component id="oc-345">
         <name>.text:HOSTlseek</name>
         <load_address>0x852080</load_address>
         <run_address>0x852080</run_address>
         <size>0x100</size>
         <input_file_ref idref="fl-99"/>
      </object_component>
      <object_component id="oc-28">
         <name>.text:_auto_init_elf</name>
         <load_address>0x852180</load_address>
         <run_address>0x852180</run_address>
         <size>0x100</size>
         <input_file_ref idref="fl-a1"/>
      </object_component>
      <object_component id="oc-225">
         <name>.text:_wrt_ok</name>
         <load_address>0x852280</load_address>
         <run_address>0x852280</run_address>
         <size>0x100</size>
         <input_file_ref idref="fl-9c"/>
      </object_component>
      <object_component id="oc-56">
         <name>.text:copy_in</name>
         <load_address>0x852380</load_address>
         <run_address>0x852380</run_address>
         <size>0x100</size>
         <input_file_ref idref="fl-a3"/>
      </object_component>
      <object_component id="oc-335">
         <name>.text:HOSTopen</name>
         <load_address>0x852480</load_address>
         <run_address>0x852480</run_address>
         <size>0xe0</size>
         <input_file_ref idref="fl-99"/>
      </object_component>
      <object_component id="oc-ec">
         <name>.text:__divi</name>
         <load_address>0x852560</load_address>
         <run_address>0x852560</run_address>
         <size>0xe0</size>
         <input_file_ref idref="fl-8a"/>
      </object_component>
      <object_component id="oc-327">
         <name>.text:_div</name>
         <load_address>0x852640</load_address>
         <run_address>0x852640</run_address>
         <size>0xe0</size>
         <input_file_ref idref="fl-9e"/>
      </object_component>
      <object_component id="oc-232">
         <name>.text:atoi</name>
         <load_address>0x852720</load_address>
         <run_address>0x852720</run_address>
         <size>0xe0</size>
         <input_file_ref idref="fl-a0"/>
      </object_component>
      <object_component id="oc-292">
         <name>.text:close</name>
         <load_address>0x852800</load_address>
         <run_address>0x852800</run_address>
         <size>0xe0</size>
         <input_file_ref idref="fl-93"/>
      </object_component>
      <object_component id="oc-1c">
         <name>.text:decompress:ZI:__TI_zero_init</name>
         <load_address>0x8528e0</load_address>
         <run_address>0x8528e0</run_address>
         <size>0xe0</size>
         <input_file_ref idref="fl-88"/>
      </object_component>
      <object_component id="oc-1d9">
         <name>.text:fflush</name>
         <load_address>0x8529c0</load_address>
         <run_address>0x8529c0</run_address>
         <size>0xe0</size>
         <input_file_ref idref="fl-8e"/>
      </object_component>
      <object_component id="oc-357">
         <name>.text:ltoa</name>
         <load_address>0x852aa0</load_address>
         <run_address>0x852aa0</run_address>
         <size>0xe0</size>
         <input_file_ref idref="fl-ae"/>
      </object_component>
      <object_component id="oc-63">
         <name>.text</name>
         <load_address>0x852b80</load_address>
         <run_address>0x852b80</run_address>
         <size>0xe0</size>
         <input_file_ref idref="fl-3"/>
      </object_component>
      <object_component id="oc-f0">
         <name>.text:memset</name>
         <load_address>0x852c60</load_address>
         <run_address>0x852c60</run_address>
         <size>0xe0</size>
         <input_file_ref idref="fl-96"/>
      </object_component>
      <object_component id="oc-b1">
         <name>.text:printf</name>
         <load_address>0x852d40</load_address>
         <run_address>0x852d40</run_address>
         <size>0xe0</size>
         <input_file_ref idref="fl-97"/>
      </object_component>
      <object_component id="oc-33d">
         <name>.text:HOSTread</name>
         <load_address>0x852e20</load_address>
         <run_address>0x852e20</run_address>
         <size>0xc0</size>
         <input_file_ref idref="fl-99"/>
      </object_component>
      <object_component id="oc-349">
         <name>.text:HOSTunlink</name>
         <load_address>0x852ee0</load_address>
         <run_address>0x852ee0</run_address>
         <size>0xc0</size>
         <input_file_ref idref="fl-99"/>
      </object_component>
      <object_component id="oc-341">
         <name>.text:HOSTwrite</name>
         <load_address>0x852fa0</load_address>
         <run_address>0x852fa0</run_address>
         <size>0xc0</size>
         <input_file_ref idref="fl-99"/>
      </object_component>
      <object_component id="oc-ac">
         <name>.text</name>
         <load_address>0x853060</load_address>
         <run_address>0x853060</run_address>
         <size>0xc0</size>
         <input_file_ref idref="fl-9"/>
      </object_component>
      <object_component id="oc-100">
         <name>.text:__divu</name>
         <load_address>0x853120</load_address>
         <run_address>0x853120</run_address>
         <size>0xc0</size>
         <input_file_ref idref="fl-8b"/>
      </object_component>
      <object_component id="oc-1c5">
         <name>.text:_doflush</name>
         <load_address>0x8531e0</load_address>
         <run_address>0x8531e0</run_address>
         <size>0xc0</size>
         <input_file_ref idref="fl-8e"/>
      </object_component>
      <object_component id="oc-1e4">
         <name>.text:_rd_ok</name>
         <load_address>0x8532a0</load_address>
         <run_address>0x8532a0</run_address>
         <size>0xc0</size>
         <input_file_ref idref="fl-9c"/>
      </object_component>
      <object_component id="oc-30">
         <name>.text:exit</name>
         <load_address>0x853360</load_address>
         <run_address>0x853360</run_address>
         <size>0xc0</size>
         <input_file_ref idref="fl-8c"/>
      </object_component>
      <object_component id="oc-5a">
         <name>.text:tls:init:__TI_tls_init</name>
         <load_address>0x853420</load_address>
         <run_address>0x853420</run_address>
         <size>0xc0</size>
         <input_file_ref idref="fl-b2"/>
      </object_component>
      <object_component id="oc-339">
         <name>.text:HOSTclose</name>
         <load_address>0x8534e0</load_address>
         <run_address>0x8534e0</run_address>
         <size>0xa0</size>
         <input_file_ref idref="fl-99"/>
      </object_component>
      <object_component id="oc-251">
         <name>.text:_cleanup</name>
         <load_address>0x853580</load_address>
         <run_address>0x853580</run_address>
         <size>0xa0</size>
         <input_file_ref idref="fl-8f"/>
      </object_component>
      <object_component id="oc-304">
         <name>.text:_ecpy</name>
         <load_address>0x853620</load_address>
         <run_address>0x853620</run_address>
         <size>0xa0</size>
         <input_file_ref idref="fl-9e"/>
      </object_component>
      <object_component id="oc-311">
         <name>.text:_fcpy</name>
         <load_address>0x8536c0</load_address>
         <run_address>0x8536c0</run_address>
         <size>0xa0</size>
         <input_file_ref idref="fl-9e"/>
      </object_component>
      <object_component id="oc-275">
         <name>.text:_minit</name>
         <load_address>0x853760</load_address>
         <run_address>0x853760</run_address>
         <size>0xa0</size>
         <input_file_ref idref="fl-95"/>
      </object_component>
      <object_component id="oc-2b5">
         <name>.text:_pconv_f</name>
         <load_address>0x853800</load_address>
         <run_address>0x853800</run_address>
         <size>0xa0</size>
         <input_file_ref idref="fl-9e"/>
      </object_component>
      <object_component id="oc-330">
         <name>.text:finddevice</name>
         <load_address>0x8538a0</load_address>
         <run_address>0x8538a0</run_address>
         <size>0xa0</size>
         <input_file_ref idref="fl-93"/>
      </object_component>
      <object_component id="oc-1c9">
         <name>.text:lseek</name>
         <load_address>0x853940</load_address>
         <run_address>0x853940</run_address>
         <size>0xa0</size>
         <input_file_ref idref="fl-93"/>
      </object_component>
      <object_component id="oc-35">
         <name>.text:memcpy</name>
         <load_address>0x8539e0</load_address>
         <run_address>0x8539e0</run_address>
         <size>0xa0</size>
         <input_file_ref idref="fl-94"/>
      </object_component>
      <object_component id="oc-27d">
         <name>.text:minsert</name>
         <load_address>0x853a80</load_address>
         <run_address>0x853a80</run_address>
         <size>0xa0</size>
         <input_file_ref idref="fl-95"/>
      </object_component>
      <object_component id="oc-279">
         <name>.text:mremove</name>
         <load_address>0x853b20</load_address>
         <run_address>0x853b20</run_address>
         <size>0xa0</size>
         <input_file_ref idref="fl-95"/>
      </object_component>
      <object_component id="oc-1ec">
         <name>.text:read</name>
         <load_address>0x853bc0</load_address>
         <run_address>0x853bc0</run_address>
         <size>0xa0</size>
         <input_file_ref idref="fl-93"/>
      </object_component>
      <object_component id="oc-229">
         <name>.text:write</name>
         <load_address>0x853c60</load_address>
         <run_address>0x853c60</run_address>
         <size>0xa0</size>
         <input_file_ref idref="fl-93"/>
      </object_component>
      <object_component id="oc-394">
         <name>.text:__c6xabi_llshl</name>
         <load_address>0x853d00</load_address>
         <run_address>0x853d00</run_address>
         <size>0x80</size>
         <input_file_ref idref="fl-ad"/>
      </object_component>
      <object_component id="oc-14">
         <name>.text:_c_int00</name>
         <load_address>0x853d80</load_address>
         <run_address>0x853d80</run_address>
         <size>0x80</size>
         <input_file_ref idref="fl-85"/>
      </object_component>
      <object_component id="oc-379">
         <name>.text:readmsg</name>
         <load_address>0x853e00</load_address>
         <run_address>0x853e00</run_address>
         <size>0x80</size>
         <input_file_ref idref="fl-9a"/>
      </object_component>
      <object_component id="oc-296">
         <name>.text:unlink</name>
         <load_address>0x853e80</load_address>
         <run_address>0x853e80</run_address>
         <size>0x80</size>
         <input_file_ref idref="fl-93"/>
      </object_component>
      <object_component id="oc-5e">
         <name>.text:__TI_cpp_init</name>
         <load_address>0x853f00</load_address>
         <run_address>0x853f00</run_address>
         <size>0x60</size>
         <input_file_ref idref="fl-a2"/>
      </object_component>
      <object_component id="oc-364">
         <name>.text:__c6xabi_frcmpyd_div</name>
         <load_address>0x853f60</load_address>
         <run_address>0x853f60</run_address>
         <size>0x60</size>
         <input_file_ref idref="fl-a9"/>
      </object_component>
      <object_component id="oc-360">
         <name>.text:__c6xabi_llshru</name>
         <load_address>0x853fc0</load_address>
         <run_address>0x853fc0</run_address>
         <size>0x60</size>
         <input_file_ref idref="fl-ad"/>
      </object_component>
      <object_component id="oc-398">
         <name>.text:_subcull</name>
         <load_address>0x854020</load_address>
         <run_address>0x854020</run_address>
         <size>0x60</size>
         <input_file_ref idref="fl-ab"/>
      </object_component>
      <object_component id="oc-14b">
         <name>.text:fclose</name>
         <load_address>0x854080</load_address>
         <run_address>0x854080</run_address>
         <size>0x60</size>
         <input_file_ref idref="fl-8d"/>
      </object_component>
      <object_component id="oc-136">
         <name>.text:fopen</name>
         <load_address>0x8540e0</load_address>
         <run_address>0x8540e0</run_address>
         <size>0x60</size>
         <input_file_ref idref="fl-8f"/>
      </object_component>
      <object_component id="oc-23f">
         <name>.text:memccpy</name>
         <load_address>0x854140</load_address>
         <run_address>0x854140</run_address>
         <size>0x60</size>
         <input_file_ref idref="fl-af"/>
      </object_component>
      <object_component id="oc-2d0">
         <name>.text:tabinit</name>
         <load_address>0x8541a0</load_address>
         <run_address>0x8541a0</run_address>
         <size>0x60</size>
         <input_file_ref idref="fl-93"/>
      </object_component>
      <object_component id="oc-375">
         <name>.text:writemsg</name>
         <load_address>0x854200</load_address>
         <run_address>0x854200</run_address>
         <size>0x60</size>
         <input_file_ref idref="fl-9a"/>
      </object_component>
      <object_component id="oc-2ad">
         <name>.text:__c6xabi_isinf</name>
         <load_address>0x854260</load_address>
         <run_address>0x854260</run_address>
         <size>0x40</size>
         <input_file_ref idref="fl-ac"/>
      </object_component>
      <object_component id="oc-2a9">
         <name>.text:__c6xabi_isnan</name>
         <load_address>0x8542a0</load_address>
         <run_address>0x8542a0</run_address>
         <size>0x40</size>
         <input_file_ref idref="fl-9e"/>
      </object_component>
      <object_component id="oc-2c">
         <name>.text:_args_main</name>
         <load_address>0x8542e0</load_address>
         <run_address>0x8542e0</run_address>
         <size>0x40</size>
         <input_file_ref idref="fl-9f"/>
      </object_component>
      <object_component id="oc-a2">
         <name>.text</name>
         <load_address>0x854320</load_address>
         <run_address>0x854320</run_address>
         <size>0x40</size>
         <input_file_ref idref="fl-7"/>
      </object_component>
      <object_component id="oc-1cf">
         <name>.text:__c6xabi_errno_addr</name>
         <load_address>0x854360</load_address>
         <run_address>0x854360</run_address>
         <size>0x20</size>
         <input_file_ref idref="fl-a6"/>
      </object_component>
      <object_component id="oc-2c2">
         <name>.text:__c6xabi_negll</name>
         <load_address>0x854380</load_address>
         <run_address>0x854380</run_address>
         <size>0x20</size>
         <input_file_ref idref="fl-b0"/>
      </object_component>
      <object_component id="oc-178">
         <name>.text:_nop</name>
         <load_address>0x8543a0</load_address>
         <run_address>0x8543a0</run_address>
         <size>0x20</size>
         <input_file_ref idref="fl-9d"/>
      </object_component>
      <object_component id="oc-10e">
         <name>.text:_outc</name>
         <load_address>0x8543c0</load_address>
         <run_address>0x8543c0</run_address>
         <size>0x20</size>
         <input_file_ref idref="fl-97"/>
      </object_component>
      <object_component id="oc-10a">
         <name>.text:_outs</name>
         <load_address>0x8543e0</load_address>
         <run_address>0x8543e0</run_address>
         <size>0x20</size>
         <input_file_ref idref="fl-97"/>
      </object_component>
      <object_component id="oc-70">
         <name>.text:abort</name>
         <load_address>0x854400</load_address>
         <run_address>0x854400</run_address>
         <size>0x20</size>
         <input_file_ref idref="fl-8c"/>
      </object_component>
      <object_component id="oc-18">
         <name>.text:decompress:none:__TI_decompress_none</name>
         <load_address>0x854420</load_address>
         <run_address>0x854420</run_address>
         <size>0x20</size>
         <input_file_ref idref="fl-86"/>
      </object_component>
      <object_component id="oc-20">
         <name>.text:decompress:rle24:__TI_decompress_rle24</name>
         <load_address>0x854440</load_address>
         <run_address>0x854440</run_address>
         <size>0x20</size>
         <input_file_ref idref="fl-87"/>
      </object_component>
      <object_component id="oc-24">
         <name>.stack</name>
         <uninitialized>true</uninitialized>
         <run_address>0x841000</run_address>
         <size>0x8</size>
         <input_file_ref idref="fl-85"/>
      </object_component>
      <object_component id="oc-3d5">
         <name>.stack</name>
         <uninitialized>true</uninitialized>
         <run_address>0x841000</run_address>
         <size>0x0</size>
      </object_component>
      <object_component id="oc-3d4">
         <name>.cinit..fardata.load</name>
         <load_address>0x854da8</load_address>
         <run_address>0x854da8</run_address>
         <size>0x6e</size>
      </object_component>
      <object_component id="oc-3d1">
         <name>__TI_handler_table</name>
         <load_address>0x854e18</load_address>
         <run_address>0x854e18</run_address>
         <size>0xc</size>
      </object_component>
      <object_component id="oc-3d3">
         <name>.cinit..far.load</name>
         <load_address>0x854e24</load_address>
         <run_address>0x854e24</run_address>
         <size>0x8</size>
      </object_component>
      <object_component id="oc-3d2">
         <name>__TI_cinit_table</name>
         <load_address>0x854e2c</load_address>
         <run_address>0x854e2c</run_address>
         <size>0x10</size>
      </object_component>
      <object_component id="oc-39f">
         <name>.cio</name>
         <uninitialized>true</uninitialized>
         <run_address>0x854c88</run_address>
         <size>0x120</size>
         <input_file_ref idref="fl-9a"/>
      </object_component>
      <object_component id="oc-135">
         <name>.const:.string</name>
         <load_address>0x854460</load_address>
         <run_address>0x854460</run_address>
         <size>0x124</size>
         <input_file_ref idref="fl-4"/>
      </object_component>
      <object_component id="oc-2a5">
         <name>.const:.string:_ctypes_</name>
         <load_address>0x854588</load_address>
         <run_address>0x854588</run_address>
         <size>0x101</size>
         <input_file_ref idref="fl-a4"/>
      </object_component>
      <object_component id="oc-c4">
         <name>.const:.string</name>
         <load_address>0x85468c</load_address>
         <run_address>0x85468c</run_address>
         <size>0x8c</size>
         <input_file_ref idref="fl-3"/>
      </object_component>
      <object_component id="oc-118">
         <name>.const:.string</name>
         <load_address>0x854718</load_address>
         <run_address>0x854718</run_address>
         <size>0x84</size>
         <input_file_ref idref="fl-a"/>
      </object_component>
      <object_component id="oc-1e1">
         <name>.const:.string</name>
         <load_address>0x85479c</load_address>
         <run_address>0x85479c</run_address>
         <size>0x58</size>
         <input_file_ref idref="fl-2"/>
      </object_component>
      <object_component id="oc-243">
         <name>.const:.string</name>
         <load_address>0x8547f4</load_address>
         <run_address>0x8547f4</run_address>
         <size>0x23</size>
         <input_file_ref idref="fl-9e"/>
      </object_component>
      <object_component id="oc-26">
         <name>.sysmem</name>
         <uninitialized>true</uninitialized>
         <run_address>0x800000</run_address>
         <size>0x8</size>
         <input_file_ref idref="fl-95"/>
      </object_component>
      <object_component id="oc-3d6">
         <name>.sysmem</name>
         <uninitialized>true</uninitialized>
         <run_address>0x800000</run_address>
         <size>0x0</size>
      </object_component>
      <object_component id="oc-29a">
         <name>.far</name>
         <uninitialized>true</uninitialized>
         <run_address>0x854b40</run_address>
         <size>0x140</size>
         <input_file_ref idref="fl-89"/>
      </object_component>
      <object_component id="oc-373">
         <name>.far</name>
         <uninitialized>true</uninitialized>
         <run_address>0x854c80</run_address>
         <size>0x8</size>
         <input_file_ref idref="fl-99"/>
      </object_component>
      <object_component id="oc-6e">
         <name>.fardata</name>
         <load_address>0x854b10</load_address>
         <run_address>0x854b10</run_address>
         <size>0xc</size>
         <input_file_ref idref="fl-8c"/>
      </object_component>
      <object_component id="oc-106">
         <name>.fardata</name>
         <load_address>0x854b28</load_address>
         <run_address>0x854b28</run_address>
         <size>0x8</size>
         <input_file_ref idref="fl-9d"/>
      </object_component>
      <object_component id="oc-108">
         <name>.fardata:_ftable</name>
         <load_address>0x854818</load_address>
         <run_address>0x854818</run_address>
         <size>0x1e0</size>
         <input_file_ref idref="fl-89"/>
      </object_component>
      <object_component id="oc-24d">
         <name>.fardata</name>
         <load_address>0x854b38</load_address>
         <run_address>0x854b38</run_address>
         <size>0x4</size>
         <input_file_ref idref="fl-8f"/>
      </object_component>
      <object_component id="oc-24e">
         <name>.fardata</name>
         <load_address>0x854b30</load_address>
         <run_address>0x854b30</run_address>
         <size>0x4</size>
         <input_file_ref idref="fl-89"/>
      </object_component>
      <object_component id="oc-263">
         <name>.fardata:_stream</name>
         <load_address>0x8549f8</load_address>
         <run_address>0x8549f8</run_address>
         <size>0xa0</size>
         <input_file_ref idref="fl-93"/>
      </object_component>
      <object_component id="oc-26d">
         <name>.fardata</name>
         <load_address>0x854b34</load_address>
         <run_address>0x854b34</run_address>
         <size>0x4</size>
         <input_file_ref idref="fl-a6"/>
      </object_component>
      <object_component id="oc-273">
         <name>.fardata</name>
         <load_address>0x854b1c</load_address>
         <run_address>0x854b1c</run_address>
         <size>0xc</size>
         <input_file_ref idref="fl-95"/>
      </object_component>
      <object_component id="oc-2db">
         <name>.fardata:_device</name>
         <load_address>0x854a98</load_address>
         <run_address>0x854a98</run_address>
         <size>0x78</size>
         <input_file_ref idref="fl-93"/>
      </object_component>
      <object_component id="oc-32e">
         <name>.fardata</name>
         <load_address>0x854b3c</load_address>
         <run_address>0x854b3c</run_address>
         <size>0x4</size>
         <input_file_ref idref="fl-93"/>
      </object_component>
      <object_component id="oc-15">
         <name>.debug_info</name>
         <load_address>0x0</load_address>
         <run_address>0x0</run_address>
         <size>0x110</size>
         <input_file_ref idref="fl-85"/>
      </object_component>
      <object_component id="oc-19">
         <name>.debug_info</name>
         <load_address>0x110</load_address>
         <run_address>0x110</run_address>
         <size>0x14f</size>
         <input_file_ref idref="fl-86"/>
      </object_component>
      <object_component id="oc-1d">
         <name>.debug_info</name>
         <load_address>0x25f</load_address>
         <run_address>0x25f</run_address>
         <size>0x190</size>
         <input_file_ref idref="fl-88"/>
      </object_component>
      <object_component id="oc-21">
         <name>.debug_info</name>
         <load_address>0x3ef</load_address>
         <run_address>0x3ef</run_address>
         <size>0x16c</size>
         <input_file_ref idref="fl-87"/>
      </object_component>
      <object_component id="oc-25">
         <name>.debug_info</name>
         <load_address>0x55b</load_address>
         <run_address>0x55b</run_address>
         <size>0xa7</size>
         <input_file_ref idref="fl-85"/>
      </object_component>
      <object_component id="oc-27">
         <name>.debug_info</name>
         <load_address>0x602</load_address>
         <run_address>0x602</run_address>
         <size>0xb3</size>
         <input_file_ref idref="fl-95"/>
      </object_component>
      <object_component id="oc-29">
         <name>.debug_info</name>
         <load_address>0x6b5</load_address>
         <run_address>0x6b5</run_address>
         <size>0x190</size>
         <input_file_ref idref="fl-a1"/>
      </object_component>
      <object_component id="oc-2d">
         <name>.debug_info</name>
         <load_address>0x845</load_address>
         <run_address>0x845</run_address>
         <size>0xf6</size>
         <input_file_ref idref="fl-9f"/>
      </object_component>
      <object_component id="oc-31">
         <name>.debug_info</name>
         <load_address>0x93b</load_address>
         <run_address>0x93b</run_address>
         <size>0x10c</size>
         <input_file_ref idref="fl-8c"/>
      </object_component>
      <object_component id="oc-36">
         <name>.debug_info</name>
         <load_address>0xa47</load_address>
         <run_address>0xa47</run_address>
         <size>0xd6</size>
         <input_file_ref idref="fl-94"/>
      </object_component>
      <object_component id="oc-3a">
         <name>.debug_info</name>
         <load_address>0xb1d</load_address>
         <run_address>0xb1d</run_address>
         <size>0x53</size>
         <input_file_ref idref="fl-86"/>
      </object_component>
      <object_component id="oc-40">
         <name>.debug_info</name>
         <load_address>0xb70</load_address>
         <run_address>0xb70</run_address>
         <size>0x53</size>
         <input_file_ref idref="fl-88"/>
      </object_component>
      <object_component id="oc-46">
         <name>.debug_info</name>
         <load_address>0xbc3</load_address>
         <run_address>0xbc3</run_address>
         <size>0x2f2</size>
         <input_file_ref idref="fl-87"/>
      </object_component>
      <object_component id="oc-4a">
         <name>.debug_info</name>
         <load_address>0xeb5</load_address>
         <run_address>0xeb5</run_address>
         <size>0x1d7</size>
         <input_file_ref idref="fl-87"/>
      </object_component>
      <object_component id="oc-4b">
         <name>.debug_info</name>
         <load_address>0x108c</load_address>
         <run_address>0x108c</run_address>
         <size>0x46</size>
         <input_file_ref idref="fl-87"/>
      </object_component>
      <object_component id="oc-52">
         <name>.debug_info</name>
         <load_address>0x10d2</load_address>
         <run_address>0x10d2</run_address>
         <size>0x10a</size>
         <input_file_ref idref="fl-85"/>
      </object_component>
      <object_component id="oc-55">
         <name>.debug_info</name>
         <load_address>0x11dc</load_address>
         <run_address>0x11dc</run_address>
         <size>0x16a</size>
         <input_file_ref idref="fl-95"/>
      </object_component>
      <object_component id="oc-57">
         <name>.debug_info</name>
         <load_address>0x1346</load_address>
         <run_address>0x1346</run_address>
         <size>0x18e</size>
         <input_file_ref idref="fl-a3"/>
      </object_component>
      <object_component id="oc-5b">
         <name>.debug_info</name>
         <load_address>0x14d4</load_address>
         <run_address>0x14d4</run_address>
         <size>0x164</size>
         <input_file_ref idref="fl-b2"/>
      </object_component>
      <object_component id="oc-5f">
         <name>.debug_info</name>
         <load_address>0x1638</load_address>
         <run_address>0x1638</run_address>
         <size>0x15f</size>
         <input_file_ref idref="fl-a2"/>
      </object_component>
      <object_component id="oc-64">
         <name>.debug_info</name>
         <load_address>0x1797</load_address>
         <run_address>0x1797</run_address>
         <size>0x415</size>
         <input_file_ref idref="fl-3"/>
      </object_component>
      <object_component id="oc-69">
         <name>.debug_info</name>
         <load_address>0x1bac</load_address>
         <run_address>0x1bac</run_address>
         <size>0x94</size>
         <input_file_ref idref="fl-85"/>
      </object_component>
      <object_component id="oc-6f">
         <name>.debug_info</name>
         <load_address>0x1c40</load_address>
         <run_address>0x1c40</run_address>
         <size>0x127</size>
         <input_file_ref idref="fl-8c"/>
      </object_component>
      <object_component id="oc-71">
         <name>.debug_info</name>
         <load_address>0x1d67</load_address>
         <run_address>0x1d67</run_address>
         <size>0x11e</size>
         <input_file_ref idref="fl-8c"/>
      </object_component>
      <object_component id="oc-75">
         <name>.debug_info</name>
         <load_address>0x1e85</load_address>
         <run_address>0x1e85</run_address>
         <size>0x8d</size>
         <input_file_ref idref="fl-86"/>
      </object_component>
      <object_component id="oc-7b">
         <name>.debug_info</name>
         <load_address>0x1f12</load_address>
         <run_address>0x1f12</run_address>
         <size>0x46</size>
         <input_file_ref idref="fl-86"/>
      </object_component>
      <object_component id="oc-80">
         <name>.debug_info</name>
         <load_address>0x1f58</load_address>
         <run_address>0x1f58</run_address>
         <size>0xe5</size>
         <input_file_ref idref="fl-86"/>
      </object_component>
      <object_component id="oc-81">
         <name>.debug_info</name>
         <load_address>0x203d</load_address>
         <run_address>0x203d</run_address>
         <size>0x2c</size>
         <input_file_ref idref="fl-87"/>
      </object_component>
      <object_component id="oc-86">
         <name>.debug_info</name>
         <load_address>0x2069</load_address>
         <run_address>0x2069</run_address>
         <size>0x1cd</size>
         <input_file_ref idref="fl-88"/>
      </object_component>
      <object_component id="oc-8c">
         <name>.debug_info</name>
         <load_address>0x2236</load_address>
         <run_address>0x2236</run_address>
         <size>0x1d9</size>
         <input_file_ref idref="fl-85"/>
      </object_component>
      <object_component id="oc-93">
         <name>.debug_info</name>
         <load_address>0x240f</load_address>
         <run_address>0x240f</run_address>
         <size>0x110</size>
         <input_file_ref idref="fl-8c"/>
      </object_component>
      <object_component id="oc-98">
         <name>.debug_info</name>
         <load_address>0x251f</load_address>
         <run_address>0x251f</run_address>
         <size>0x70</size>
         <input_file_ref idref="fl-95"/>
      </object_component>
      <object_component id="oc-9e">
         <name>.debug_info</name>
         <load_address>0x258f</load_address>
         <run_address>0x258f</run_address>
         <size>0x140</size>
         <input_file_ref idref="fl-a3"/>
      </object_component>
      <object_component id="oc-a0">
         <name>.debug_info</name>
         <load_address>0x26cf</load_address>
         <run_address>0x26cf</run_address>
         <size>0x253</size>
         <input_file_ref idref="fl-b2"/>
      </object_component>
      <object_component id="oc-a3">
         <name>.debug_info</name>
         <load_address>0x2922</load_address>
         <run_address>0x2922</run_address>
         <size>0x162</size>
         <input_file_ref idref="fl-7"/>
      </object_component>
      <object_component id="oc-a8">
         <name>.debug_info</name>
         <load_address>0x2a84</load_address>
         <run_address>0x2a84</run_address>
         <size>0x619</size>
         <input_file_ref idref="fl-8"/>
      </object_component>
      <object_component id="oc-ad">
         <name>.debug_info</name>
         <load_address>0x309d</load_address>
         <run_address>0x309d</run_address>
         <size>0x1df</size>
         <input_file_ref idref="fl-9"/>
      </object_component>
      <object_component id="oc-b2">
         <name>.debug_info</name>
         <load_address>0x327c</load_address>
         <run_address>0x327c</run_address>
         <size>0x127</size>
         <input_file_ref idref="fl-97"/>
      </object_component>
      <object_component id="oc-b6">
         <name>.debug_info</name>
         <load_address>0x33a3</load_address>
         <run_address>0x33a3</run_address>
         <size>0x233e</size>
         <input_file_ref idref="fl-a"/>
      </object_component>
      <object_component id="oc-bb">
         <name>.debug_info</name>
         <load_address>0x56e1</load_address>
         <run_address>0x56e1</run_address>
         <size>0xaef</size>
         <input_file_ref idref="fl-6"/>
      </object_component>
      <object_component id="oc-c0">
         <name>.debug_info</name>
         <load_address>0x61d0</load_address>
         <run_address>0x61d0</run_address>
         <size>0xec0</size>
         <input_file_ref idref="fl-4"/>
      </object_component>
      <object_component id="oc-c6">
         <name>.debug_info</name>
         <load_address>0x7090</load_address>
         <run_address>0x7090</run_address>
         <size>0x2c</size>
         <input_file_ref idref="fl-3"/>
      </object_component>
      <object_component id="oc-cb">
         <name>.debug_info</name>
         <load_address>0x70bc</load_address>
         <run_address>0x70bc</run_address>
         <size>0xbb</size>
         <input_file_ref idref="fl-3"/>
      </object_component>
      <object_component id="oc-d2">
         <name>.debug_info</name>
         <load_address>0x7177</load_address>
         <run_address>0x7177</run_address>
         <size>0x12b</size>
         <input_file_ref idref="fl-8c"/>
      </object_component>
      <object_component id="oc-da">
         <name>.debug_info</name>
         <load_address>0x72a2</load_address>
         <run_address>0x72a2</run_address>
         <size>0xcd</size>
         <input_file_ref idref="fl-a3"/>
      </object_component>
      <object_component id="oc-e2">
         <name>.debug_info</name>
         <load_address>0x736f</load_address>
         <run_address>0x736f</run_address>
         <size>0x2c</size>
         <input_file_ref idref="fl-7"/>
      </object_component>
      <object_component id="oc-e7">
         <name>.debug_info</name>
         <load_address>0x739b</load_address>
         <run_address>0x739b</run_address>
         <size>0x94</size>
         <input_file_ref idref="fl-2"/>
      </object_component>
      <object_component id="oc-ed">
         <name>.debug_info</name>
         <load_address>0x742f</load_address>
         <run_address>0x742f</run_address>
         <size>0xc9</size>
         <input_file_ref idref="fl-8a"/>
      </object_component>
      <object_component id="oc-f1">
         <name>.debug_info</name>
         <load_address>0x74f8</load_address>
         <run_address>0x74f8</run_address>
         <size>0x163</size>
         <input_file_ref idref="fl-96"/>
      </object_component>
      <object_component id="oc-f5">
         <name>.debug_info</name>
         <load_address>0x765b</load_address>
         <run_address>0x765b</run_address>
         <size>0x508</size>
         <input_file_ref idref="fl-5"/>
      </object_component>
      <object_component id="oc-fa">
         <name>.debug_info</name>
         <load_address>0x7b63</load_address>
         <run_address>0x7b63</run_address>
         <size>0x2e9</size>
         <input_file_ref idref="fl-8"/>
      </object_component>
      <object_component id="oc-fb">
         <name>.debug_info</name>
         <load_address>0x7e4c</load_address>
         <run_address>0x7e4c</run_address>
         <size>0xda</size>
         <input_file_ref idref="fl-5"/>
      </object_component>
      <object_component id="oc-101">
         <name>.debug_info</name>
         <load_address>0x7f26</load_address>
         <run_address>0x7f26</run_address>
         <size>0xc9</size>
         <input_file_ref idref="fl-8b"/>
      </object_component>
      <object_component id="oc-105">
         <name>.debug_info</name>
         <load_address>0x7fef</load_address>
         <run_address>0x7fef</run_address>
         <size>0x11b</size>
         <input_file_ref idref="fl-9"/>
      </object_component>
      <object_component id="oc-107">
         <name>.debug_info</name>
         <load_address>0x810a</load_address>
         <run_address>0x810a</run_address>
         <size>0xc5</size>
         <input_file_ref idref="fl-9d"/>
      </object_component>
      <object_component id="oc-109">
         <name>.debug_info</name>
         <load_address>0x81cf</load_address>
         <run_address>0x81cf</run_address>
         <size>0xa9</size>
         <input_file_ref idref="fl-89"/>
      </object_component>
      <object_component id="oc-10b">
         <name>.debug_info</name>
         <load_address>0x8278</load_address>
         <run_address>0x8278</run_address>
         <size>0x10b</size>
         <input_file_ref idref="fl-97"/>
      </object_component>
      <object_component id="oc-10f">
         <name>.debug_info</name>
         <load_address>0x8383</load_address>
         <run_address>0x8383</run_address>
         <size>0xfc</size>
         <input_file_ref idref="fl-97"/>
      </object_component>
      <object_component id="oc-113">
         <name>.debug_info</name>
         <load_address>0x847f</load_address>
         <run_address>0x847f</run_address>
         <size>0x418</size>
         <input_file_ref idref="fl-9e"/>
      </object_component>
      <object_component id="oc-117">
         <name>.debug_info</name>
         <load_address>0x8897</load_address>
         <run_address>0x8897</run_address>
         <size>0x1e3</size>
         <input_file_ref idref="fl-97"/>
      </object_component>
      <object_component id="oc-11a">
         <name>.debug_info</name>
         <load_address>0x8a7a</load_address>
         <run_address>0x8a7a</run_address>
         <size>0x1d9</size>
         <input_file_ref idref="fl-3"/>
      </object_component>
      <object_component id="oc-11f">
         <name>.debug_info</name>
         <load_address>0x8c53</load_address>
         <run_address>0x8c53</run_address>
         <size>0x11a</size>
         <input_file_ref idref="fl-3"/>
      </object_component>
      <object_component id="oc-124">
         <name>.debug_info</name>
         <load_address>0x8d6d</load_address>
         <run_address>0x8d6d</run_address>
         <size>0x2a6</size>
         <input_file_ref idref="fl-5"/>
      </object_component>
      <object_component id="oc-129">
         <name>.debug_info</name>
         <load_address>0x9013</load_address>
         <run_address>0x9013</run_address>
         <size>0x99d</size>
         <input_file_ref idref="fl-a"/>
      </object_component>
      <object_component id="oc-12e">
         <name>.debug_info</name>
         <load_address>0x99b0</load_address>
         <run_address>0x99b0</run_address>
         <size>0x2b0</size>
         <input_file_ref idref="fl-a"/>
      </object_component>
      <object_component id="oc-130">
         <name>.debug_info</name>
         <load_address>0x9c60</load_address>
         <run_address>0x9c60</run_address>
         <size>0xe7</size>
         <input_file_ref idref="fl-5"/>
      </object_component>
      <object_component id="oc-137">
         <name>.debug_info</name>
         <load_address>0x9d47</load_address>
         <run_address>0x9d47</run_address>
         <size>0x136</size>
         <input_file_ref idref="fl-8f"/>
      </object_component>
      <object_component id="oc-13b">
         <name>.debug_info</name>
         <load_address>0x9e7d</load_address>
         <run_address>0x9e7d</run_address>
         <size>0x161</size>
         <input_file_ref idref="fl-91"/>
      </object_component>
      <object_component id="oc-13f">
         <name>.debug_info</name>
         <load_address>0x9fde</load_address>
         <run_address>0x9fde</run_address>
         <size>0x156</size>
         <input_file_ref idref="fl-92"/>
      </object_component>
      <object_component id="oc-143">
         <name>.debug_info</name>
         <load_address>0xa134</load_address>
         <run_address>0xa134</run_address>
         <size>0x3e9</size>
         <input_file_ref idref="fl-2"/>
      </object_component>
      <object_component id="oc-148">
         <name>.debug_info</name>
         <load_address>0xa51d</load_address>
         <run_address>0xa51d</run_address>
         <size>0x2a3</size>
         <input_file_ref idref="fl-90"/>
      </object_component>
      <object_component id="oc-14c">
         <name>.debug_info</name>
         <load_address>0xa7c0</load_address>
         <run_address>0xa7c0</run_address>
         <size>0x112</size>
         <input_file_ref idref="fl-8d"/>
      </object_component>
      <object_component id="oc-150">
         <name>.debug_info</name>
         <load_address>0xa8d2</load_address>
         <run_address>0xa8d2</run_address>
         <size>0x2d2</size>
         <input_file_ref idref="fl-4"/>
      </object_component>
      <object_component id="oc-151">
         <name>.debug_info</name>
         <load_address>0xaba4</load_address>
         <run_address>0xaba4</run_address>
         <size>0x2b0</size>
         <input_file_ref idref="fl-3"/>
      </object_component>
      <object_component id="oc-154">
         <name>.debug_info</name>
         <load_address>0xae54</load_address>
         <run_address>0xae54</run_address>
         <size>0x122</size>
         <input_file_ref idref="fl-7"/>
      </object_component>
      <object_component id="oc-157">
         <name>.debug_info</name>
         <load_address>0xaf76</load_address>
         <run_address>0xaf76</run_address>
         <size>0x1ab</size>
         <input_file_ref idref="fl-96"/>
      </object_component>
      <object_component id="oc-159">
         <name>.debug_info</name>
         <load_address>0xb121</load_address>
         <run_address>0xb121</run_address>
         <size>0x28c</size>
         <input_file_ref idref="fl-5"/>
      </object_component>
      <object_component id="oc-15c">
         <name>.debug_info</name>
         <load_address>0xb3ad</load_address>
         <run_address>0xb3ad</run_address>
         <size>0x250</size>
         <input_file_ref idref="fl-8"/>
      </object_component>
      <object_component id="oc-161">
         <name>.debug_info</name>
         <load_address>0xb5fd</load_address>
         <run_address>0xb5fd</run_address>
         <size>0x17b</size>
         <input_file_ref idref="fl-8"/>
      </object_component>
      <object_component id="oc-166">
         <name>.debug_info</name>
         <load_address>0xb778</load_address>
         <run_address>0xb778</run_address>
         <size>0x1da</size>
         <input_file_ref idref="fl-8"/>
      </object_component>
      <object_component id="oc-16b">
         <name>.debug_info</name>
         <load_address>0xb952</load_address>
         <run_address>0xb952</run_address>
         <size>0xc8</size>
         <input_file_ref idref="fl-2"/>
      </object_component>
      <object_component id="oc-173">
         <name>.debug_info</name>
         <load_address>0xba1a</load_address>
         <run_address>0xba1a</run_address>
         <size>0x250</size>
         <input_file_ref idref="fl-9"/>
      </object_component>
      <object_component id="oc-179">
         <name>.debug_info</name>
         <load_address>0xbc6a</load_address>
         <run_address>0xbc6a</run_address>
         <size>0xd9</size>
         <input_file_ref idref="fl-9d"/>
      </object_component>
      <object_component id="oc-17e">
         <name>.debug_info</name>
         <load_address>0xbd43</load_address>
         <run_address>0xbd43</run_address>
         <size>0x99</size>
         <input_file_ref idref="fl-9d"/>
      </object_component>
      <object_component id="oc-181">
         <name>.debug_info</name>
         <load_address>0xbddc</load_address>
         <run_address>0xbddc</run_address>
         <size>0xca</size>
         <input_file_ref idref="fl-89"/>
      </object_component>
      <object_component id="oc-183">
         <name>.debug_info</name>
         <load_address>0xbea6</load_address>
         <run_address>0xbea6</run_address>
         <size>0x3e4</size>
         <input_file_ref idref="fl-a8"/>
      </object_component>
      <object_component id="oc-188">
         <name>.debug_info</name>
         <load_address>0xc28a</load_address>
         <run_address>0xc28a</run_address>
         <size>0x182</size>
         <input_file_ref idref="fl-a7"/>
      </object_component>
      <object_component id="oc-18d">
         <name>.debug_info</name>
         <load_address>0xc40c</load_address>
         <run_address>0xc40c</run_address>
         <size>0x1f5</size>
         <input_file_ref idref="fl-9e"/>
      </object_component>
      <object_component id="oc-191">
         <name>.debug_info</name>
         <load_address>0xc601</load_address>
         <run_address>0xc601</run_address>
         <size>0x20b</size>
         <input_file_ref idref="fl-9e"/>
      </object_component>
      <object_component id="oc-195">
         <name>.debug_info</name>
         <load_address>0xc80c</load_address>
         <run_address>0xc80c</run_address>
         <size>0x224</size>
         <input_file_ref idref="fl-9e"/>
      </object_component>
      <object_component id="oc-199">
         <name>.debug_info</name>
         <load_address>0xca30</load_address>
         <run_address>0xca30</run_address>
         <size>0x37b</size>
         <input_file_ref idref="fl-9e"/>
      </object_component>
      <object_component id="oc-19d">
         <name>.debug_info</name>
         <load_address>0xcdab</load_address>
         <run_address>0xcdab</run_address>
         <size>0x211</size>
         <input_file_ref idref="fl-9e"/>
      </object_component>
      <object_component id="oc-19e">
         <name>.debug_info</name>
         <load_address>0xcfbc</load_address>
         <run_address>0xcfbc</run_address>
         <size>0x2c</size>
         <input_file_ref idref="fl-89"/>
      </object_component>
      <object_component id="oc-1a5">
         <name>.debug_info</name>
         <load_address>0xcfe8</load_address>
         <run_address>0xcfe8</run_address>
         <size>0xc8</size>
         <input_file_ref idref="fl-89"/>
      </object_component>
      <object_component id="oc-1ac">
         <name>.debug_info</name>
         <load_address>0xd0b0</load_address>
         <run_address>0xd0b0</run_address>
         <size>0x598</size>
         <input_file_ref idref="fl-a"/>
      </object_component>
      <object_component id="oc-1b1">
         <name>.debug_info</name>
         <load_address>0xd648</load_address>
         <run_address>0xd648</run_address>
         <size>0x1da</size>
         <input_file_ref idref="fl-a"/>
      </object_component>
      <object_component id="oc-1b6">
         <name>.debug_info</name>
         <load_address>0xd822</load_address>
         <run_address>0xd822</run_address>
         <size>0x250</size>
         <input_file_ref idref="fl-a"/>
      </object_component>
      <object_component id="oc-1bc">
         <name>.debug_info</name>
         <load_address>0xda72</load_address>
         <run_address>0xda72</run_address>
         <size>0x199</size>
         <input_file_ref idref="fl-8f"/>
      </object_component>
      <object_component id="oc-1c0">
         <name>.debug_info</name>
         <load_address>0xdc0b</load_address>
         <run_address>0xdc0b</run_address>
         <size>0x13a</size>
         <input_file_ref idref="fl-8f"/>
      </object_component>
      <object_component id="oc-1c4">
         <name>.debug_info</name>
         <load_address>0xdd45</load_address>
         <run_address>0xdd45</run_address>
         <size>0x1f9</size>
         <input_file_ref idref="fl-8f"/>
      </object_component>
      <object_component id="oc-1c6">
         <name>.debug_info</name>
         <load_address>0xdf3e</load_address>
         <run_address>0xdf3e</run_address>
         <size>0x103</size>
         <input_file_ref idref="fl-8e"/>
      </object_component>
      <object_component id="oc-1ca">
         <name>.debug_info</name>
         <load_address>0xe041</load_address>
         <run_address>0xe041</run_address>
         <size>0x139</size>
         <input_file_ref idref="fl-93"/>
      </object_component>
      <object_component id="oc-1ce">
         <name>.debug_info</name>
         <load_address>0xe17a</load_address>
         <run_address>0xe17a</run_address>
         <size>0x12b</size>
         <input_file_ref idref="fl-91"/>
      </object_component>
      <object_component id="oc-1d0">
         <name>.debug_info</name>
         <load_address>0xe2a5</load_address>
         <run_address>0xe2a5</run_address>
         <size>0xfb</size>
         <input_file_ref idref="fl-a6"/>
      </object_component>
      <object_component id="oc-1d4">
         <name>.debug_info</name>
         <load_address>0xe3a0</load_address>
         <run_address>0xe3a0</run_address>
         <size>0x13d</size>
         <input_file_ref idref="fl-92"/>
      </object_component>
      <object_component id="oc-1d6">
         <name>.debug_info</name>
         <load_address>0xe4dd</load_address>
         <run_address>0xe4dd</run_address>
         <size>0x196</size>
         <input_file_ref idref="fl-95"/>
      </object_component>
      <object_component id="oc-1da">
         <name>.debug_info</name>
         <load_address>0xe673</load_address>
         <run_address>0xe673</run_address>
         <size>0x18a</size>
         <input_file_ref idref="fl-8e"/>
      </object_component>
      <object_component id="oc-1de">
         <name>.debug_info</name>
         <load_address>0xe7fd</load_address>
         <run_address>0xe7fd</run_address>
         <size>0x1f9</size>
         <input_file_ref idref="fl-95"/>
      </object_component>
      <object_component id="oc-1e3">
         <name>.debug_info</name>
         <load_address>0xe9f6</load_address>
         <run_address>0xe9f6</run_address>
         <size>0x1ad</size>
         <input_file_ref idref="fl-2"/>
      </object_component>
      <object_component id="oc-1e5">
         <name>.debug_info</name>
         <load_address>0xeba3</load_address>
         <run_address>0xeba3</run_address>
         <size>0x10d</size>
         <input_file_ref idref="fl-9c"/>
      </object_component>
      <object_component id="oc-1e9">
         <name>.debug_info</name>
         <load_address>0xecb0</load_address>
         <run_address>0xecb0</run_address>
         <size>0x186</size>
         <input_file_ref idref="fl-9b"/>
      </object_component>
      <object_component id="oc-1ed">
         <name>.debug_info</name>
         <load_address>0xee36</load_address>
         <run_address>0xee36</run_address>
         <size>0x131</size>
         <input_file_ref idref="fl-93"/>
      </object_component>
      <object_component id="oc-1f1">
         <name>.debug_info</name>
         <load_address>0xef67</load_address>
         <run_address>0xef67</run_address>
         <size>0x182</size>
         <input_file_ref idref="fl-90"/>
      </object_component>
      <object_component id="oc-1f3">
         <name>.debug_info</name>
         <load_address>0xf0e9</load_address>
         <run_address>0xf0e9</run_address>
         <size>0x146</size>
         <input_file_ref idref="fl-8d"/>
      </object_component>
      <object_component id="oc-1f7">
         <name>.debug_info</name>
         <load_address>0xf22f</load_address>
         <run_address>0xf22f</run_address>
         <size>0x1d2</size>
         <input_file_ref idref="fl-8d"/>
      </object_component>
      <object_component id="oc-1fa">
         <name>.debug_info</name>
         <load_address>0xf401</load_address>
         <run_address>0xf401</run_address>
         <size>0x76</size>
         <input_file_ref idref="fl-2"/>
      </object_component>
      <object_component id="oc-201">
         <name>.debug_info</name>
         <load_address>0xf477</load_address>
         <run_address>0xf477</run_address>
         <size>0x250</size>
         <input_file_ref idref="fl-3"/>
      </object_component>
      <object_component id="oc-208">
         <name>.debug_info</name>
         <load_address>0xf6c7</load_address>
         <run_address>0xf6c7</run_address>
         <size>0x250</size>
         <input_file_ref idref="fl-7"/>
      </object_component>
      <object_component id="oc-211">
         <name>.debug_info</name>
         <load_address>0xf917</load_address>
         <run_address>0xf917</run_address>
         <size>0x17b</size>
         <input_file_ref idref="fl-5"/>
      </object_component>
      <object_component id="oc-216">
         <name>.debug_info</name>
         <load_address>0xfa92</load_address>
         <run_address>0xfa92</run_address>
         <size>0x250</size>
         <input_file_ref idref="fl-5"/>
      </object_component>
      <object_component id="oc-21b">
         <name>.debug_info</name>
         <load_address>0xfce2</load_address>
         <run_address>0xfce2</run_address>
         <size>0x1da</size>
         <input_file_ref idref="fl-5"/>
      </object_component>
      <object_component id="oc-226">
         <name>.debug_info</name>
         <load_address>0xfebc</load_address>
         <run_address>0xfebc</run_address>
         <size>0x115</size>
         <input_file_ref idref="fl-9c"/>
      </object_component>
      <object_component id="oc-22a">
         <name>.debug_info</name>
         <load_address>0xffd1</load_address>
         <run_address>0xffd1</run_address>
         <size>0x133</size>
         <input_file_ref idref="fl-93"/>
      </object_component>
      <object_component id="oc-22e">
         <name>.debug_info</name>
         <load_address>0x10104</load_address>
         <run_address>0x10104</run_address>
         <size>0x1ba</size>
         <input_file_ref idref="fl-a8"/>
      </object_component>
      <object_component id="oc-230">
         <name>.debug_info</name>
         <load_address>0x102be</load_address>
         <run_address>0x102be</run_address>
         <size>0x183</size>
         <input_file_ref idref="fl-a7"/>
      </object_component>
      <object_component id="oc-233">
         <name>.debug_info</name>
         <load_address>0x10441</load_address>
         <run_address>0x10441</run_address>
         <size>0x17f</size>
         <input_file_ref idref="fl-a0"/>
      </object_component>
      <object_component id="oc-238">
         <name>.debug_info</name>
         <load_address>0x105c0</load_address>
         <run_address>0x105c0</run_address>
         <size>0x1c8</size>
         <input_file_ref idref="fl-9e"/>
      </object_component>
      <object_component id="oc-23c">
         <name>.debug_info</name>
         <load_address>0x10788</load_address>
         <run_address>0x10788</run_address>
         <size>0x1fe</size>
         <input_file_ref idref="fl-9e"/>
      </object_component>
      <object_component id="oc-240">
         <name>.debug_info</name>
         <load_address>0x10986</load_address>
         <run_address>0x10986</run_address>
         <size>0x17d</size>
         <input_file_ref idref="fl-af"/>
      </object_component>
      <object_component id="oc-248">
         <name>.debug_info</name>
         <load_address>0x10b03</load_address>
         <run_address>0x10b03</run_address>
         <size>0x101</size>
         <input_file_ref idref="fl-9e"/>
      </object_component>
      <object_component id="oc-24f">
         <name>.debug_info</name>
         <load_address>0x10c04</load_address>
         <run_address>0x10c04</run_address>
         <size>0xa9</size>
         <input_file_ref idref="fl-89"/>
      </object_component>
      <object_component id="oc-252">
         <name>.debug_info</name>
         <load_address>0x10cad</load_address>
         <run_address>0x10cad</run_address>
         <size>0x171</size>
         <input_file_ref idref="fl-8f"/>
      </object_component>
      <object_component id="oc-256">
         <name>.debug_info</name>
         <load_address>0x10e1e</load_address>
         <run_address>0x10e1e</run_address>
         <size>0x1c1</size>
         <input_file_ref idref="fl-93"/>
      </object_component>
      <object_component id="oc-25c">
         <name>.debug_info</name>
         <load_address>0x10fdf</load_address>
         <run_address>0x10fdf</run_address>
         <size>0xbb</size>
         <input_file_ref idref="fl-8f"/>
      </object_component>
      <object_component id="oc-262">
         <name>.debug_info</name>
         <load_address>0x1109a</load_address>
         <run_address>0x1109a</run_address>
         <size>0x154</size>
         <input_file_ref idref="fl-8e"/>
      </object_component>
      <object_component id="oc-264">
         <name>.debug_info</name>
         <load_address>0x111ee</load_address>
         <run_address>0x111ee</run_address>
         <size>0xaa</size>
         <input_file_ref idref="fl-93"/>
      </object_component>
      <object_component id="oc-266">
         <name>.debug_info</name>
         <load_address>0x11298</load_address>
         <run_address>0x11298</run_address>
         <size>0x2c</size>
[...]
            <load_size>0x6e</load_size>
            <run_address>0x854818</run_address>
            <run_size>0x328</run_size>
            <compression>rle</compression>
         </cprec>
         <cprec>
            <name>.far</name>
            <load_address>0x854e24</load_address>
            <load_size>0x8</load_size>
            <run_address>0x854b40</run_address>
            <run_size>0x148</run_size>
            <compression>zero_init</compression>
         </cprec>
      </cptbl>
   </cptbl_list>
   <handler_table>
      <handler_table_name>__TI_handler_table</handler_table_name>
      <handler>
         <index>0x0</index>
         <name>__TI_zero_init</name>
      </handler>
      <handler>
         <index>0x1</index>
         <name>__TI_decompress_rle24</name>
      </handler>
      <handler>
         <index>0x2</index>
         <name>__TI_decompress_none</name>
      </handler>
   </handler_table>
   <symbol_table>
      <symbol id="sm-1">
         <name>__TI_CINIT_Base</name>
         <value>0x854e2c</value>
      </symbol>
      <symbol id="sm-2">
         <name>__TI_CINIT_Limit</name>
         <value>0x854e3c</value>
      </symbol>
      <symbol id="sm-3">
         <name>__TI_Handler_Table_Base</name>
         <value>0x854e18</value>
      </symbol>
      <symbol id="sm-4">
         <name>__TI_Handler_Table_Limit</name>
         <value>0x854e24</value>
      </symbol>
      <symbol id="sm-5">
         <name>binit</name>
         <value>0xffffffff</value>
      </symbol>
      <symbol id="sm-6">
         <name>__binit__</name>
         <value>0xffffffff</value>
      </symbol>
      <symbol id="sm-7">
         <name>__TI_STACK_SIZE</name>
         <value>0xa000</value>
      </symbol>
      <symbol id="sm-8">
         <name>__TI_STACK_END</name>
         <value>0x84b000</value>
      </symbol>
      <symbol id="sm-9">
         <name>__TI_SYSMEM_SIZE</name>
         <value>0x41000</value>
      </symbol>
      <symbol id="sm-a">
         <name>__c_args__</name>
         <value>0xffffffff</value>
      </symbol>
      <symbol id="sm-b">
         <name>__TI_pprof_out_hndl</name>
         <value>0xffffffff</value>
      </symbol>
      <symbol id="sm-c">
         <name>__TI_prof_data_start</name>
         <value>0xffffffff</value>
      </symbol>
      <symbol id="sm-d">
         <name>__TI_prof_data_size</name>
         <value>0xffffffff</value>
      </symbol>
      <symbol id="sm-50">
         <name>creat_progress_bar</name>
         <value>0x8515e0</value>
         <object_component_ref idref="oc-142"/>
      </symbol>
      <symbol id="sm-51">
         <name>destory_progress_bar</name>
         <value>0x851714</value>
         <object_component_ref idref="oc-142"/>
      </symbol>
      <symbol id="sm-52">
         <name>progress_bar</name>
         <value>0x851628</value>
         <object_component_ref idref="oc-142"/>
      </symbol>
      <symbol id="sm-53">
         <name>stop_progress_bar</name>
         <value>0x8516d4</value>
         <object_component_ref idref="oc-142"/>
      </symbol>
      <symbol id="sm-94">
         <name>main</name>
         <value>0x852bc0</value>
         <object_component_ref idref="oc-63"/>
      </symbol>
      <symbol id="sm-11a">
         <name>s29glWrite16bit</name>
         <value>0x84c340</value>
         <object_component_ref idref="oc-bf"/>
      </symbol>
      <symbol id="sm-11b">
         <name>OpenFastMode</name>
         <value>0x84c5ec</value>
         <object_component_ref idref="oc-bf"/>
      </symbol>
      <symbol id="sm-11c">
         <name>program_boot_to_flash</name>
         <value>0x84c64c</value>
         <object_component_ref idref="oc-bf"/>
      </symbol>
      <symbol id="sm-11d">
         <name>sm29glRead16bit</name>
         <value>0x84c36c</value>
         <object_component_ref idref="oc-bf"/>
      </symbol>
      <symbol id="sm-11e">
         <name>qryShow</name>
         <value>0x84c888</value>
         <object_component_ref idref="oc-bf"/>
      </symbol>
      <symbol id="sm-11f">
         <name>SectorErase</name>
         <value>0x84c394</value>
         <object_component_ref idref="oc-bf"/>
      </symbol>
      <symbol id="sm-120">
         <name>CloseFastMode</name>
         <value>0x84c638</value>
         <object_component_ref idref="oc-bf"/>
      </symbol>
      <symbol id="sm-121">
         <name>ProgramFastMode</name>
         <value>0x84c610</value>
         <object_component_ref idref="oc-bf"/>
      </symbol>
      <symbol id="sm-122">
         <name>Program16Data</name>
         <value>0x84c5ac</value>
         <object_component_ref idref="oc-bf"/>
      </symbol>
      <symbol id="sm-16c">
         <name>CorePllcHwSetup</name>
         <value>0x84e588</value>
         <object_component_ref idref="oc-f4"/>
      </symbol>
      <symbol id="sm-199">
         <name>platform_delaycycles</name>
         <value>0x84fa58</value>
         <object_component_ref idref="oc-ba"/>
      </symbol>
      <symbol id="sm-19a">
         <name>emif16_init</name>
         <value>0x84fa90</value>
         <object_component_ref idref="oc-ba"/>
      </symbol>
      <symbol id="sm-1b1">
         <name>CSL_PLLC_open</name>
         <value>0x854320</value>
         <object_component_ref idref="oc-a2"/>
      </symbol>
      <symbol id="sm-1e6">
         <name>PLL_init</name>
         <value>0x84e164</value>
         <object_component_ref idref="oc-a7"/>
      </symbol>
      <symbol id="sm-1e7">
         <name>Wait_Soft</name>
         <value>0x84dde0</value>
         <object_component_ref idref="oc-a7"/>
      </symbol>
      <symbol id="sm-1e8">
         <name>Set_Pll1</name>
         <value>0x84de0c</value>
         <object_component_ref idref="oc-a7"/>
      </symbol>
      <symbol id="sm-1fd">
         <name>getcore_clk</name>
         <value>0x853060</value>
         <object_component_ref idref="oc-ac"/>
      </symbol>
      <symbol id="sm-27f">
         <name>SetDDR3PllConfig</name>
         <value>0x84bdb4</value>
         <object_component_ref idref="oc-b5"/>
      </symbol>
      <symbol id="sm-280">
         <name>DDR3Init</name>
         <value>0x84bfc0</value>
         <object_component_ref idref="oc-b5"/>
      </symbol>
      <symbol id="sm-281">
         <name>xmc_setup</name>
         <value>0x84bf74</value>
         <object_component_ref idref="oc-b5"/>
      </symbol>
      <symbol id="sm-29c">
         <name>_c_int00</name>
         <value>0x853d80</value>
         <object_component_ref idref="oc-14"/>
      </symbol>
      <symbol id="sm-29d">
         <name>_stack</name>
         <value>0x841000</value>
         <object_component_ref idref="oc-24"/>
      </symbol>
      <symbol id="sm-2b6">
         <name>__TI_decompress_none</name>
         <value>0x854420</value>
         <object_component_ref idref="oc-18"/>
      </symbol>
      <symbol id="sm-2d7">
         <name>__TI_decompress_rle24</name>
         <value>0x854440</value>
         <object_component_ref idref="oc-20"/>
      </symbol>
      <symbol id="sm-2e7">
         <name>__TI_zero_init</name>
         <value>0x8528e0</value>
         <object_component_ref idref="oc-1c"/>
      </symbol>
      <symbol id="sm-302">
         <name>_tmpnams</name>
         <value>0x854b40</value>
         <object_component_ref idref="oc-29a"/>
      </symbol>
      <symbol id="sm-303">
         <name>_ftable</name>
         <value>0x854818</value>
         <object_component_ref idref="oc-108"/>
      </symbol>
      <symbol id="sm-304">
         <name>_ft_end</name>
         <value>0x854b30</value>
         <object_component_ref idref="oc-24e"/>
      </symbol>
      <symbol id="sm-30c">
         <name>__c6xabi_divi</name>
         <value>0x852560</value>
         <object_component_ref idref="oc-ec"/>
      </symbol>
      <symbol id="sm-30d">
         <name>__divi</name>
         <value>0x852560</value>
         <object_component_ref idref="oc-ec"/>
      </symbol>
      <symbol id="sm-315">
         <name>__c6xabi_divu</name>
         <value>0x853120</value>
         <object_component_ref idref="oc-100"/>
      </symbol>
      <symbol id="sm-316">
         <name>__divu</name>
         <value>0x853120</value>
         <object_component_ref idref="oc-100"/>
      </symbol>
      <symbol id="sm-335">
         <name>C$$EXIT</name>
         <value>0x854400</value>
         <object_component_ref idref="oc-70"/>
      </symbol>
      <symbol id="sm-336">
         <name>_dtors_ptr</name>
         <value>0x854b14</value>
         <object_component_ref idref="oc-6e"/>
      </symbol>
      <symbol id="sm-337">
         <name>abort</name>
         <value>0x854400</value>
         <object_component_ref idref="oc-70"/>
      </symbol>
      <symbol id="sm-338">
         <name>_cleanup_ptr</name>
         <value>0x854b10</value>
         <object_component_ref idref="oc-6e"/>
      </symbol>
      <symbol id="sm-339">
         <name>exit</name>
         <value>0x853360</value>
         <object_component_ref idref="oc-30"/>
      </symbol>
      <symbol id="sm-33a">
         <name>__TI_enable_exit_profile_output</name>
         <value>0x854b18</value>
         <object_component_ref idref="oc-6e"/>
      </symbol>
      <symbol id="sm-358">
         <name>_closefile</name>
         <value>0x851ae0</value>
         <object_component_ref idref="oc-1f2"/>
      </symbol>
      <symbol id="sm-359">
         <name>fclose</name>
         <value>0x854080</value>
         <object_component_ref idref="oc-14b"/>
      </symbol>
      <symbol id="sm-374">
         <name>fflush</name>
         <value>0x8529c0</value>
         <object_component_ref idref="oc-1d9"/>
      </symbol>
      <symbol id="sm-375">
         <name>_doflush</name>
         <value>0x8531e0</value>
         <object_component_ref idref="oc-1c5"/>
      </symbol>
      <symbol id="sm-3a9">
         <name>fopen</name>
         <value>0x8540e0</value>
         <object_component_ref idref="oc-136"/>
      </symbol>
      <symbol id="sm-3aa">
         <name>_cleanup</name>
         <value>0x853580</value>
         <object_component_ref idref="oc-251"/>
      </symbol>
      <symbol id="sm-3c8">
         <name>fread</name>
         <value>0x84eee0</value>
         <object_component_ref idref="oc-147"/>
      </symbol>
      <symbol id="sm-3d9">
         <name>fseek</name>
         <value>0x851e40</value>
         <object_component_ref idref="oc-13a"/>
      </symbol>
      <symbol id="sm-3ea">
         <name>ftell</name>
         <value>0x851f60</value>
         <object_component_ref idref="oc-13e"/>
      </symbol>
      <symbol id="sm-461">
         <name>open</name>
         <value>0x851460</value>
         <object_component_ref idref="oc-255"/>
      </symbol>
      <symbol id="sm-462">
         <name>lseek</name>
         <value>0x853940</value>
         <object_component_ref idref="oc-1c9"/>
      </symbol>
      <symbol id="sm-463">
         <name>read</name>
         <value>0x853bc0</value>
         <object_component_ref idref="oc-1ec"/>
      </symbol>
      <symbol id="sm-464">
         <name>write</name>
         <value>0x853c60</value>
         <object_component_ref idref="oc-229"/>
      </symbol>
      <symbol id="sm-465">
         <name>close</name>
         <value>0x852800</value>
         <object_component_ref idref="oc-292"/>
      </symbol>
      <symbol id="sm-466">
         <name>unlink</name>
         <value>0x853e80</value>
         <object_component_ref idref="oc-296"/>
      </symbol>
      <symbol id="sm-46d">
         <name>memcpy</name>
         <value>0x8539e0</value>
         <object_component_ref idref="oc-35"/>
      </symbol>
      <symbol id="sm-4be">
         <name>_sys_memory</name>
         <value>0x800000</value>
         <object_component_ref idref="oc-26"/>
      </symbol>
      <symbol id="sm-4bf">
         <name>free</name>
         <value>0x84f6c0</value>
         <object_component_ref idref="oc-1dd"/>
      </symbol>
      <symbol id="sm-4c0">
         <name>malloc</name>
         <value>0x8512e0</value>
         <object_component_ref idref="oc-1d5"/>
      </symbol>
      <symbol id="sm-4c1">
         <name>_minit</name>
         <value>0x853760</value>
         <object_component_ref idref="oc-275"/>
      </symbol>
      <symbol id="sm-4cc">
         <name>memset</name>
         <value>0x852c60</value>
         <object_component_ref idref="oc-f0"/>
      </symbol>
      <symbol id="sm-4e7">
         <name>printf</name>
         <value>0x852d40</value>
         <object_component_ref idref="oc-b1"/>
      </symbol>
      <symbol id="sm-525">
         <name>HOSTrename</name>
         <value>0x850e20</value>
         <object_component_ref idref="oc-34d"/>
      </symbol>
      <symbol id="sm-526">
         <name>HOSTclose</name>
         <value>0x8534e0</value>
         <object_component_ref idref="oc-339"/>
      </symbol>
      <symbol id="sm-527">
         <name>HOSTunlink</name>
         <value>0x852ee0</value>
         <object_component_ref idref="oc-349"/>
      </symbol>
      <symbol id="sm-528">
         <name>HOSTlseek</name>
         <value>0x852080</value>
         <object_component_ref idref="oc-345"/>
      </symbol>
      <symbol id="sm-529">
         <name>HOSTopen</name>
         <value>0x852480</value>
         <object_component_ref idref="oc-335"/>
      </symbol>
      <symbol id="sm-52a">
         <name>HOSTwrite</name>
         <value>0x852fa0</value>
         <object_component_ref idref="oc-341"/>
      </symbol>
      <symbol id="sm-52b">
         <name>HOSTread</name>
         <value>0x852e20</value>
         <object_component_ref idref="oc-33d"/>
      </symbol>
      <symbol id="sm-540">
         <name>writemsg</name>
         <value>0x854200</value>
         <object_component_ref idref="oc-375"/>
      </symbol>
      <symbol id="sm-541">
         <name>C$$IO$$</name>
         <value>0x854258</value>
         <object_component_ref idref="oc-375"/>
      </symbol>
      <symbol id="sm-542">
         <name>__CIOBUF_</name>
         <value>0x854c88</value>
         <object_component_ref idref="oc-39f"/>
      </symbol>
      <symbol id="sm-543">
         <name>readmsg</name>
         <value>0x853e00</value>
         <object_component_ref idref="oc-379"/>
      </symbol>
      <symbol id="sm-551">
         <name>_buff_read</name>
         <value>0x8519c0</value>
         <object_component_ref idref="oc-1e8"/>
      </symbol>
      <symbol id="sm-568">
         <name>_wrt_ok</name>
         <value>0x852280</value>
         <object_component_ref idref="oc-225"/>
      </symbol>
      <symbol id="sm-569">
         <name>_rd_ok</name>
         <value>0x8532a0</value>
         <object_component_ref idref="oc-1e4"/>
      </symbol>
      <symbol id="sm-577">
         <name>_nop</name>
         <value>0x8543a0</value>
         <object_component_ref idref="oc-178"/>
      </symbol>
      <symbol id="sm-578">
         <name>_lock</name>
         <value>0x854b28</value>
         <object_component_ref idref="oc-106"/>
      </symbol>
      <symbol id="sm-579">
         <name>_unlock</name>
         <value>0x854b2c</value>
         <object_component_ref idref="oc-106"/>
      </symbol>
      <symbol id="sm-6bf">
         <name>_printfi</name>
         <value>0x84d520</value>
         <object_component_ref idref="oc-112"/>
      </symbol>
      <symbol id="sm-6c6">
         <name>_args_main</name>
         <value>0x8542e0</value>
         <object_component_ref idref="oc-2c"/>
      </symbol>
      <symbol id="sm-6d4">
         <name>atoi</name>
         <value>0x852720</value>
         <object_component_ref idref="oc-232"/>
      </symbol>
      <symbol id="sm-6e0">
         <name>_auto_init_elf</name>
         <value>0x852180</value>
         <object_component_ref idref="oc-28"/>
      </symbol>
      <symbol id="sm-6ea">
         <name>__TI_cpp_init</name>
         <value>0x853f00</value>
         <object_component_ref idref="oc-5e"/>
      </symbol>
      <symbol id="sm-6ff">
         <name>copy_in</name>
         <value>0x852380</value>
         <object_component_ref idref="oc-56"/>
      </symbol>
      <symbol id="sm-708">
         <name>_ctypes_</name>
         <value>0x854588</value>
         <object_component_ref idref="oc-2a5"/>
      </symbol>
      <symbol id="sm-71b">
         <name>__c6xabi_divd</name>
         <value>0x84c9a0</value>
         <object_component_ref idref="oc-316"/>
      </symbol>
      <symbol id="sm-729">
         <name>__errno</name>
         <value>0x854b34</value>
         <object_component_ref idref="oc-26d"/>
      </symbol>
      <symbol id="sm-72a">
         <name>errno</name>
         <value>0x854b34</value>
         <object_component_ref idref="oc-26d"/>
      </symbol>
      <symbol id="sm-72b">
         <name>__c6xabi_errno_addr</name>
         <value>0x854360</value>
         <object_component_ref idref="oc-1cf"/>
      </symbol>
      <symbol id="sm-746">
         <name>fputc</name>
         <value>0x850480</value>
         <object_component_ref idref="oc-187"/>
      </symbol>
      <symbol id="sm-765">
         <name>fputs</name>
         <value>0x84e1c0</value>
         <object_component_ref idref="oc-182"/>
      </symbol>
      <symbol id="sm-76c">
         <name>__c6xabi_frcmpyd_div</name>
         <value>0x853f60</value>
         <object_component_ref idref="oc-364"/>
      </symbol>
      <symbol id="sm-775">
         <name>__c6xabi_divul</name>
         <value>0x850fc0</value>
         <object_component_ref idref="oc-369"/>
      </symbol>
      <symbol id="sm-788">
         <name>_subcull</name>
         <value>0x854020</value>
         <object_component_ref idref="oc-398"/>
      </symbol>
      <symbol id="sm-789">
         <name>__c6xabi_divull</name>
         <value>0x84fba0</value>
         <object_component_ref idref="oc-36d"/>
      </symbol>
      <symbol id="sm-790">
         <name>__c6xabi_isinf</name>
         <value>0x854260</value>
         <object_component_ref idref="oc-2ad"/>
      </symbol>
      <symbol id="sm-7a6">
         <name>__c6xabi_llshru</name>
         <value>0x853fc0</value>
         <object_component_ref idref="oc-360"/>
      </symbol>
      <symbol id="sm-7a7">
         <name>__c6xabi_llshl</name>
         <value>0x853d00</value>
         <object_component_ref idref="oc-394"/>
      </symbol>
      <symbol id="sm-7b1">
         <name>ltoa</name>
         <value>0x852aa0</value>
         <object_component_ref idref="oc-357"/>
      </symbol>
      <symbol id="sm-7be">
         <name>memccpy</name>
         <value>0x854140</value>
         <object_component_ref idref="oc-23f"/>
      </symbol>
      <symbol id="sm-7ca">
         <name>__c6xabi_negll</name>
         <value>0x854380</value>
         <object_component_ref idref="oc-2c2"/>
      </symbol>
      <symbol id="sm-7e0">
         <name>setvbuf</name>
         <value>0x8508a0</value>
         <object_component_ref idref="oc-286"/>
      </symbol>
      <symbol id="sm-7ed">
         <name>__TI_tls_init</name>
         <value>0x853420</value>
         <object_component_ref idref="oc-5a"/>
      </symbol>
      <symbol id="sm-7f0">
         <name>__TI_STATIC_BASE</name>
         <value>0x0</value>
      </symbol>
      <symbol id="sm-7f1">
         <name>__TI_args_main</name>
         <value>0x1</value>
      </symbol>
      <symbol id="sm-7f2">
         <name>__TI_INITARRAY_Base</name>
         <value>0x0</value>
      </symbol>
      <symbol id="sm-7f3">
         <name>__TI_INITARRAY_Limit</name>
         <value>0x0</value>
      </symbol>
      <symbol id="sm-7f4">
         <name>__TI_TLS_INIT_Base</name>
         <value>0x0</value>
      </symbol>
      <symbol id="sm-7f5">
         <name>__TI_TLS_INIT_Limit</name>
         <value>0x0</value>
      </symbol>
      <symbol id="sm-7f8">
         <name>remove</name>
         <value>0x853e80</value>
      </symbol>
   </symbol_table>
</link_info>
