<?xml version="1.0"?>
<link_info>
   <banner>TMS320C6x Linker PC v7.4.4</banner>
   <copyright>Copyright (c) 1996-2013 Texas Instruments Incorporated</copyright>
   <link_time>0x63eb44c7</link_time>
   <output_file>AppPrj.out</output_file>
   <entry_point>
      <name>_c_int00</name>
      <address>0x10815f20</address>
   </entry_point>
   <input_file_list>
      <input_file id="fl-2">
         <path>.\common\</path>
         <kind>object</kind>
         <file>psc_dsp667x.obj</file>
         <name>psc_dsp667x.obj</name>
      </input_file>
      <input_file id="fl-3">
         <path>.\common\</path>
         <kind>object</kind>
         <file>pll_dsp667x.obj</file>
         <name>pll_dsp667x.obj</name>
      </input_file>
      <input_file id="fl-4">
         <path>.\common\</path>
         <kind>object</kind>
         <file>emif_dsp667x.obj</file>
         <name>emif_dsp667x.obj</name>
      </input_file>
      <input_file id="fl-5">
         <path>.\common\</path>
         <kind>object</kind>
         <file>delay.obj</file>
         <name>delay.obj</name>
      </input_file>
      <input_file id="fl-6">
         <path>.\common\</path>
         <kind>object</kind>
         <file>ddr_dsp667x.obj</file>
         <name>ddr_dsp667x.obj</name>
      </input_file>
      <input_file id="fl-7">
         <path>.\common\</path>
         <kind>object</kind>
         <file>bootCfg_dsp667x.obj</file>
         <name>bootCfg_dsp667x.obj</name>
      </input_file>
      <input_file id="fl-8">
         <path>.\drv\</path>
         <kind>object</kind>
         <file>Keystone_Serdes_init.obj</file>
         <name>Keystone_Serdes_init.obj</name>
      </input_file>
      <input_file id="fl-9">
         <path>.\drv\</path>
         <kind>object</kind>
         <file>KeyStone_common.obj</file>
         <name>KeyStone_common.obj</name>
      </input_file>
      <input_file id="fl-a">
         <path>.\drv\</path>
         <kind>object</kind>
         <file>KeyStone_SRIO_Init_drv.obj</file>
         <name>KeyStone_SRIO_Init_drv.obj</name>
      </input_file>
      <input_file id="fl-b">
         <path>.\drv\</path>
         <kind>object</kind>
         <file>KeyStone_Navigator_init_drv.obj</file>
         <name>KeyStone_Navigator_init_drv.obj</name>
      </input_file>
      <input_file id="fl-c">
         <path>.\src\</path>
         <kind>object</kind>
         <file>main.obj</file>
         <name>main.obj</name>
      </input_file>
      <input_file id="fl-d">
         <path>.\src\</path>
         <kind>object</kind>
         <file>Uart_Init.obj</file>
         <name>Uart_Init.obj</name>
      </input_file>
      <input_file id="fl-e">
         <path>.\src\</path>
         <kind>object</kind>
         <file>SRIO_vectors.obj</file>
         <name>SRIO_vectors.obj</name>
      </input_file>
      <input_file id="fl-f">
         <path>.\src\</path>
         <kind>object</kind>
         <file>SRIO_PktDMA_Init.obj</file>
         <name>SRIO_PktDMA_Init.obj</name>
      </input_file>
      <input_file id="fl-10">
         <path>.\src\</path>
         <kind>object</kind>
         <file>SRIO_Interrupts.obj</file>
         <name>SRIO_Interrupts.obj</name>
      </input_file>
      <input_file id="fl-11">
         <path>.\src\</path>
         <kind>object</kind>
         <file>Gpio_Init.obj</file>
         <name>Gpio_Init.obj</name>
      </input_file>
      <input_file id="fl-12">
         <path>.\src\</path>
         <kind>object</kind>
         <file>Bsp.obj</file>
         <name>Bsp.obj</name>
      </input_file>
      <input_file id="fl-8d">
         <path>C:\ti\ccsv5\tools\compiler\c6000_7.4.4\lib\</path>
         <kind>archive</kind>
         <file>rts6600_elf.lib</file>
         <name>boot.obj</name>
      </input_file>
      <input_file id="fl-8e">
         <path>C:\ti\ccsv5\tools\compiler\c6000_7.4.4\lib\</path>
         <kind>archive</kind>
         <file>rts6600_elf.lib</file>
         <name>copy_decompress_none.obj</name>
      </input_file>
      <input_file id="fl-8f">
         <path>C:\ti\ccsv5\tools\compiler\c6000_7.4.4\lib\</path>
         <kind>archive</kind>
         <file>rts6600_elf.lib</file>
         <name>copy_decompress_rle.obj</name>
      </input_file>
      <input_file id="fl-90">
         <path>C:\ti\ccsv5\tools\compiler\c6000_7.4.4\lib\</path>
         <kind>archive</kind>
         <file>rts6600_elf.lib</file>
         <name>copy_zero_init.obj</name>
      </input_file>
      <input_file id="fl-91">
         <path>C:\ti\ccsv5\tools\compiler\c6000_7.4.4\lib\</path>
         <kind>archive</kind>
         <file>rts6600_elf.lib</file>
         <name>divd.obj</name>
      </input_file>
      <input_file id="fl-92">
         <path>C:\ti\ccsv5\tools\compiler\c6000_7.4.4\lib\</path>
         <kind>archive</kind>
         <file>rts6600_elf.lib</file>
         <name>divf.obj</name>
      </input_file>
      <input_file id="fl-93">
         <path>C:\ti\ccsv5\tools\compiler\c6000_7.4.4\lib\</path>
         <kind>archive</kind>
         <file>rts6600_elf.lib</file>
         <name>divi.obj</name>
      </input_file>
      <input_file id="fl-94">
         <path>C:\ti\ccsv5\tools\compiler\c6000_7.4.4\lib\</path>
         <kind>archive</kind>
         <file>rts6600_elf.lib</file>
         <name>divu.obj</name>
      </input_file>
      <input_file id="fl-95">
         <path>C:\ti\ccsv5\tools\compiler\c6000_7.4.4\lib\</path>
         <kind>archive</kind>
         <file>rts6600_elf.lib</file>
         <name>exit.obj</name>
      </input_file>
      <input_file id="fl-96">
         <path>C:\ti\ccsv5\tools\compiler\c6000_7.4.4\lib\</path>
         <kind>archive</kind>
         <file>rts6600_elf.lib</file>
         <name>fixdu.obj</name>
      </input_file>
      <input_file id="fl-97">
         <path>C:\ti\ccsv5\tools\compiler\c6000_7.4.4\lib\</path>
         <kind>archive</kind>
         <file>rts6600_elf.lib</file>
         <name>fixfu.obj</name>
      </input_file>
      <input_file id="fl-98">
         <path>C:\ti\ccsv5\tools\compiler\c6000_7.4.4\lib\</path>
         <kind>archive</kind>
         <file>rts6600_elf.lib</file>
         <name>fputs.obj</name>
      </input_file>
      <input_file id="fl-99">
         <path>C:\ti\ccsv5\tools\compiler\c6000_7.4.4\lib\</path>
         <kind>archive</kind>
         <file>rts6600_elf.lib</file>
         <name>frcmpyd_div.obj</name>
      </input_file>
      <input_file id="fl-9a">
         <path>C:\ti\ccsv5\tools\compiler\c6000_7.4.4\lib\</path>
         <kind>archive</kind>
         <file>rts6600_elf.lib</file>
         <name>imath64.obj</name>
      </input_file>
      <input_file id="fl-9b">
         <path>C:\ti\ccsv5\tools\compiler\c6000_7.4.4\lib\</path>
         <kind>archive</kind>
         <file>rts6600_elf.lib</file>
         <name>llshift.obj</name>
      </input_file>
      <input_file id="fl-9c">
         <path>C:\ti\ccsv5\tools\compiler\c6000_7.4.4\lib\</path>
         <kind>archive</kind>
         <file>rts6600_elf.lib</file>
         <name>lowlev.obj</name>
      </input_file>
      <input_file id="fl-9d">
         <path>C:\ti\ccsv5\tools\compiler\c6000_7.4.4\lib\</path>
         <kind>archive</kind>
         <file>rts6600_elf.lib</file>
         <name>memcmp.obj</name>
      </input_file>
      <input_file id="fl-9e">
         <path>C:\ti\ccsv5\tools\compiler\c6000_7.4.4\lib\</path>
         <kind>archive</kind>
         <file>rts6600_elf.lib</file>
         <name>memcpy64.obj</name>
      </input_file>
      <input_file id="fl-9f">
         <path>C:\ti\ccsv5\tools\compiler\c6000_7.4.4\lib\</path>
         <kind>archive</kind>
         <file>rts6600_elf.lib</file>
         <name>memset.obj</name>
      </input_file>
      <input_file id="fl-a0">
         <path>C:\ti\ccsv5\tools\compiler\c6000_7.4.4\lib\</path>
         <kind>archive</kind>
         <file>rts6600_elf.lib</file>
         <name>negll.obj</name>
      </input_file>
      <input_file id="fl-a1">
         <path>C:\ti\ccsv5\tools\compiler\c6000_7.4.4\lib\</path>
         <kind>archive</kind>
         <file>rts6600_elf.lib</file>
         <name>printf.obj</name>
      </input_file>
      <input_file id="fl-a2">
         <path>C:\ti\ccsv5\tools\compiler\c6000_7.4.4\lib\</path>
         <kind>archive</kind>
         <file>rts6600_elf.lib</file>
         <name>remi.obj</name>
      </input_file>
      <input_file id="fl-a3">
         <path>C:\ti\ccsv5\tools\compiler\c6000_7.4.4\lib\</path>
         <kind>archive</kind>
         <file>rts6600_elf.lib</file>
         <name>remu.obj</name>
      </input_file>
      <input_file id="fl-a4">
         <path>C:\ti\ccsv5\tools\compiler\c6000_7.4.4\lib\</path>
         <kind>archive</kind>
         <file>rts6600_elf.lib</file>
         <name>strasg.obj</name>
      </input_file>
      <input_file id="fl-a5">
         <path>C:\ti\ccsv5\tools\compiler\c6000_7.4.4\lib\</path>
         <kind>archive</kind>
         <file>rts6600_elf.lib</file>
         <name>strlen.obj</name>
      </input_file>
      <input_file id="fl-a6">
         <path>C:\ti\ccsv5\tools\compiler\c6000_7.4.4\lib\</path>
         <kind>archive</kind>
         <file>rts6600_elf.lib</file>
         <name>strncmp.obj</name>
      </input_file>
      <input_file id="fl-a7">
         <path>C:\ti\ccsv5\tools\compiler\c6000_7.4.4\lib\</path>
         <kind>archive</kind>
         <file>rts6600_elf.lib</file>
         <name>trgdrv.obj</name>
      </input_file>
      <input_file id="fl-a8">
         <path>C:\ti\ccsv5\tools\compiler\c6000_7.4.4\lib\</path>
         <kind>archive</kind>
         <file>rts6600_elf.lib</file>
         <name>trgmsg.obj</name>
      </input_file>
      <input_file id="fl-a9">
         <path>C:\ti\ccsv5\tools\compiler\c6000_7.4.4\lib\</path>
         <kind>archive</kind>
         <file>rts6600_elf.lib</file>
         <name>vsprintf.obj</name>
      </input_file>
      <input_file id="fl-aa">
         <path>C:\ti\ccsv5\tools\compiler\c6000_7.4.4\lib\</path>
         <kind>archive</kind>
         <file>rts6600_elf.lib</file>
         <name>_io_perm.obj</name>
      </input_file>
      <input_file id="fl-ab">
         <path>C:\ti\ccsv5\tools\compiler\c6000_7.4.4\lib\</path>
         <kind>archive</kind>
         <file>rts6600_elf.lib</file>
         <name>_lock.obj</name>
      </input_file>
      <input_file id="fl-ac">
         <path>C:\ti\ccsv5\tools\compiler\c6000_7.4.4\lib\</path>
         <kind>archive</kind>
         <file>rts6600_elf.lib</file>
         <name>_printfi.obj</name>
      </input_file>
      <input_file id="fl-ad">
         <path>C:\ti\ccsv5\tools\compiler\c6000_7.4.4\lib\</path>
         <kind>archive</kind>
         <file>rts6600_elf.lib</file>
         <name>abs.obj</name>
      </input_file>
      <input_file id="fl-ae">
         <path>C:\ti\ccsv5\tools\compiler\c6000_7.4.4\lib\</path>
         <kind>archive</kind>
         <file>rts6600_elf.lib</file>
         <name>args_main.obj</name>
      </input_file>
      <input_file id="fl-af">
         <path>C:\ti\ccsv5\tools\compiler\c6000_7.4.4\lib\</path>
         <kind>archive</kind>
         <file>rts6600_elf.lib</file>
         <name>atoi.obj</name>
      </input_file>
      <input_file id="fl-b0">
         <path>C:\ti\ccsv5\tools\compiler\c6000_7.4.4\lib\</path>
         <kind>archive</kind>
         <file>rts6600_elf.lib</file>
         <name>autoinit.obj</name>
      </input_file>
      <input_file id="fl-b1">
         <path>C:\ti\ccsv5\tools\compiler\c6000_7.4.4\lib\</path>
         <kind>archive</kind>
         <file>rts6600_elf.lib</file>
         <name>cpp_init.obj</name>
      </input_file>
      <input_file id="fl-b2">
         <path>C:\ti\ccsv5\tools\compiler\c6000_7.4.4\lib\</path>
         <kind>archive</kind>
         <file>rts6600_elf.lib</file>
         <name>cpy_tbl.obj</name>
      </input_file>
      <input_file id="fl-b3">
         <path>C:\ti\ccsv5\tools\compiler\c6000_7.4.4\lib\</path>
         <kind>archive</kind>
         <file>rts6600_elf.lib</file>
         <name>ctype.obj</name>
      </input_file>
      <input_file id="fl-b4">
         <path>C:\ti\ccsv5\tools\compiler\c6000_7.4.4\lib\</path>
         <kind>archive</kind>
         <file>rts6600_elf.lib</file>
         <name>defs.obj</name>
      </input_file>
      <input_file id="fl-b5">
         <path>C:\ti\ccsv5\tools\compiler\c6000_7.4.4\lib\</path>
         <kind>archive</kind>
         <file>rts6600_elf.lib</file>
         <name>fflush.obj</name>
      </input_file>
      <input_file id="fl-b6">
         <path>C:\ti\ccsv5\tools\compiler\c6000_7.4.4\lib\</path>
         <kind>archive</kind>
         <file>rts6600_elf.lib</file>
         <name>fputc.obj</name>
      </input_file>
      <input_file id="fl-b7">
         <path>C:\ti\ccsv5\tools\compiler\c6000_7.4.4\lib\</path>
         <kind>archive</kind>
         <file>rts6600_elf.lib</file>
         <name>fseek.obj</name>
      </input_file>
      <input_file id="fl-b8">
         <path>C:\ti\ccsv5\tools\compiler\c6000_7.4.4\lib\</path>
         <kind>archive</kind>
         <file>rts6600_elf.lib</file>
         <name>imath40.obj</name>
      </input_file>
      <input_file id="fl-b9">
         <path>C:\ti\ccsv5\tools\compiler\c6000_7.4.4\lib\</path>
         <kind>archive</kind>
         <file>rts6600_elf.lib</file>
         <name>isinf.obj</name>
      </input_file>
      <input_file id="fl-ba">
         <path>C:\ti\ccsv5\tools\compiler\c6000_7.4.4\lib\</path>
         <kind>archive</kind>
         <file>rts6600_elf.lib</file>
         <name>ltoa.obj</name>
      </input_file>
      <input_file id="fl-bb">
         <path>C:\ti\ccsv5\tools\compiler\c6000_7.4.4\lib\</path>
         <kind>archive</kind>
         <file>rts6600_elf.lib</file>
         <name>memccpy.obj</name>
      </input_file>
      <input_file id="fl-bc">
         <path>C:\ti\ccsv5\tools\compiler\c6000_7.4.4\lib\</path>
         <kind>archive</kind>
         <file>rts6600_elf.lib</file>
         <name>setvbuf.obj</name>
      </input_file>
      <input_file id="fl-bd">
         <path>C:\ti\ccsv5\tools\compiler\c6000_7.4.4\lib\</path>
         <kind>archive</kind>
         <file>rts6600_elf.lib</file>
         <name>tls.obj</name>
      </input_file>
      <input_file id="fl-be">
         <path>C:\ti\ccsv5\tools\compiler\c6000_7.4.4\lib\</path>
         <kind>archive</kind>
         <file>rts6600_elf.lib</file>
         <name>tls_get_tp.obj</name>
      </input_file>
      <input_file id="fl-bf">
         <path>C:\ti\ccsv5\tools\compiler\c6000_7.4.4\lib\</path>
         <kind>archive</kind>
         <file>rts6600_elf.lib</file>
         <name>fopen.obj</name>
      </input_file>
      <input_file id="fl-c0">
         <path>C:\ti\ccsv5\tools\compiler\c6000_7.4.4\lib\</path>
         <kind>archive</kind>
         <file>rts6600_elf.lib</file>
         <name>memory.obj</name>
      </input_file>
      <input_file id="fl-c1">
         <path>C:\ti\ccsv5\tools\compiler\c6000_7.4.4\lib\</path>
         <kind>archive</kind>
         <file>rts6600_elf.lib</file>
         <name>fclose.obj</name>
      </input_file>
      <input_file id="fl-c2">
         <path>C:\ti\ccsv5\tools\compiler\c6000_7.4.4\lib\</path>
         <kind>archive</kind>
         <file>rts6600_elf.lib</file>
         <name>remove.obj</name>
      </input_file>
   </input_file_list>
   <object_component_list>
      <object_component id="oc-31">
         <name>vecs</name>
         <load_address>0x800000</load_address>
         <run_address>0x800000</run_address>
         <size>0x200</size>
         <input_file_ref idref="fl-e"/>
      </object_component>
      <object_component id="oc-73">
         <name>.text</name>
         <load_address>0x10803000</load_address>
         <run_address>0x10803000</run_address>
         <size>0x5c20</size>
         <input_file_ref idref="fl-9"/>
      </object_component>
      <object_component id="oc-2a7">
         <name>.text</name>
         <load_address>0x10808c20</load_address>
         <run_address>0x10808c20</run_address>
         <size>0x2980</size>
         <input_file_ref idref="fl-a"/>
      </object_component>
      <object_component id="oc-2ac">
         <name>.text</name>
         <load_address>0x1080b5a0</load_address>
         <run_address>0x1080b5a0</run_address>
         <size>0xea0</size>
         <input_file_ref idref="fl-12"/>
      </object_component>
      <object_component id="oc-bd">
         <name>.text</name>
         <load_address>0x1080c440</load_address>
         <run_address>0x1080c440</run_address>
         <size>0xe40</size>
         <input_file_ref idref="fl-c"/>
      </object_component>
      <object_component id="oc-8a">
         <name>.text</name>
         <load_address>0x1080d280</load_address>
         <run_address>0x1080d280</run_address>
         <size>0xb00</size>
         <input_file_ref idref="fl-d"/>
      </object_component>
      <object_component id="oc-62c">
         <name>.text</name>
         <load_address>0x1080dd80</load_address>
         <run_address>0x1080dd80</run_address>
         <size>0xa00</size>
         <input_file_ref idref="fl-8"/>
      </object_component>
      <object_component id="oc-28">
         <name>.text:retain</name>
         <load_address>0x1080e780</load_address>
         <run_address>0x1080e780</run_address>
         <size>0x600</size>
         <input_file_ref idref="fl-9"/>
      </object_component>
      <object_component id="oc-124">
         <name>.text:__c6xabi_divd</name>
         <load_address>0x1080ed80</load_address>
         <run_address>0x1080ed80</run_address>
         <size>0x5c0</size>
         <input_file_ref idref="fl-91"/>
      </object_component>
      <object_component id="oc-82e">
         <name>.text:_getarg_diouxp</name>
         <load_address>0x1080f340</load_address>
         <run_address>0x1080f340</run_address>
         <size>0x5c0</size>
         <input_file_ref idref="fl-ac"/>
      </object_component>
      <object_component id="oc-3a">
         <name>.text:retain</name>
         <load_address>0x1080f900</load_address>
         <run_address>0x1080f900</run_address>
         <size>0x5a0</size>
         <input_file_ref idref="fl-10"/>
      </object_component>
      <object_component id="oc-147">
         <name>.text:_printfi</name>
         <load_address>0x1080fea0</load_address>
         <run_address>0x1080fea0</run_address>
         <size>0x460</size>
         <input_file_ref idref="fl-ac"/>
      </object_component>
      <object_component id="oc-378">
         <name>.text:_setfield</name>
         <load_address>0x10810300</load_address>
         <run_address>0x10810300</run_address>
         <size>0x460</size>
         <input_file_ref idref="fl-ac"/>
      </object_component>
      <object_component id="oc-117">
         <name>.text:Core_MPAX</name>
         <load_address>0x10810760</load_address>
         <run_address>0x10810760</run_address>
         <size>0x440</size>
         <input_file_ref idref="fl-9"/>
      </object_component>
      <object_component id="oc-137">
         <name>.text:fputs</name>
         <load_address>0x10810ba0</load_address>
         <run_address>0x10810ba0</run_address>
         <size>0x3a0</size>
         <input_file_ref idref="fl-98"/>
      </object_component>
      <object_component id="oc-690">
         <name>.text:_pproc_fge</name>
         <load_address>0x10810f40</load_address>
         <run_address>0x10810f40</run_address>
         <size>0x320</size>
         <input_file_ref idref="fl-ac"/>
      </object_component>
      <object_component id="oc-374">
         <name>.text:_pproc_fwp</name>
         <load_address>0x10811260</load_address>
         <run_address>0x10811260</run_address>
         <size>0x2e0</size>
         <input_file_ref idref="fl-ac"/>
      </object_component>
      <object_component id="oc-8c6">
         <name>.text:fcvt</name>
         <load_address>0x10811540</load_address>
         <run_address>0x10811540</run_address>
         <size>0x2a0</size>
         <input_file_ref idref="fl-ac"/>
      </object_component>
      <object_component id="oc-107">
         <name>.text:__c6xabi_divf</name>
         <load_address>0x108117e0</load_address>
         <run_address>0x108117e0</run_address>
         <size>0x280</size>
         <input_file_ref idref="fl-92"/>
      </object_component>
      <object_component id="oc-8b9">
         <name>.text:ecvt</name>
         <load_address>0x10811a60</load_address>
         <run_address>0x10811a60</run_address>
         <size>0x280</size>
         <input_file_ref idref="fl-ac"/>
      </object_component>
      <object_component id="oc-7f5">
         <name>.text:free</name>
         <load_address>0x10811ce0</load_address>
         <run_address>0x10811ce0</run_address>
         <size>0x280</size>
         <input_file_ref idref="fl-c0"/>
      </object_component>
      <object_component id="oc-35">
         <name>.text:retain</name>
         <load_address>0x10811f60</load_address>
         <run_address>0x10811f60</run_address>
         <size>0x260</size>
         <input_file_ref idref="fl-d"/>
      </object_component>
      <object_component id="oc-a1">
         <name>.text</name>
         <load_address>0x108121c0</load_address>
         <run_address>0x108121c0</run_address>
         <size>0x240</size>
         <input_file_ref idref="fl-10"/>
      </object_component>
      <object_component id="oc-113">
         <name>.text:__c6xabi_divull</name>
         <load_address>0x10812400</load_address>
         <run_address>0x10812400</run_address>
         <size>0x240</size>
         <input_file_ref idref="fl-9a"/>
      </object_component>
      <object_component id="oc-829">
         <name>.text:_pconv_e</name>
         <load_address>0x10812640</load_address>
         <run_address>0x10812640</run_address>
         <size>0x240</size>
         <input_file_ref idref="fl-ac"/>
      </object_component>
      <object_component id="oc-694">
         <name>.text:_pproc_diouxp</name>
         <load_address>0x10812880</load_address>
         <run_address>0x10812880</run_address>
         <size>0x240</size>
         <input_file_ref idref="fl-ac"/>
      </object_component>
      <object_component id="oc-2b5">
         <name>.text</name>
         <load_address>0x10812ac0</load_address>
         <run_address>0x10812ac0</run_address>
         <size>0x220</size>
         <input_file_ref idref="fl-11"/>
      </object_component>
      <object_component id="oc-37c">
         <name>.text:_pproc_str</name>
         <load_address>0x10812ce0</load_address>
         <run_address>0x10812ce0</run_address>
         <size>0x220</size>
         <input_file_ref idref="fl-ac"/>
      </object_component>
      <object_component id="oc-36b">
         <name>.text:fputc</name>
         <load_address>0x10812f00</load_address>
         <run_address>0x10812f00</run_address>
         <size>0x220</size>
         <input_file_ref idref="fl-b6"/>
      </object_component>
      <object_component id="oc-821">
         <name>.text:_pconv_g</name>
         <load_address>0x10813120</load_address>
         <run_address>0x10813120</run_address>
         <size>0x200</size>
         <input_file_ref idref="fl-ac"/>
      </object_component>
      <object_component id="oc-3f">
         <name>.text:retain</name>
         <load_address>0x10813320</load_address>
         <run_address>0x10813320</run_address>
         <size>0x200</size>
         <input_file_ref idref="fl-11"/>
      </object_component>
      <object_component id="oc-679">
         <name>.text:setvbuf</name>
         <load_address>0x10813520</load_address>
         <run_address>0x10813520</run_address>
         <size>0x200</size>
         <input_file_ref idref="fl-bc"/>
      </object_component>
      <object_component id="oc-8c1">
         <name>.text:_mcpy</name>
         <load_address>0x10813720</load_address>
         <run_address>0x10813720</run_address>
         <size>0x1c0</size>
         <input_file_ref idref="fl-ac"/>
      </object_component>
      <object_component id="oc-8ac">
         <name>.text:HOSTrename</name>
         <load_address>0x108138e0</load_address>
         <run_address>0x108138e0</run_address>
         <size>0x1a0</size>
         <input_file_ref idref="fl-a7"/>
      </object_component>
      <object_component id="oc-913">
         <name>.text:__c6xabi_divul</name>
         <load_address>0x10813a80</load_address>
         <run_address>0x10813a80</run_address>
         <size>0x1a0</size>
         <input_file_ref idref="fl-b8"/>
      </object_component>
      <object_component id="oc-65">
         <name>.text:__TI_decompress_rle_core</name>
         <load_address>0x10813c20</load_address>
         <run_address>0x10813c20</run_address>
         <size>0x180</size>
         <input_file_ref idref="fl-8f"/>
      </object_component>
      <object_component id="oc-7f9">
         <name>.text:malloc</name>
         <load_address>0x10813da0</load_address>
         <run_address>0x10813da0</run_address>
         <size>0x180</size>
         <input_file_ref idref="fl-c0"/>
      </object_component>
      <object_component id="oc-370">
         <name>.text:_pproc_fflags</name>
         <load_address>0x10813f20</load_address>
         <run_address>0x10813f20</run_address>
         <size>0x140</size>
         <input_file_ref idref="fl-ac"/>
      </object_component>
      <object_component id="oc-919">
         <name>.text:getdevice</name>
         <load_address>0x10814060</load_address>
         <run_address>0x10814060</run_address>
         <size>0x140</size>
         <input_file_ref idref="fl-9c"/>
      </object_component>
      <object_component id="oc-87d">
         <name>.text:_closefile</name>
         <load_address>0x108141a0</load_address>
         <run_address>0x108141a0</run_address>
         <size>0x120</size>
         <input_file_ref idref="fl-c1"/>
      </object_component>
      <object_component id="oc-836">
         <name>.text:_ltostr</name>
         <load_address>0x108142c0</load_address>
         <run_address>0x108142c0</run_address>
         <size>0x120</size>
         <input_file_ref idref="fl-ac"/>
      </object_component>
      <object_component id="oc-675">
         <name>.text:fseek</name>
         <load_address>0x108143e0</load_address>
         <run_address>0x108143e0</run_address>
         <size>0x120</size>
         <input_file_ref idref="fl-b7"/>
      </object_component>
      <object_component id="oc-8a4">
         <name>.text:HOSTlseek</name>
         <load_address>0x10814500</load_address>
         <run_address>0x10814500</run_address>
         <size>0x100</size>
         <input_file_ref idref="fl-a7"/>
      </object_component>
      <object_component id="oc-48">
         <name>.text:_auto_init_elf</name>
         <load_address>0x10814600</load_address>
         <run_address>0x10814600</run_address>
         <size>0x100</size>
         <input_file_ref idref="fl-b0"/>
      </object_component>
      <object_component id="oc-34f">
         <name>.text:_wrt_ok</name>
         <load_address>0x10814700</load_address>
         <run_address>0x10814700</run_address>
         <size>0x100</size>
         <input_file_ref idref="fl-aa"/>
      </object_component>
      <object_component id="oc-b0">
         <name>.text:copy_in</name>
         <load_address>0x10814800</load_address>
         <run_address>0x10814800</run_address>
         <size>0x100</size>
         <input_file_ref idref="fl-b2"/>
      </object_component>
      <object_component id="oc-894">
         <name>.text:HOSTopen</name>
         <load_address>0x10814900</load_address>
         <run_address>0x10814900</run_address>
         <size>0xe0</size>
         <input_file_ref idref="fl-a7"/>
      </object_component>
      <object_component id="oc-8dc">
         <name>.text:_div</name>
         <load_address>0x108149e0</load_address>
         <run_address>0x108149e0</run_address>
         <size>0xe0</size>
         <input_file_ref idref="fl-ac"/>
      </object_component>
      <object_component id="oc-68b">
         <name>.text:atoi</name>
         <load_address>0x10814ac0</load_address>
         <run_address>0x10814ac0</run_address>
         <size>0xe0</size>
         <input_file_ref idref="fl-af"/>
      </object_component>
      <object_component id="oc-8e5">
         <name>.text:close</name>
         <load_address>0x10814ba0</load_address>
         <run_address>0x10814ba0</run_address>
         <size>0xe0</size>
         <input_file_ref idref="fl-9c"/>
      </object_component>
      <object_component id="oc-20">
         <name>.text:decompress:ZI:__TI_zero_init</name>
         <load_address>0x10814c80</load_address>
         <run_address>0x10814c80</run_address>
         <size>0xe0</size>
         <input_file_ref idref="fl-90"/>
      </object_component>
      <object_component id="oc-90a">
         <name>.text:ltoa</name>
         <load_address>0x10814d60</load_address>
         <run_address>0x10814d60</run_address>
         <size>0xe0</size>
         <input_file_ref idref="fl-ba"/>
      </object_component>
      <object_component id="oc-120">
         <name>.text:memset</name>
         <load_address>0x10814e40</load_address>
         <run_address>0x10814e40</run_address>
         <size>0xe0</size>
         <input_file_ref idref="fl-9f"/>
      </object_component>
      <object_component id="oc-7c">
         <name>.text:printf</name>
         <load_address>0x10814f20</load_address>
         <run_address>0x10814f20</run_address>
         <size>0xe0</size>
         <input_file_ref idref="fl-a1"/>
      </object_component>
      <object_component id="oc-89c">
         <name>.text:HOSTread</name>
         <load_address>0x10815000</load_address>
         <run_address>0x10815000</run_address>
         <size>0xc0</size>
         <input_file_ref idref="fl-a7"/>
      </object_component>
      <object_component id="oc-8a8">
         <name>.text:HOSTunlink</name>
         <load_address>0x108150c0</load_address>
         <run_address>0x108150c0</run_address>
         <size>0xc0</size>
         <input_file_ref idref="fl-a7"/>
      </object_component>
      <object_component id="oc-8a0">
         <name>.text:HOSTwrite</name>
         <load_address>0x10815180</load_address>
         <run_address>0x10815180</run_address>
         <size>0xc0</size>
         <input_file_ref idref="fl-a7"/>
      </object_component>
      <object_component id="oc-10f">
         <name>.text:__divu</name>
         <load_address>0x10815240</load_address>
         <run_address>0x10815240</run_address>
         <size>0xc0</size>
         <input_file_ref idref="fl-94"/>
      </object_component>
      <object_component id="oc-63f">
         <name>.text:__remi</name>
         <load_address>0x10815300</load_address>
         <run_address>0x10815300</run_address>
         <size>0xc0</size>
         <input_file_ref idref="fl-a2"/>
      </object_component>
      <object_component id="oc-353">
         <name>.text:_doflush</name>
         <load_address>0x108153c0</load_address>
         <run_address>0x108153c0</run_address>
         <size>0xc0</size>
         <input_file_ref idref="fl-b5"/>
      </object_component>
      <object_component id="oc-50">
         <name>.text:exit</name>
         <load_address>0x10815480</load_address>
         <run_address>0x10815480</run_address>
         <size>0xc0</size>
         <input_file_ref idref="fl-95"/>
      </object_component>
      <object_component id="oc-b4">
         <name>.text:tls:init:__TI_tls_init</name>
         <load_address>0x10815540</load_address>
         <run_address>0x10815540</run_address>
         <size>0xc0</size>
         <input_file_ref idref="fl-bd"/>
      </object_component>
      <object_component id="oc-898">
         <name>.text:HOSTclose</name>
         <load_address>0x10815600</load_address>
         <run_address>0x10815600</run_address>
         <size>0xa0</size>
         <input_file_ref idref="fl-a7"/>
      </object_component>
      <object_component id="oc-159">
         <name>.text:__remu</name>
         <load_address>0x108156a0</load_address>
         <run_address>0x108156a0</run_address>
         <size>0xa0</size>
         <input_file_ref idref="fl-a3"/>
      </object_component>
      <object_component id="oc-7f1">
         <name>.text:_cleanup</name>
         <load_address>0x10815740</load_address>
         <run_address>0x10815740</run_address>
         <size>0xa0</size>
         <input_file_ref idref="fl-bf"/>
      </object_component>
      <object_component id="oc-8bd">
         <name>.text:_ecpy</name>
         <load_address>0x108157e0</load_address>
         <run_address>0x108157e0</run_address>
         <size>0xa0</size>
         <input_file_ref idref="fl-ac"/>
      </object_component>
      <object_component id="oc-8ca">
         <name>.text:_fcpy</name>
         <load_address>0x10815880</load_address>
         <run_address>0x10815880</run_address>
         <size>0xa0</size>
         <input_file_ref idref="fl-ac"/>
      </object_component>
      <object_component id="oc-88d">
         <name>.text:_minit</name>
         <load_address>0x10815920</load_address>
         <run_address>0x10815920</run_address>
         <size>0xa0</size>
         <input_file_ref idref="fl-c0"/>
      </object_component>
      <object_component id="oc-825">
         <name>.text:_pconv_f</name>
         <load_address>0x108159c0</load_address>
         <run_address>0x108159c0</run_address>
         <size>0xa0</size>
         <input_file_ref idref="fl-ac"/>
      </object_component>
      <object_component id="oc-92e">
         <name>.text:finddevice</name>
         <load_address>0x10815a60</load_address>
         <run_address>0x10815a60</run_address>
         <size>0xa0</size>
         <input_file_ref idref="fl-9c"/>
      </object_component>
      <object_component id="oc-7eb">
         <name>.text:lseek</name>
         <load_address>0x10815b00</load_address>
         <run_address>0x10815b00</run_address>
         <size>0xa0</size>
         <input_file_ref idref="fl-9c"/>
      </object_component>
      <object_component id="oc-55">
         <name>.text:memcpy</name>
         <load_address>0x10815ba0</load_address>
         <run_address>0x10815ba0</run_address>
         <size>0xa0</size>
         <input_file_ref idref="fl-9e"/>
      </object_component>
      <object_component id="oc-888">
         <name>.text:minsert</name>
         <load_address>0x10815c40</load_address>
         <run_address>0x10815c40</run_address>
         <size>0xa0</size>
         <input_file_ref idref="fl-c0"/>
      </object_component>
      <object_component id="oc-884">
         <name>.text:mremove</name>
         <load_address>0x10815ce0</load_address>
         <run_address>0x10815ce0</run_address>
         <size>0xa0</size>
         <input_file_ref idref="fl-c0"/>
      </object_component>
      <object_component id="oc-357">
         <name>.text:write</name>
         <load_address>0x10815d80</load_address>
         <run_address>0x10815d80</run_address>
         <size>0xa0</size>
         <input_file_ref idref="fl-9c"/>
      </object_component>
      <object_component id="oc-10b">
         <name>.text:__c6xabi_fixfu</name>
         <load_address>0x10815e20</load_address>
         <run_address>0x10815e20</run_address>
         <size>0x80</size>
         <input_file_ref idref="fl-97"/>
      </object_component>
      <object_component id="oc-2e2">
         <name>.text:__c6xabi_llshl</name>
         <load_address>0x10815ea0</load_address>
         <run_address>0x10815ea0</run_address>
         <size>0x80</size>
         <input_file_ref idref="fl-9b"/>
      </object_component>
      <object_component id="oc-18">
         <name>.text:_c_int00</name>
         <load_address>0x10815f20</load_address>
         <run_address>0x10815f20</run_address>
         <size>0x80</size>
         <input_file_ref idref="fl-8d"/>
      </object_component>
      <object_component id="oc-8fc">
         <name>.text:readmsg</name>
         <load_address>0x10815fa0</load_address>
         <run_address>0x10815fa0</run_address>
         <size>0x80</size>
         <input_file_ref idref="fl-a8"/>
      </object_component>
      <object_component id="oc-8e9">
         <name>.text:unlink</name>
         <load_address>0x10816020</load_address>
         <run_address>0x10816020</run_address>
         <size>0x80</size>
         <input_file_ref idref="fl-9c"/>
      </object_component>
      <object_component id="oc-b8">
         <name>.text:__TI_cpp_init</name>
         <load_address>0x108160a0</load_address>
         <run_address>0x108160a0</run_address>
         <size>0x60</size>
         <input_file_ref idref="fl-b1"/>
      </object_component>
      <object_component id="oc-2f5">
         <name>.text:__c6xabi_frcmpyd_div</name>
         <load_address>0x10816100</load_address>
         <run_address>0x10816100</run_address>
         <size>0x60</size>
         <input_file_ref idref="fl-99"/>
      </object_component>
      <object_component id="oc-2ea">
         <name>.text:__c6xabi_llshru</name>
         <load_address>0x10816160</load_address>
         <run_address>0x10816160</run_address>
         <size>0x60</size>
         <input_file_ref idref="fl-9b"/>
      </object_component>
      <object_component id="oc-2e6">
         <name>.text:_subcull</name>
         <load_address>0x108161c0</load_address>
         <run_address>0x108161c0</run_address>
         <size>0x60</size>
         <input_file_ref idref="fl-9a"/>
      </object_component>
      <object_component id="oc-698">
         <name>.text:memccpy</name>
         <load_address>0x10816220</load_address>
         <run_address>0x10816220</run_address>
         <size>0x60</size>
         <input_file_ref idref="fl-bb"/>
      </object_component>
      <object_component id="oc-2b1">
         <name>.text:memcmp</name>
         <load_address>0x10816280</load_address>
         <run_address>0x10816280</run_address>
         <size>0x60</size>
         <input_file_ref idref="fl-9d"/>
      </object_component>
      <object_component id="oc-165">
         <name>.text:strncmp</name>
         <load_address>0x108162e0</load_address>
         <run_address>0x108162e0</run_address>
         <size>0x60</size>
         <input_file_ref idref="fl-a6"/>
      </object_component>
      <object_component id="oc-161">
         <name>.text:vsprintf</name>
         <load_address>0x10816340</load_address>
         <run_address>0x10816340</run_address>
         <size>0x60</size>
         <input_file_ref idref="fl-a9"/>
      </object_component>
      <object_component id="oc-8f8">
         <name>.text:writemsg</name>
         <load_address>0x108163a0</load_address>
         <run_address>0x108163a0</run_address>
         <size>0x60</size>
         <input_file_ref idref="fl-a8"/>
      </object_component>
      <object_component id="oc-2d">
         <name>.text</name>
         <load_address>0x10816400</load_address>
         <run_address>0x10816400</run_address>
         <size>0x40</size>
         <input_file_ref idref="fl-e"/>
      </object_component>
      <object_component id="oc-81d">
         <name>.text:__c6xabi_isinf</name>
         <load_address>0x10816440</load_address>
         <run_address>0x10816440</run_address>
         <size>0x40</size>
         <input_file_ref idref="fl-b9"/>
      </object_component>
      <object_component id="oc-819">
         <name>.text:__c6xabi_isnan</name>
         <load_address>0x10816480</load_address>
         <run_address>0x10816480</run_address>
         <size>0x40</size>
         <input_file_ref idref="fl-ac"/>
      </object_component>
      <object_component id="oc-11c">
         <name>.text:__strasgi_64plus</name>
         <load_address>0x108164c0</load_address>
         <run_address>0x108164c0</run_address>
         <size>0x40</size>
         <input_file_ref idref="fl-a4"/>
      </object_component>
      <object_component id="oc-4c">
         <name>.text:_args_main</name>
         <load_address>0x10816500</load_address>
         <run_address>0x10816500</run_address>
         <size>0x40</size>
         <input_file_ref idref="fl-ae"/>
      </object_component>
      <object_component id="oc-3a0">
         <name>.text:_outs</name>
         <load_address>0x10816540</load_address>
         <run_address>0x10816540</run_address>
         <size>0x40</size>
         <input_file_ref idref="fl-a9"/>
      </object_component>
      <object_component id="oc-78">
         <name>.text:puts</name>
         <load_address>0x10816580</load_address>
         <run_address>0x10816580</run_address>
         <size>0x40</size>
         <input_file_ref idref="fl-98"/>
      </object_component>
      <object_component id="oc-15d">
         <name>.text:strlen</name>
         <load_address>0x108165c0</load_address>
         <run_address>0x108165c0</run_address>
         <size>0x40</size>
         <input_file_ref idref="fl-a5"/>
      </object_component>
      <object_component id="oc-832">
         <name>.text:__c6xabi_negll</name>
         <load_address>0x10816600</load_address>
         <run_address>0x10816600</run_address>
         <size>0x20</size>
         <input_file_ref idref="fl-a0"/>
      </object_component>
      <object_component id="oc-363">
         <name>.text:_nop</name>
         <load_address>0x10816620</load_address>
         <run_address>0x10816620</run_address>
         <size>0x20</size>
         <input_file_ref idref="fl-ab"/>
      </object_component>
      <object_component id="oc-143">
         <name>.text:_outc</name>
         <load_address>0x10816640</load_address>
         <run_address>0x10816640</run_address>
         <size>0x20</size>
         <input_file_ref idref="fl-a1"/>
      </object_component>
      <object_component id="oc-39c">
         <name>.text:_outc</name>
         <load_address>0x10816660</load_address>
         <run_address>0x10816660</run_address>
         <size>0x20</size>
         <input_file_ref idref="fl-a9"/>
      </object_component>
      <object_component id="oc-13f">
         <name>.text:_outs</name>
         <load_address>0x10816680</load_address>
         <run_address>0x10816680</run_address>
         <size>0x20</size>
         <input_file_ref idref="fl-a1"/>
      </object_component>
      <object_component id="oc-ca">
         <name>.text:abort</name>
         <load_address>0x108166a0</load_address>
         <run_address>0x108166a0</run_address>
         <size>0x20</size>
         <input_file_ref idref="fl-95"/>
      </object_component>
      <object_component id="oc-1c">
         <name>.text:decompress:none:__TI_decompress_none</name>
         <load_address>0x108166c0</load_address>
         <run_address>0x108166c0</run_address>
         <size>0x20</size>
         <input_file_ref idref="fl-8e"/>
      </object_component>
      <object_component id="oc-24">
         <name>.text:decompress:rle24:__TI_decompress_rle24</name>
         <load_address>0x108166e0</load_address>
         <run_address>0x108166e0</run_address>
         <size>0x20</size>
         <input_file_ref idref="fl-8f"/>
      </object_component>
      <object_component id="oc-963">
         <name>.cinit..fardata.load</name>
         <load_address>0x1081b900</load_address>
         <run_address>0x1081b900</run_address>
         <size>0x2c3</size>
      </object_component>
      <object_component id="oc-960">
         <name>.cinit..neardata.load</name>
         <load_address>0x1081bbc4</load_address>
         <run_address>0x1081bbc4</run_address>
         <size>0x12c</size>
      </object_component>
      <object_component id="oc-962">
         <name>.cinit..far.load</name>
         <load_address>0x1081bcf0</load_address>
         <run_address>0x1081bcf0</run_address>
         <size>0x1a</size>
      </object_component>
      <object_component id="oc-95e">
         <name>__TI_handler_table</name>
         <load_address>0x1081bd0c</load_address>
         <run_address>0x1081bd0c</run_address>
         <size>0xc</size>
      </object_component>
      <object_component id="oc-964">
         <name>.cinit..UART_DATA_BUF.load</name>
         <load_address>0x1081bd18</load_address>
         <run_address>0x1081bd18</run_address>
         <size>0x8</size>
      </object_component>
      <object_component id="oc-961">
         <name>.cinit..bss.load</name>
         <load_address>0x1081bd20</load_address>
         <run_address>0x1081bd20</run_address>
         <size>0x8</size>
      </object_component>
      <object_component id="oc-95f">
         <name>__TI_cinit_table</name>
         <load_address>0x1081bd28</load_address>
         <run_address>0x1081bd28</run_address>
         <size>0x28</size>
      </object_component>
      <object_component id="oc-72">
         <name>.const:.string</name>
         <load_address>0x10816700</load_address>
         <run_address>0x10816700</run_address>
         <size>0x1a2c</size>
         <input_file_ref idref="fl-9"/>
      </object_component>
      <object_component id="oc-298">
         <name>.const:.string</name>
         <load_address>0x1081812c</load_address>
         <run_address>0x1081812c</run_address>
         <size>0x324</size>
         <input_file_ref idref="fl-c"/>
      </object_component>
      <object_component id="oc-9a">
         <name>.const:.string</name>
         <load_address>0x10818450</load_address>
         <run_address>0x10818450</run_address>
         <size>0x138</size>
         <input_file_ref idref="fl-10"/>
      </object_component>
      <object_component id="oc-815">
         <name>.const:.string:_ctypes_</name>
         <load_address>0x10818588</load_address>
         <run_address>0x10818588</run_address>
         <size>0x101</size>
         <input_file_ref idref="fl-b3"/>
      </object_component>
      <object_component id="oc-136">
         <name>.const:.string</name>
         <load_address>0x10818689</load_address>
         <run_address>0x10818689</run_address>
         <size>0x2</size>
         <input_file_ref idref="fl-98"/>
      </object_component>
      <object_component id="oc-63e">
         <name>.const:.string</name>
         <load_address>0x1081868c</load_address>
         <run_address>0x1081868c</run_address>
         <size>0x74</size>
         <input_file_ref idref="fl-12"/>
      </object_component>
      <object_component id="oc-a8">
         <name>.const:.string</name>
         <load_address>0x10818700</load_address>
         <run_address>0x10818700</run_address>
         <size>0x74</size>
         <input_file_ref idref="fl-11"/>
      </object_component>
      <object_component id="oc-62b">
         <name>.const:.string</name>
         <load_address>0x10818774</load_address>
         <run_address>0x10818774</run_address>
         <size>0x24</size>
         <input_file_ref idref="fl-a"/>
      </object_component>
      <object_component id="oc-69c">
         <name>.const:.string</name>
         <load_address>0x10818798</load_address>
         <run_address>0x10818798</run_address>
         <size>0x23</size>
         <input_file_ref idref="fl-ac"/>
      </object_component>
      <object_component id="oc-158">
         <name>.const:.string</name>
         <load_address>0x108187bc</load_address>
         <run_address>0x108187bc</run_address>
         <size>0x20</size>
         <input_file_ref idref="fl-d"/>
      </object_component>
      <object_component id="oc-627">
         <name>.const:$P$T0$1</name>
         <load_address>0x108187e0</load_address>
         <run_address>0x108187e0</run_address>
         <size>0x10</size>
         <input_file_ref idref="fl-a"/>
      </object_component>
      <object_component id="oc-152">
         <name>.switch:dspUartInit</name>
         <load_address>0x1081b8d0</load_address>
         <run_address>0x1081b8d0</run_address>
         <size>0x18</size>
         <input_file_ref idref="fl-d"/>
      </object_component>
      <object_component id="oc-151">
         <name>.switch:uartCfg</name>
         <load_address>0x1081b8e8</load_address>
         <run_address>0x1081b8e8</run_address>
         <size>0x18</size>
         <input_file_ref idref="fl-d"/>
      </object_component>
      <object_component id="oc-44">
         <name>.stack</name>
         <uninitialized>true</uninitialized>
         <run_address>0x10819df8</run_address>
         <size>0x8</size>
         <input_file_ref idref="fl-8d"/>
      </object_component>
      <object_component id="oc-965">
         <name>.stack</name>
         <uninitialized>true</uninitialized>
         <run_address>0x10819df8</run_address>
         <size>0x0</size>
      </object_component>
      <object_component id="oc-88">
         <name>.neardata</name>
         <load_address>0x1081b678</load_address>
         <run_address>0x1081b678</run_address>
         <size>0xbc</size>
         <input_file_ref idref="fl-9"/>
      </object_component>
      <object_component id="oc-9d">
         <name>.neardata</name>
         <load_address>0x1081b734</load_address>
         <run_address>0x1081b734</run_address>
         <size>0x64</size>
         <input_file_ref idref="fl-b"/>
      </object_component>
      <object_component id="oc-96">
         <name>.neardata</name>
         <load_address>0x1081b798</load_address>
         <run_address>0x1081b798</run_address>
         <size>0xc</size>
         <input_file_ref idref="fl-c"/>
      </object_component>
      <object_component id="oc-65b">
         <name>.neardata</name>
         <load_address>0x1081b7a4</load_address>
         <run_address>0x1081b7a4</run_address>
         <size>0x4</size>
         <input_file_ref idref="fl-11"/>
      </object_component>
      <object_component id="oc-98">
         <name>.neardata</name>
         <load_address>0x1081b7a8</load_address>
         <run_address>0x1081b7a8</run_address>
         <size>0x4</size>
         <input_file_ref idref="fl-a"/>
      </object_component>
      <object_component id="oc-625">
         <name>.bss</name>
         <uninitialized>true</uninitialized>
         <run_address>0x1081b7ac</run_address>
         <size>0x4</size>
         <input_file_ref idref="fl-a"/>
      </object_component>
      <object_component id="oc-70">
         <name>.far</name>
         <load_address>0x10819d60</load_address>
         <run_address>0x10819d60</run_address>
         <size>0x6c</size>
         <input_file_ref idref="fl-9"/>
      </object_component>
      <object_component id="oc-9f">
         <name>.far</name>
         <load_address>0x10819ce0</load_address>
         <run_address>0x10819ce0</run_address>
         <size>0x80</size>
         <input_file_ref idref="fl-f"/>
      </object_component>
      <object_component id="oc-14f">
         <name>.far</name>
         <load_address>0x108196b0</load_address>
         <run_address>0x108196b0</run_address>
         <size>0x410</size>
         <input_file_ref idref="fl-d"/>
      </object_component>
      <object_component id="oc-1f3">
         <name>.far</name>
         <load_address>0x10819dcc</load_address>
         <run_address>0x10819dcc</run_address>
         <size>0x14</size>
         <input_file_ref idref="fl-10"/>
      </object_component>
      <object_component id="oc-1f7">
         <name>.far</name>
         <load_address>0x10819c00</load_address>
         <run_address>0x10819c00</run_address>
         <size>0xe0</size>
         <input_file_ref idref="fl-c"/>
      </object_component>
      <object_component id="oc-2ef">
         <name>.far:Core_MPAX</name>
         <load_address>0x10819de0</load_address>
         <run_address>0x10819de0</run_address>
         <size>0x10</size>
         <input_file_ref idref="fl-9"/>
      </object_component>
      <object_component id="oc-63c">
         <name>.far</name>
         <load_address>0x108187f0</load_address>
         <run_address>0x108187f0</run_address>
         <size>0xec0</size>
         <input_file_ref idref="fl-12"/>
      </object_component>
      <object_component id="oc-8ed">
         <name>.far</name>
         <load_address>0x10819ac0</load_address>
         <run_address>0x10819ac0</run_address>
         <size>0x140</size>
         <input_file_ref idref="fl-b4"/>
      </object_component>
      <object_component id="oc-8f6">
         <name>.far</name>
         <load_address>0x10819df0</load_address>
         <run_address>0x10819df0</run_address>
         <size>0x8</size>
         <input_file_ref idref="fl-a7"/>
      </object_component>
      <object_component id="oc-9b">
         <name>.fardata:doorbell_msg_str</name>
         <load_address>0x1081b5d0</load_address>
         <run_address>0x1081b5d0</run_address>
         <size>0x14</size>
         <input_file_ref idref="fl-10"/>
      </object_component>
      <object_component id="oc-c8">
         <name>.fardata</name>
         <load_address>0x1081b614</load_address>
         <run_address>0x1081b614</run_address>
         <size>0xc</size>
         <input_file_ref idref="fl-95"/>
      </object_component>
      <object_component id="oc-eb">
         <name>.fardata:gpTimerRegs</name>
         <load_address>0x1081b470</load_address>
         <run_address>0x1081b470</run_address>
         <size>0x24</size>
         <input_file_ref idref="fl-9"/>
      </object_component>
      <object_component id="oc-ed">
         <name>.fardata:gpEDMA_CC_regs</name>
         <load_address>0x1081b608</load_address>
         <run_address>0x1081b608</run_address>
         <size>0xc</size>
         <input_file_ref idref="fl-9"/>
      </object_component>
      <object_component id="oc-ef">
         <name>.fardata:gpEDMA_TC_regs</name>
         <load_address>0x1081b420</load_address>
         <run_address>0x1081b420</run_address>
         <size>0x28</size>
         <input_file_ref idref="fl-9"/>
      </object_component>
      <object_component id="oc-f1">
         <name>.fardata:gpMPU_regs</name>
         <load_address>0x1081b548</load_address>
         <run_address>0x1081b548</run_address>
         <size>0x20</size>
         <input_file_ref idref="fl-9"/>
      </object_component>
      <object_component id="oc-f3">
         <name>.fardata:gstruMpuAddrRange</name>
         <load_address>0x1081b3e0</load_address>
         <run_address>0x1081b3e0</run_address>
         <size>0x40</size>
         <input_file_ref idref="fl-9"/>
      </object_component>
      <object_component id="oc-f5">
         <name>.fardata:Ns_str</name>
         <load_address>0x1081b660</load_address>
         <run_address>0x1081b660</run_address>
         <size>0x8</size>
         <input_file_ref idref="fl-9"/>
      </object_component>
      <object_component id="oc-f7">
         <name>.fardata:Peri_MPU_err_type_str</name>
         <load_address>0x1081b588</load_address>
         <run_address>0x1081b588</run_address>
         <size>0x18</size>
         <input_file_ref idref="fl-9"/>
      </object_component>
      <object_component id="oc-f9">
         <name>.fardata:gCIC_EXC_EN_MASK</name>
         <load_address>0x1081b528</load_address>
         <run_address>0x1081b528</run_address>
         <size>0x20</size>
         <input_file_ref idref="fl-9"/>
      </object_component>
      <object_component id="oc-fb">
         <name>.fardata:bus_err_stat_str</name>
         <load_address>0x1081b508</load_address>
         <run_address>0x1081b508</run_address>
         <size>0x20</size>
         <input_file_ref idref="fl-9"/>
      </object_component>
      <object_component id="oc-fd">
         <name>.fardata:internal_exception_str</name>
         <load_address>0x1081b4c0</load_address>
         <run_address>0x1081b4c0</run_address>
         <size>0x24</size>
         <input_file_ref idref="fl-9"/>
      </object_component>
      <object_component id="oc-ff">
         <name>.fardata:boot_mode_str</name>
         <load_address>0x1081b4e8</load_address>
         <run_address>0x1081b4e8</run_address>
         <size>0x20</size>
         <input_file_ref idref="fl-9"/>
      </object_component>
      <object_component id="oc-101">
         <name>.fardata:device_type_str</name>
         <load_address>0x1081b5b8</load_address>
         <run_address>0x1081b5b8</run_address>
         <size>0x14</size>
         <input_file_ref idref="fl-9"/>
      </object_component>
      <object_component id="oc-103">
         <name>.fardata:endian_str</name>
         <load_address>0x1081b668</load_address>
         <run_address>0x1081b668</run_address>
         <size>0x8</size>
         <input_file_ref idref="fl-9"/>
      </object_component>
      <object_component id="oc-105">
         <name>.fardata:input_clk_str</name>
         <load_address>0x1081b498</load_address>
         <run_address>0x1081b498</run_address>
         <size>0x24</size>
         <input_file_ref idref="fl-9"/>
      </object_component>
      <object_component id="oc-134">
         <name>.fardata:_ftable</name>
         <load_address>0x1081adf8</load_address>
         <run_address>0x1081adf8</run_address>
         <size>0x1e0</size>
         <input_file_ref idref="fl-b4"/>
      </object_component>
      <object_component id="oc-13d">
         <name>.fardata</name>
         <load_address>0x1081b670</load_address>
         <run_address>0x1081b670</run_address>
         <size>0x8</size>
         <input_file_ref idref="fl-ab"/>
      </object_component>
      <object_component id="oc-155">
         <name>.fardata</name>
         <load_address>0x1081b398</load_address>
         <run_address>0x1081b398</run_address>
         <size>0x41</size>
         <input_file_ref idref="fl-d"/>
      </object_component>
      <object_component id="oc-156">
         <name>.fardata:cmdFunTab</name>
         <load_address>0x1081b5e8</load_address>
         <run_address>0x1081b5e8</run_address>
         <size>0x10</size>
         <input_file_ref idref="fl-d"/>
      </object_component>
      <object_component id="oc-1f5">
         <name>.fardata:interrupt_map</name>
         <load_address>0x1081b448</load_address>
         <run_address>0x1081b448</run_address>
         <size>0x28</size>
         <input_file_ref idref="fl-10"/>
      </object_component>
      <object_component id="oc-296">
         <name>.fardata:path_str</name>
         <load_address>0x1081b568</load_address>
         <run_address>0x1081b568</run_address>
         <size>0x20</size>
         <input_file_ref idref="fl-c"/>
      </object_component>
      <object_component id="oc-299">
         <name>.fardata:type_str</name>
         <load_address>0x1081b5a0</load_address>
         <run_address>0x1081b5a0</run_address>
         <size>0x18</size>
         <input_file_ref idref="fl-c"/>
      </object_component>
      <object_component id="oc-29b">
         <name>.fardata:dsp0_device_ID_routing_config</name>
         <load_address>0x1081b5f8</load_address>
         <run_address>0x1081b5f8</run_address>
         <size>0xc</size>
         <input_file_ref idref="fl-c"/>
      </object_component>
      <object_component id="oc-29d">
         <name>.fardata:cmp</name>
         <load_address>0x1081afd8</load_address>
         <run_address>0x1081afd8</run_address>
         <size>0x12c</size>
         <input_file_ref idref="fl-c"/>
      </object_component>
      <object_component id="oc-29f">
         <name>.fardata:test</name>
         <load_address>0x1081b108</load_address>
         <run_address>0x1081b108</run_address>
         <size>0x12c</size>
         <input_file_ref idref="fl-c"/>
      </object_component>
      <object_component id="oc-2a1">
         <name>.fardata:pbuf</name>
         <load_address>0x1081b650</load_address>
         <run_address>0x1081b650</run_address>
         <size>0xa</size>
         <input_file_ref idref="fl-c"/>
      </object_component>
      <object_component id="oc-2a3">
         <name>.fardata:err</name>
         <load_address>0x1081b640</load_address>
         <run_address>0x1081b640</run_address>
         <size>0xa</size>
         <input_file_ref idref="fl-c"/>
      </object_component>
      <object_component id="oc-2a5">
         <name>.fardata:err1</name>
         <load_address>0x1081b630</load_address>
         <run_address>0x1081b630</run_address>
         <size>0xa</size>
         <input_file_ref idref="fl-c"/>
      </object_component>
      <object_component id="oc-629">
         <name>.fardata:LSU_state_index_table</name>
         <load_address>0x1081b350</load_address>
         <run_address>0x1081b350</run_address>
         <size>0x48</size>
         <input_file_ref idref="fl-a"/>
      </object_component>
      <object_component id="oc-681">
         <name>.fardata:_stream</name>
         <load_address>0x1081b238</load_address>
         <run_address>0x1081b238</run_address>
         <size>0xa0</size>
         <input_file_ref idref="fl-9c"/>
      </object_component>
      <object_component id="oc-803">
         <name>.fardata:_device</name>
         <load_address>0x1081b2d8</load_address>
         <run_address>0x1081b2d8</run_address>
         <size>0x78</size>
         <input_file_ref idref="fl-9c"/>
      </object_component>
      <object_component id="oc-87b">
         <name>.fardata</name>
         <load_address>0x1081b104</load_address>
         <run_address>0x1081b104</run_address>
         <size>0x4</size>
         <input_file_ref idref="fl-b4"/>
      </object_component>
      <object_component id="oc-882">
         <name>.fardata</name>
         <load_address>0x1081b620</load_address>
         <run_address>0x1081b620</run_address>
         <size>0xc</size>
         <input_file_ref idref="fl-c0"/>
      </object_component>
      <object_component id="oc-924">
         <name>.cio</name>
         <uninitialized>true</uninitialized>
         <run_address>0x1081b7b0</run_address>
         <size>0x120</size>
         <input_file_ref idref="fl-a8"/>
      </object_component>
      <object_component id="oc-46">
         <name>.sysmem</name>
         <uninitialized>true</uninitialized>
         <run_address>0xc01a800</run_address>
         <size>0x8</size>
         <input_file_ref idref="fl-c0"/>
      </object_component>
      <object_component id="oc-966">
         <name>.sysmem</name>
         <uninitialized>true</uninitialized>
         <run_address>0xc01a800</run_address>
         <size>0x0</size>
      </object_component>
      <object_component id="oc-153">
         <name>.UART_DATA_BUF</name>
         <uninitialized>true</uninitialized>
         <run_address>0x80600000</run_address>
         <size>0x400</size>
         <input_file_ref idref="fl-d"/>
      </object_component>
      <object_component id="oc-19">
         <name>.debug_info</name>
         <load_address>0x0</load_address>
         <run_address>0x0</run_address>
         <size>0x110</size>
         <input_file_ref idref="fl-8d"/>
      </object_component>
      <object_component id="oc-1d">
         <name>.debug_info</name>
         <load_address>0x110</load_address>
         <run_address>0x110</run_address>
         <size>0x14f</size>
         <input_file_ref idref="fl-8e"/>
      </object_component>
      <object_component id="oc-21">
         <name>.debug_info</name>
         <load_address>0x25f</load_address>
         <run_address>0x25f</run_address>
         <size>0x190</size>
         <input_file_ref idref="fl-90"/>
      </object_component>
      <object_component id="oc-25">
         <name>.debug_info</name>
         <load_address>0x3ef</load_address>
         <run_address>0x3ef</run_address>
         <size>0x16c</size>
         <input_file_ref idref="fl-8f"/>
      </object_component>
      <object_component id="oc-29">
         <name>.debug_info</name>
         <load_address>0x55b</load_address>
         <run_address>0x55b</run_address>
         <size>0x37b</size>
         <input_file_ref idref="fl-9"/>
      </object_component>
      <object_component id="oc-2e">
         <name>.debug_info</name>
         <load_address>0x8d6</load_address>
         <run_address>0x8d6</run_address>
         <size>0xdc</size>
         <input_file_ref idref="fl-e"/>
      </object_component>
      <object_component id="oc-32">
         <name>.debug_info</name>
         <load_address>0x9b2</load_address>
         <run_address>0x9b2</run_address>
         <size>0xdd</size>
         <input_file_ref idref="fl-e"/>
      </object_component>
      <object_component id="oc-36">
         <name>.debug_info</name>
         <load_address>0xa8f</load_address>
         <run_address>0xa8f</run_address>
         <size>0x173</size>
         <input_file_ref idref="fl-d"/>
      </object_component>
      <object_component id="oc-3b">
         <name>.debug_info</name>
         <load_address>0xc02</load_address>
         <run_address>0xc02</run_address>
         <size>0x2b9</size>
         <input_file_ref idref="fl-10"/>
      </object_component>
      <object_component id="oc-40">
         <name>.debug_info</name>
         <load_address>0xebb</load_address>
         <run_address>0xebb</run_address>
         <size>0x12b</size>
         <input_file_ref idref="fl-11"/>
      </object_component>
      <object_component id="oc-45">
         <name>.debug_info</name>
         <load_address>0xfe6</load_address>
         <run_address>0xfe6</run_address>
         <size>0xa7</size>
         <input_file_ref idref="fl-8d"/>
      </object_component>
      <object_component id="oc-47">
         <name>.debug_info</name>
         <load_address>0x108d</load_address>
         <run_address>0x108d</run_address>
         <size>0xb3</size>
         <input_file_ref idref="fl-c0"/>
      </object_component>
      <object_component id="oc-49">
         <name>.debug_info</name>
         <load_address>0x1140</load_address>
         <run_address>0x1140</run_address>
         <size>0x190</size>
         <input_file_ref idref="fl-b0"/>
      </object_component>
      <object_component id="oc-4d">
         <name>.debug_info</name>
         <load_address>0x12d0</load_address>
         <run_address>0x12d0</run_address>
         <size>0xf6</size>
         <input_file_ref idref="fl-ae"/>
      </object_component>
      <object_component id="oc-51">
         <name>.debug_info</name>
         <load_address>0x13c6</load_address>
         <run_address>0x13c6</run_address>
         <size>0x10c</size>
         <input_file_ref idref="fl-95"/>
      </object_component>
      <object_component id="oc-56">
         <name>.debug_info</name>
         <load_address>0x14d2</load_address>
         <run_address>0x14d2</run_address>
         <size>0xd6</size>
         <input_file_ref idref="fl-9e"/>
      </object_component>
      <object_component id="oc-5a">
         <name>.debug_info</name>
         <load_address>0x15a8</load_address>
         <run_address>0x15a8</run_address>
         <size>0x53</size>
         <input_file_ref idref="fl-8e"/>
      </object_component>
      <object_component id="oc-60">
         <name>.debug_info</name>
         <load_address>0x15fb</load_address>
         <run_address>0x15fb</run_address>
         <size>0x53</size>
         <input_file_ref idref="fl-90"/>
      </object_component>
      <object_component id="oc-66">
         <name>.debug_info</name>
         <load_address>0x164e</load_address>
         <run_address>0x164e</run_address>
         <size>0x2f2</size>
         <input_file_ref idref="fl-8f"/>
      </object_component>
      <object_component id="oc-6a">
         <name>.debug_info</name>
         <load_address>0x1940</load_address>
         <run_address>0x1940</run_address>
         <size>0x1d7</size>
         <input_file_ref idref="fl-8f"/>
      </object_component>
      <object_component id="oc-6b">
         <name>.debug_info</name>
         <load_address>0x1b17</load_address>
         <run_address>0x1b17</run_address>
         <size>0x46</size>
         <input_file_ref idref="fl-8f"/>
      </object_component>
      <object_component id="oc-71">
         <name>.debug_info</name>
         <load_address>0x1b5d</load_address>
         <run_address>0x1b5d</run_address>
         <size>0xdc</size>
         <input_file_ref idref="fl-9"/>
      </object_component>
      <object_component id="oc-74">
         <name>.debug_info</name>
         <load_address>0x1c39</load_address>
         <run_address>0x1c39</run_address>
         <size>0xa620</size>
         <input_file_ref idref="fl-9"/>
      </object_component>
      <object_component id="oc-79">
         <name>.debug_info</name>
         <load_address>0xc259</load_address>
         <run_address>0xc259</run_address>
         <size>0x106</size>
         <input_file_ref idref="fl-98"/>
      </object_component>
      <object_component id="oc-7d">
         <name>.debug_info</name>
         <load_address>0xc35f</load_address>
         <run_address>0xc35f</run_address>
         <size>0x127</size>
         <input_file_ref idref="fl-a1"/>
      </object_component>
      <object_component id="oc-81">
         <name>.debug_info</name>
         <load_address>0xc486</load_address>
         <run_address>0xc486</run_address>
         <size>0x94</size>
         <input_file_ref idref="fl-2"/>
      </object_component>
      <object_component id="oc-89">
         <name>.debug_info</name>
         <load_address>0xc51a</load_address>
         <run_address>0xc51a</run_address>
         <size>0x923</size>
         <input_file_ref idref="fl-9"/>
      </object_component>
      <object_component id="oc-8b">
         <name>.debug_info</name>
         <load_address>0xce3d</load_address>
         <run_address>0xce3d</run_address>
         <size>0x1508</size>
         <input_file_ref idref="fl-d"/>
      </object_component>
      <object_component id="oc-90">
         <name>.debug_info</name>
         <load_address>0xe345</load_address>
         <run_address>0xe345</run_address>
         <size>0xa74</size>
         <input_file_ref idref="fl-d"/>
      </object_component>
      <object_component id="oc-91">
         <name>.debug_info</name>
         <load_address>0xedb9</load_address>
         <run_address>0xedb9</run_address>
         <size>0xbb</size>
         <input_file_ref idref="fl-2"/>
      </object_component>
      <object_component id="oc-97">
         <name>.debug_info</name>
         <load_address>0xee74</load_address>
         <run_address>0xee74</run_address>
         <size>0x118</size>
         <input_file_ref idref="fl-c"/>
      </object_component>
      <object_component id="oc-99">
         <name>.debug_info</name>
         <load_address>0xef8c</load_address>
         <run_address>0xef8c</run_address>
         <size>0xd8</size>
         <input_file_ref idref="fl-a"/>
      </object_component>
      <object_component id="oc-9c">
         <name>.debug_info</name>
         <load_address>0xf064</load_address>
         <run_address>0xf064</run_address>
         <size>0xdb</size>
         <input_file_ref idref="fl-10"/>
      </object_component>
      <object_component id="oc-9e">
         <name>.debug_info</name>
         <load_address>0xf13f</load_address>
         <run_address>0xf13f</run_address>
         <size>0x661</size>
         <input_file_ref idref="fl-b"/>
      </object_component>
      <object_component id="oc-a0">
         <name>.debug_info</name>
         <load_address>0xf7a0</load_address>
         <run_address>0xf7a0</run_address>
         <size>0xf6</size>
         <input_file_ref idref="fl-f"/>
      </object_component>
      <object_component id="oc-a2">
         <name>.debug_info</name>
         <load_address>0xf896</load_address>
         <run_address>0xf896</run_address>
         <size>0x9d9</size>
         <input_file_ref idref="fl-10"/>
      </object_component>
      <object_component id="oc-a7">
         <name>.debug_info</name>
         <load_address>0x1026f</load_address>
         <run_address>0x1026f</run_address>
         <size>0xba5</size>
         <input_file_ref idref="fl-10"/>
      </object_component>
      <object_component id="oc-ac">
         <name>.debug_info</name>
         <load_address>0x10e14</load_address>
         <run_address>0x10e14</run_address>
         <size>0x10a</size>
         <input_file_ref idref="fl-8d"/>
      </object_component>
      <object_component id="oc-af">
         <name>.debug_info</name>
         <load_address>0x10f1e</load_address>
         <run_address>0x10f1e</run_address>
         <size>0x16a</size>
         <input_file_ref idref="fl-c0"/>
      </object_component>
      <object_component id="oc-b1">
         <name>.debug_info</name>
         <load_address>0x11088</load_address>
         <run_address>0x11088</run_address>
         <size>0x18e</size>
         <input_file_ref idref="fl-b2"/>
      </object_component>
      <object_component id="oc-b5">
         <name>.debug_info</name>
         <load_address>0x11216</load_address>
         <run_address>0x11216</run_address>
         <size>0x164</size>
         <input_file_ref idref="fl-bd"/>
      </object_component>
      <object_component id="oc-b9">
         <name>.debug_info</name>
         <load_address>0x1137a</load_address>
         <run_address>0x1137a</run_address>
         <size>0x15f</size>
         <input_file_ref idref="fl-b1"/>
      </object_component>
      <object_component id="oc-be">
         <name>.debug_info</name>
         <load_address>0x114d9</load_address>
         <run_address>0x114d9</run_address>
         <size>0x1d83</size>
         <input_file_ref idref="fl-c"/>
      </object_component>
      <object_component id="oc-c3">
         <name>.debug_info</name>
         <load_address>0x1325c</load_address>
         <run_address>0x1325c</run_address>
         <size>0x94</size>
         <input_file_ref idref="fl-8d"/>
      </object_component>
      <object_component id="oc-c9">
         <name>.debug_info</name>
         <load_address>0x132f0</load_address>
         <run_address>0x132f0</run_address>
         <size>0x127</size>
         <input_file_ref idref="fl-95"/>
      </object_component>
      <object_component id="oc-cb">
         <name>.debug_info</name>
         <load_address>0x13417</load_address>
         <run_address>0x13417</run_address>
         <size>0x11e</size>
         <input_file_ref idref="fl-95"/>
      </object_component>
      <object_component id="oc-cf">
         <name>.debug_info</name>
         <load_address>0x13535</load_address>
         <run_address>0x13535</run_address>
         <size>0x8d</size>
         <input_file_ref idref="fl-8e"/>
      </object_component>
      <object_component id="oc-d5">
         <name>.debug_info</name>
         <load_address>0x135c2</load_address>
         <run_address>0x135c2</run_address>
         <size>0x46</size>
         <input_file_ref idref="fl-8e"/>
      </object_component>
      <object_component id="oc-da">
         <name>.debug_info</name>
         <load_address>0x13608</load_address>
         <run_address>0x13608</run_address>
         <size>0xe5</size>
         <input_file_ref idref="fl-8e"/>
      </object_component>
      <object_component id="oc-db">
         <name>.debug_info</name>
         <load_address>0x136ed</load_address>
         <run_address>0x136ed</run_address>
         <size>0x2c</size>
         <input_file_ref idref="fl-8f"/>
      </object_component>
      <object_component id="oc-e0">
         <name>.debug_info</name>
         <load_address>0x13719</load_address>
         <run_address>0x13719</run_address>
         <size>0x1cd</size>
         <input_file_ref idref="fl-90"/>
      </object_component>
      <object_component id="oc-e6">
         <name>.debug_info</name>
         <load_address>0x138e6</load_address>
         <run_address>0x138e6</run_address>
         <size>0x1183</size>
         <input_file_ref idref="fl-9"/>
      </object_component>
      <object_component id="oc-ec">
         <name>.debug_info</name>
         <load_address>0x14a69</load_address>
         <run_address>0x14a69</run_address>
         <size>0xd1</size>
         <input_file_ref idref="fl-9"/>
      </object_component>
      <object_component id="oc-ee">
         <name>.debug_info</name>
         <load_address>0x14b3a</load_address>
         <run_address>0x14b3a</run_address>
         <size>0xd7</size>
         <input_file_ref idref="fl-9"/>
      </object_component>
      <object_component id="oc-f0">
         <name>.debug_info</name>
         <load_address>0x14c11</load_address>
         <run_address>0x14c11</run_address>
         <size>0xd7</size>
         <input_file_ref idref="fl-9"/>
      </object_component>
      <object_component id="oc-f2">
         <name>.debug_info</name>
         <load_address>0x14ce8</load_address>
         <run_address>0x14ce8</run_address>
         <size>0xd0</size>
         <input_file_ref idref="fl-9"/>
      </object_component>
      <object_component id="oc-f4">
         <name>.debug_info</name>
         <load_address>0x14db8</load_address>
         <run_address>0x14db8</run_address>
         <size>0xde</size>
         <input_file_ref idref="fl-9"/>
      </object_component>
      <object_component id="oc-f6">
         <name>.debug_info</name>
         <load_address>0x14e96</load_address>
         <run_address>0x14e96</run_address>
         <size>0xc8</size>
         <input_file_ref idref="fl-9"/>
      </object_component>
      <object_component id="oc-f8">
         <name>.debug_info</name>
         <load_address>0x14f5e</load_address>
         <run_address>0x14f5e</run_address>
         <size>0xe6</size>
         <input_file_ref idref="fl-9"/>
      </object_component>
      <object_component id="oc-fa">
         <name>.debug_info</name>
         <load_address>0x15044</load_address>
         <run_address>0x15044</run_address>
         <size>0xdc</size>
         <input_file_ref idref="fl-9"/>
      </object_component>
      <object_component id="oc-fc">
         <name>.debug_info</name>
         <load_address>0x15120</load_address>
         <run_address>0x15120</run_address>
         <size>0xdc</size>
         <input_file_ref idref="fl-9"/>
      </object_component>
      <object_component id="oc-fe">
         <name>.debug_info</name>
         <load_address>0x151fc</load_address>
         <run_address>0x151fc</run_address>
         <size>0xe8</size>
         <input_file_ref idref="fl-9"/>
      </object_component>
      <object_component id="oc-100">
         <name>.debug_info</name>
         <load_address>0x152e4</load_address>
         <run_address>0x152e4</run_address>
         <size>0xd6</size>
         <input_file_ref idref="fl-9"/>
      </object_component>
      <object_component id="oc-102">
         <name>.debug_info</name>
         <load_address>0x153ba</load_address>
         <run_address>0x153ba</run_address>
         <size>0xda</size>
         <input_file_ref idref="fl-9"/>
      </object_component>
      <object_component id="oc-104">
         <name>.debug_info</name>
         <load_address>0x15494</load_address>
         <run_address>0x15494</run_address>
         <size>0xd0</size>
         <input_file_ref idref="fl-9"/>
      </object_component>
      <object_component id="oc-106">
         <name>.debug_info</name>
         <load_address>0x15564</load_address>
         <run_address>0x15564</run_address>
         <size>0xd6</size>
         <input_file_ref idref="fl-9"/>
      </object_component>
      <object_component id="oc-108">
         <name>.debug_info</name>
         <load_address>0x1563a</load_address>
         <run_address>0x1563a</run_address>
         <size>0x11c</size>
         <input_file_ref idref="fl-92"/>
      </object_component>
      <object_component id="oc-10c">
         <name>.debug_info</name>
         <load_address>0x15756</load_address>
         <run_address>0x15756</run_address>
         <size>0x106</size>
         <input_file_ref idref="fl-97"/>
      </object_component>
      <object_component id="oc-110">
         <name>.debug_info</name>
         <load_address>0x1585c</load_address>
         <run_address>0x1585c</run_address>
         <size>0xc9</size>
         <input_file_ref idref="fl-94"/>
      </object_component>
      <object_component id="oc-114">
[...]
      <symbol id="sm-d8a">
         <name>dspUartIsr</name>
         <value>0x10811f60</value>
         <object_component_ref idref="oc-35"/>
      </symbol>
      <symbol id="sm-d8b">
         <name>fifoOpen</name>
         <value>0x1080d2e0</value>
         <object_component_ref idref="oc-8a"/>
      </symbol>
      <symbol id="sm-d8c">
         <name>uartInit</name>
         <value>0x1080da20</value>
         <object_component_ref idref="oc-8a"/>
      </symbol>
      <symbol id="sm-d8d">
         <name>s_fifo8</name>
         <value>0x10819ab0</value>
         <object_component_ref idref="oc-14f"/>
      </symbol>
      <symbol id="sm-d8e">
         <name>fifoRead</name>
         <value>0x1080d410</value>
         <object_component_ref idref="oc-8a"/>
      </symbol>
      <symbol id="sm-d8f">
         <name>dspUartRece</name>
         <value>0x1080d984</value>
         <object_component_ref idref="oc-8a"/>
      </symbol>
      <symbol id="sm-d90">
         <name>fifoWrite</name>
         <value>0x1080d330</value>
         <object_component_ref idref="oc-8a"/>
      </symbol>
      <symbol id="sm-d91">
         <name>uartprintf</name>
         <value>0x1080daec</value>
         <object_component_ref idref="oc-8a"/>
      </symbol>
      <symbol id="sm-da8">
         <name>vectors</name>
         <value>0x800000</value>
         <object_component_ref idref="oc-31"/>
      </symbol>
      <symbol id="sm-e1a">
         <name>uiaDescriptorAccumulationList</name>
         <value>0x10819ce0</value>
         <object_component_ref idref="oc-9f"/>
      </symbol>
      <symbol id="sm-ee2">
         <name>doorbell_msg_str</name>
         <value>0x1081b5d0</value>
         <object_component_ref idref="oc-9b"/>
      </symbol>
      <symbol id="sm-ee3">
         <name>interrupt_cfg</name>
         <value>0x10819dcc</value>
         <object_component_ref idref="oc-1f3"/>
      </symbol>
      <symbol id="sm-ee4">
         <name>SRIO_Doorbell_ISR</name>
         <value>0x1080f900</value>
         <object_component_ref idref="oc-3a"/>
      </symbol>
      <symbol id="sm-ee5">
         <name>interrupt_map</name>
         <value>0x1081b448</value>
         <object_component_ref idref="oc-1f5"/>
      </symbol>
      <symbol id="sm-ee6">
         <name>SRIO_Message_ISR</name>
         <value>0x1080fbc8</value>
         <object_component_ref idref="oc-3a"/>
      </symbol>
      <symbol id="sm-ee7">
         <name>SRIO_Interrupts_Init</name>
         <value>0x1081238c</value>
         <object_component_ref idref="oc-a1"/>
      </symbol>
      <symbol id="sm-f54">
         <name>GPIO_loopback_test</name>
         <value>0x10812c30</value>
         <object_component_ref idref="oc-2b5"/>
      </symbol>
      <symbol id="sm-f55">
         <name>GPIO_init</name>
         <value>0x10812b38</value>
         <object_component_ref idref="oc-2b5"/>
      </symbol>
      <symbol id="sm-f56">
         <name>check_GPIO</name>
         <value>0x10812b80</value>
         <object_component_ref idref="oc-2b5"/>
      </symbol>
      <symbol id="sm-f57">
         <name>GPIO_ISR</name>
         <value>0x10813320</value>
         <object_component_ref idref="oc-3f"/>
      </symbol>
      <symbol id="sm-f58">
         <name>GPIO_Interrupts_Init</name>
         <value>0x10812ac0</value>
         <object_component_ref idref="oc-2b5"/>
      </symbol>
      <symbol id="sm-f59">
         <name>num_GPIO</name>
         <value>0x1081b7a4</value>
         <object_component_ref idref="oc-65b"/>
      </symbol>
      <symbol id="sm-105f">
         <name>fpgaSpiRead</name>
         <value>0x1080bc44</value>
         <object_component_ref idref="oc-2ac"/>
      </symbol>
      <symbol id="sm-1060">
         <name>SpiRecv</name>
         <value>0x1080bf30</value>
         <object_component_ref idref="oc-2ac"/>
      </symbol>
      <symbol id="sm-1061">
         <name>rs422Read</name>
         <value>0x1080b850</value>
         <object_component_ref idref="oc-2ac"/>
      </symbol>
      <symbol id="sm-1062">
         <name>RS422_RECV_FIFO</name>
         <value>0x10818810</value>
         <object_component_ref idref="oc-63c"/>
      </symbol>
      <symbol id="sm-1063">
         <name>Rs422Recv</name>
         <value>0x1080be34</value>
         <object_component_ref idref="oc-2ac"/>
      </symbol>
      <symbol id="sm-1064">
         <name>rs422Trans</name>
         <value>0x1080ba54</value>
         <object_component_ref idref="oc-2ac"/>
      </symbol>
      <symbol id="sm-1065">
         <name>rs422Write</name>
         <value>0x1080ba8c</value>
         <object_component_ref idref="oc-2ac"/>
      </symbol>
      <symbol id="sm-1066">
         <name>fpgaSpiInit</name>
         <value>0x1080bbf4</value>
         <object_component_ref idref="oc-2ac"/>
      </symbol>
      <symbol id="sm-1067">
         <name>softWareInfo</name>
         <value>0x108187f0</value>
         <object_component_ref idref="oc-63c"/>
      </symbol>
      <symbol id="sm-1068">
         <name>Spi_Rs422Isr</name>
         <value>0x1080c030</value>
         <object_component_ref idref="oc-2ac"/>
      </symbol>
      <symbol id="sm-1069">
         <name>big2little</name>
         <value>0x1080c294</value>
         <object_component_ref idref="oc-2ac"/>
      </symbol>
      <symbol id="sm-106a">
         <name>fpgaSpiWrite</name>
         <value>0x1080bd08</value>
         <object_component_ref idref="oc-2ac"/>
      </symbol>
      <symbol id="sm-106b">
         <name>SPI_RECV_FIFO</name>
         <value>0x108191d0</value>
         <object_component_ref idref="oc-63c"/>
      </symbol>
      <symbol id="sm-106c">
         <name>fpgaVerGet</name>
         <value>0x1080b5a0</value>
         <object_component_ref idref="oc-2ac"/>
      </symbol>
      <symbol id="sm-106d">
         <name>GetFifoNum</name>
         <value>0x1080b64c</value>
         <object_component_ref idref="oc-2ac"/>
      </symbol>
      <symbol id="sm-106e">
         <name>Keystone_SRIO_DirectIO</name>
         <value>0x1080c1e4</value>
         <object_component_ref idref="oc-2ac"/>
      </symbol>
      <symbol id="sm-106f">
         <name>rs422Init</name>
         <value>0x1080b7e8</value>
         <object_component_ref idref="oc-2ac"/>
      </symbol>
      <symbol id="sm-108a">
         <name>_c_int00</name>
         <value>0x10815f20</value>
         <object_component_ref idref="oc-18"/>
      </symbol>
      <symbol id="sm-108b">
         <name>_stack</name>
         <value>0x10819df8</value>
         <object_component_ref idref="oc-44"/>
      </symbol>
      <symbol id="sm-10a4">
         <name>__TI_decompress_none</name>
         <value>0x108166c0</value>
         <object_component_ref idref="oc-1c"/>
      </symbol>
      <symbol id="sm-10c5">
         <name>__TI_decompress_rle24</name>
         <value>0x108166e0</value>
         <object_component_ref idref="oc-24"/>
      </symbol>
      <symbol id="sm-10d5">
         <name>__TI_zero_init</name>
         <value>0x10814c80</value>
         <object_component_ref idref="oc-20"/>
      </symbol>
      <symbol id="sm-10e8">
         <name>__c6xabi_divd</name>
         <value>0x1080ed80</value>
         <object_component_ref idref="oc-124"/>
      </symbol>
      <symbol id="sm-10f5">
         <name>__c6xabi_divf</name>
         <value>0x108117e0</value>
         <object_component_ref idref="oc-107"/>
      </symbol>
      <symbol id="sm-10fe">
         <name>__c6xabi_divu</name>
         <value>0x10815240</value>
         <object_component_ref idref="oc-10f"/>
      </symbol>
      <symbol id="sm-10ff">
         <name>__divu</name>
         <value>0x10815240</value>
         <object_component_ref idref="oc-10f"/>
      </symbol>
      <symbol id="sm-111e">
         <name>C$$EXIT</name>
         <value>0x108166a0</value>
         <object_component_ref idref="oc-ca"/>
      </symbol>
      <symbol id="sm-111f">
         <name>_dtors_ptr</name>
         <value>0x1081b618</value>
         <object_component_ref idref="oc-c8"/>
      </symbol>
      <symbol id="sm-1120">
         <name>abort</name>
         <value>0x108166a0</value>
         <object_component_ref idref="oc-ca"/>
      </symbol>
      <symbol id="sm-1121">
         <name>_cleanup_ptr</name>
         <value>0x1081b614</value>
         <object_component_ref idref="oc-c8"/>
      </symbol>
      <symbol id="sm-1122">
         <name>exit</name>
         <value>0x10815480</value>
         <object_component_ref idref="oc-50"/>
      </symbol>
      <symbol id="sm-1123">
         <name>__TI_enable_exit_profile_output</name>
         <value>0x1081b61c</value>
         <object_component_ref idref="oc-c8"/>
      </symbol>
      <symbol id="sm-112e">
         <name>__c6xabi_fixfu</name>
         <value>0x10815e20</value>
         <object_component_ref idref="oc-10b"/>
      </symbol>
      <symbol id="sm-1163">
         <name>puts</name>
         <value>0x10816580</value>
         <object_component_ref idref="oc-78"/>
      </symbol>
      <symbol id="sm-1164">
         <name>fputs</name>
         <value>0x10810ba0</value>
         <object_component_ref idref="oc-137"/>
      </symbol>
      <symbol id="sm-116b">
         <name>__c6xabi_frcmpyd_div</name>
         <value>0x10816100</value>
         <object_component_ref idref="oc-2f5"/>
      </symbol>
      <symbol id="sm-117e">
         <name>_subcull</name>
         <value>0x108161c0</value>
         <object_component_ref idref="oc-2e6"/>
      </symbol>
      <symbol id="sm-117f">
         <name>__c6xabi_divull</name>
         <value>0x10812400</value>
         <object_component_ref idref="oc-113"/>
      </symbol>
      <symbol id="sm-1195">
         <name>__c6xabi_llshru</name>
         <value>0x10816160</value>
         <object_component_ref idref="oc-2ea"/>
      </symbol>
      <symbol id="sm-1196">
         <name>__c6xabi_llshl</name>
         <value>0x10815ea0</value>
         <object_component_ref idref="oc-2e2"/>
      </symbol>
      <symbol id="sm-11ef">
         <name>lseek</name>
         <value>0x10815b00</value>
         <object_component_ref idref="oc-7eb"/>
      </symbol>
      <symbol id="sm-11f0">
         <name>write</name>
         <value>0x10815d80</value>
         <object_component_ref idref="oc-357"/>
      </symbol>
      <symbol id="sm-11f1">
         <name>close</name>
         <value>0x10814ba0</value>
         <object_component_ref idref="oc-8e5"/>
      </symbol>
      <symbol id="sm-11f2">
         <name>unlink</name>
         <value>0x10816020</value>
         <object_component_ref idref="oc-8e9"/>
      </symbol>
      <symbol id="sm-1203">
         <name>memcmp</name>
         <value>0x10816280</value>
         <object_component_ref idref="oc-2b1"/>
      </symbol>
      <symbol id="sm-120a">
         <name>memcpy</name>
         <value>0x10815ba0</value>
         <object_component_ref idref="oc-55"/>
      </symbol>
      <symbol id="sm-1215">
         <name>memset</name>
         <value>0x10814e40</value>
         <object_component_ref idref="oc-120"/>
      </symbol>
      <symbol id="sm-1221">
         <name>__c6xabi_negll</name>
         <value>0x10816600</value>
         <object_component_ref idref="oc-832"/>
      </symbol>
      <symbol id="sm-123c">
         <name>printf</name>
         <value>0x10814f20</value>
         <object_component_ref idref="oc-7c"/>
      </symbol>
      <symbol id="sm-1244">
         <name>__remi</name>
         <value>0x10815300</value>
         <object_component_ref idref="oc-63f"/>
      </symbol>
      <symbol id="sm-1245">
         <name>__c6xabi_remi</name>
         <value>0x10815300</value>
         <object_component_ref idref="oc-63f"/>
      </symbol>
      <symbol id="sm-124d">
         <name>__remu</name>
         <value>0x108156a0</value>
         <object_component_ref idref="oc-159"/>
      </symbol>
      <symbol id="sm-124e">
         <name>__c6xabi_remu</name>
         <value>0x108156a0</value>
         <object_component_ref idref="oc-159"/>
      </symbol>
      <symbol id="sm-1255">
         <name>__c6xabi_strasgi_64plus</name>
         <value>0x108164c0</value>
         <object_component_ref idref="oc-11c"/>
      </symbol>
      <symbol id="sm-1256">
         <name>__strasgi_64plus</name>
         <value>0x108164c0</value>
         <object_component_ref idref="oc-11c"/>
      </symbol>
      <symbol id="sm-1265">
         <name>strlen</name>
         <value>0x108165c0</value>
         <object_component_ref idref="oc-15d"/>
      </symbol>
      <symbol id="sm-1277">
         <name>strncmp</name>
         <value>0x108162e0</value>
         <object_component_ref idref="oc-165"/>
      </symbol>
      <symbol id="sm-12b4">
         <name>HOSTrename</name>
         <value>0x108138e0</value>
         <object_component_ref idref="oc-8ac"/>
      </symbol>
      <symbol id="sm-12b5">
         <name>HOSTclose</name>
         <value>0x10815600</value>
         <object_component_ref idref="oc-898"/>
      </symbol>
      <symbol id="sm-12b6">
         <name>HOSTunlink</name>
         <value>0x108150c0</value>
         <object_component_ref idref="oc-8a8"/>
      </symbol>
      <symbol id="sm-12b7">
         <name>HOSTlseek</name>
         <value>0x10814500</value>
         <object_component_ref idref="oc-8a4"/>
      </symbol>
      <symbol id="sm-12b8">
         <name>HOSTopen</name>
         <value>0x10814900</value>
         <object_component_ref idref="oc-894"/>
      </symbol>
      <symbol id="sm-12b9">
         <name>HOSTwrite</name>
         <value>0x10815180</value>
         <object_component_ref idref="oc-8a0"/>
      </symbol>
      <symbol id="sm-12ba">
         <name>HOSTread</name>
         <value>0x10815000</value>
         <object_component_ref idref="oc-89c"/>
      </symbol>
      <symbol id="sm-12cf">
         <name>writemsg</name>
         <value>0x108163a0</value>
         <object_component_ref idref="oc-8f8"/>
      </symbol>
      <symbol id="sm-12d0">
         <name>C$$IO$$</name>
         <value>0x108163f8</value>
         <object_component_ref idref="oc-8f8"/>
      </symbol>
      <symbol id="sm-12d1">
         <name>__CIOBUF_</name>
         <value>0x1081b7b0</value>
         <object_component_ref idref="oc-924"/>
      </symbol>
      <symbol id="sm-12d2">
         <name>readmsg</name>
         <value>0x10815fa0</value>
         <object_component_ref idref="oc-8fc"/>
      </symbol>
      <symbol id="sm-12e8">
         <name>vsprintf</name>
         <value>0x10816340</value>
         <object_component_ref idref="oc-161"/>
      </symbol>
      <symbol id="sm-12f7">
         <name>_wrt_ok</name>
         <value>0x10814700</value>
         <object_component_ref idref="oc-34f"/>
      </symbol>
      <symbol id="sm-1305">
         <name>_nop</name>
         <value>0x10816620</value>
         <object_component_ref idref="oc-363"/>
      </symbol>
      <symbol id="sm-1306">
         <name>_lock</name>
         <value>0x1081b670</value>
         <object_component_ref idref="oc-13d"/>
      </symbol>
      <symbol id="sm-1307">
         <name>_unlock</name>
         <value>0x1081b674</value>
         <object_component_ref idref="oc-13d"/>
      </symbol>
      <symbol id="sm-144d">
         <name>_printfi</name>
         <value>0x1080fea0</value>
         <object_component_ref idref="oc-147"/>
      </symbol>
      <symbol id="sm-1455">
         <name>_args_main</name>
         <value>0x10816500</value>
         <object_component_ref idref="oc-4c"/>
      </symbol>
      <symbol id="sm-1463">
         <name>atoi</name>
         <value>0x10814ac0</value>
         <object_component_ref idref="oc-68b"/>
      </symbol>
      <symbol id="sm-146f">
         <name>_auto_init_elf</name>
         <value>0x10814600</value>
         <object_component_ref idref="oc-48"/>
      </symbol>
      <symbol id="sm-1479">
         <name>__TI_cpp_init</name>
         <value>0x108160a0</value>
         <object_component_ref idref="oc-b8"/>
      </symbol>
      <symbol id="sm-148e">
         <name>copy_in</name>
         <value>0x10814800</value>
         <object_component_ref idref="oc-b0"/>
      </symbol>
      <symbol id="sm-1497">
         <name>_ctypes_</name>
         <value>0x10818588</value>
         <object_component_ref idref="oc-815"/>
      </symbol>
      <symbol id="sm-14a8">
         <name>_tmpnams</name>
         <value>0x10819ac0</value>
         <object_component_ref idref="oc-8ed"/>
      </symbol>
      <symbol id="sm-14a9">
         <name>_ftable</name>
         <value>0x1081adf8</value>
         <object_component_ref idref="oc-134"/>
      </symbol>
      <symbol id="sm-14aa">
         <name>_ft_end</name>
         <value>0x1081b104</value>
         <object_component_ref idref="oc-87b"/>
      </symbol>
      <symbol id="sm-14b7">
         <name>_doflush</name>
         <value>0x108153c0</value>
         <object_component_ref idref="oc-353"/>
      </symbol>
      <symbol id="sm-14d2">
         <name>fputc</name>
         <value>0x10812f00</value>
         <object_component_ref idref="oc-36b"/>
      </symbol>
      <symbol id="sm-14e3">
         <name>fseek</name>
         <value>0x108143e0</value>
         <object_component_ref idref="oc-675"/>
      </symbol>
      <symbol id="sm-14ec">
         <name>__c6xabi_divul</name>
         <value>0x10813a80</value>
         <object_component_ref idref="oc-913"/>
      </symbol>
      <symbol id="sm-14f3">
         <name>__c6xabi_isinf</name>
         <value>0x10816440</value>
         <object_component_ref idref="oc-81d"/>
      </symbol>
      <symbol id="sm-14fd">
         <name>ltoa</name>
         <value>0x10814d60</value>
         <object_component_ref idref="oc-90a"/>
      </symbol>
      <symbol id="sm-150a">
         <name>memccpy</name>
         <value>0x10816220</value>
         <object_component_ref idref="oc-698"/>
      </symbol>
      <symbol id="sm-1520">
         <name>setvbuf</name>
         <value>0x10813520</value>
         <object_component_ref idref="oc-679"/>
      </symbol>
      <symbol id="sm-152d">
         <name>__TI_tls_init</name>
         <value>0x10815540</value>
         <object_component_ref idref="oc-b4"/>
      </symbol>
      <symbol id="sm-1539">
         <name>_cleanup</name>
         <value>0x10815740</value>
         <object_component_ref idref="oc-7f1"/>
      </symbol>
      <symbol id="sm-158a">
         <name>_sys_memory</name>
         <value>0xc01a800</value>
         <object_component_ref idref="oc-46"/>
      </symbol>
      <symbol id="sm-158b">
         <name>free</name>
         <value>0x10811ce0</value>
         <object_component_ref idref="oc-7f5"/>
      </symbol>
      <symbol id="sm-158c">
         <name>malloc</name>
         <value>0x10813da0</value>
         <object_component_ref idref="oc-7f9"/>
      </symbol>
      <symbol id="sm-158d">
         <name>_minit</name>
         <value>0x10815920</value>
         <object_component_ref idref="oc-88d"/>
      </symbol>
      <symbol id="sm-159f">
         <name>_closefile</name>
         <value>0x108141a0</value>
         <object_component_ref idref="oc-87d"/>
      </symbol>
      <symbol id="sm-15a1">
         <name>__TI_STATIC_BASE</name>
         <value>0x1081b678</value>
      </symbol>
      <symbol id="sm-15a2">
         <name>__TI_args_main</name>
         <value>0x1</value>
      </symbol>
      <symbol id="sm-15a3">
         <name>__TI_INITARRAY_Base</name>
         <value>0x0</value>
      </symbol>
      <symbol id="sm-15a4">
         <name>__TI_INITARRAY_Limit</name>
         <value>0x0</value>
      </symbol>
      <symbol id="sm-15a5">
         <name>__TI_TLS_INIT_Base</name>
         <value>0x0</value>
      </symbol>
      <symbol id="sm-15a6">
         <name>__TI_TLS_INIT_Limit</name>
         <value>0x0</value>
      </symbol>
      <symbol id="sm-15a9">
         <name>remove</name>
         <value>0x10816020</value>
      </symbol>
   </symbol_table>
</link_info>
